#
# There is insufficient memory for the Java Runtime Environment to continue.
# Native memory allocation (malloc) failed to allocate 245696 bytes. Error detail: Chunk::new
# Possible reasons:
#   The system is out of physical RAM or swap space
#   This process is running with CompressedOops enabled, and the Java Heap may be blocking the growth of the native heap
# Possible solutions:
#   Reduce memory load on the system
#   Increase physical memory or swap space
#   Check if swap backing store is full
#   Decrease Java heap size (-Xmx/-Xms)
#   Decrease number of Java threads
#   Decrease Java thread stack sizes (-Xss)
#   Set larger code cache with -XX:ReservedCodeCacheSize=
#   JVM is running with Unscaled Compressed Oops mode in which the Java heap is
#     placed in the first 4GB address space. The Java Heap base address is the
#     maximum limit for the native heap growth. Please use -XX:HeapBaseMinAddress
#     to set the Java Heap base and to place the Java Heap above 4GB virtual address.
# This output file may be truncated or incomplete.
#
#  Out of Memory Error (arena.cpp:168), pid=716, tid=13008
#
# JRE version: OpenJDK Runtime Environment Temurin-21.0.12.1+1 (21.0.12.1+1) (build 21.0.12.1+1-LTS)
# Java VM: OpenJDK 64-Bit Server VM Temurin-21.0.12.1+1 (21.0.12.1+1-LTS, mixed mode, sharing, tiered, compressed oops, compressed class ptrs, parallel gc, windows-amd64)
# No core dump will be written. Minidumps are not enabled by default on client versions of Windows
#

---------------  S U M M A R Y ------------

Command Line: --add-modules=ALL-SYSTEM --add-opens=java.base/java.util=ALL-UNNAMED --add-opens=java.base/java.lang=ALL-UNNAMED --add-opens=java.base/sun.nio.fs=ALL-UNNAMED -Declipse.application=org.eclipse.jdt.ls.core.id1 -Dosgi.bundles.defaultStartLevel=4 -Declipse.product=org.eclipse.jdt.ls.core.product -Djava.import.generatesMetadataFilesAtProjectRoot=false -Dm2e.project.cache.size=50 -DDetectVMInstallationsJob.disabled=true -Dfile.encoding=utf8 -XX:+UseParallelGC -XX:GCTimeRatio=4 -XX:AdaptiveSizePolicyWeight=90 -Dsun.zip.disableMemoryMapping=true -Xmx2G -Xms100m -Xlog:disable -javaagent:c:\Users\NGUYEN THUY NGAN\.antigravity-ide\extensions\redhat.java-1.56.0-win32-x64\lombok\lombok-1.18.39-4050.jar -XX:+HeapDumpOnOutOfMemoryError -XX:HeapDumpPath=c:\Users\NGUYEN THUY NGAN\AppData\Roaming\Antigravity IDE\User\workspaceStorage\391c46ba826a0c25757ba3b2896ac83f\redhat.java -Daether.dependencyCollector.impl=bf c:\Users\NGUYEN THUY NGAN\.antigravity-ide\extensions\redhat.java-1.56.0-win32-x64\server\plugins\org.eclipse.equinox.launcher_1.8.0.v20260804-1928.jar -configuration c:\Users\NGUYEN THUY NGAN\AppData\Roaming\Antigravity IDE\User\globalStorage\redhat.java\1.56.0\config_win -data c:\Users\NGUYEN THUY NGAN\AppData\Roaming\Antigravity IDE\User\workspaceStorage\391c46ba826a0c25757ba3b2896ac83f\redhat.java\jdt_ws --stdio

Host: 13th Gen Intel(R) Core(TM) i7-1355U, 12 cores, 15G,  Windows 11 , 64 bit Build 26100 (10.0.26100.9444)
Time: Tue Sep 15 14:50:29 2026 SE Asia Standard Time elapsed time: 1.120323 seconds (0d 0h 0m 1s)

---------------  T H R E A D  ---------------

Current thread (0x0000018ced1f2ec0):  JavaThread "C2 CompilerThread1" daemon [_thread_in_native, id=13008, stack(0x0000007a53c00000,0x0000007a53d00000) (1024K)]


Current CompileTask:
C2:1120  644       4       lombok.patcher.PatchScript::classMatches (41 bytes)

Stack: [0x0000007a53c00000,0x0000007a53d00000]
Native frames: (J=compiled Java code, j=interpreted, Vv=VM code, C=native code)
V  [jvm.dll+0x6d83e9]
V  [jvm.dll+0x8b5736]
V  [jvm.dll+0x8b7cee]
V  [jvm.dll+0x8b83d3]
V  [jvm.dll+0x284596]
V  [jvm.dll+0xc685d]
V  [jvm.dll+0xc6da1]
V  [jvm.dll+0x2fb5ae]
V  [jvm.dll+0x5fee94]
V  [jvm.dll+0x255d67]
V  [jvm.dll+0x25612d]
V  [jvm.dll+0x24e6a0]
V  [jvm.dll+0x24bbe6]
V  [jvm.dll+0x1cb4ae]
V  [jvm.dll+0x25baad]
V  [jvm.dll+0x25a03a]
V  [jvm.dll+0x3f8aae]
V  [jvm.dll+0x8600cd]
V  [jvm.dll+0x6d6c1d]
C  [ucrtbase.dll+0x2cd30]
C  [KERNEL32.DLL+0x2cd87]
C  [ntdll.dll+0xacaec]


---------------  P R O C E S S  ---------------

Threads class SMR info:
_java_thread_list=0x0000018ced3647e0, length=13, elements={
0x0000018c8d0574d0, 0x0000018ca5bda8e0, 0x0000018ced000080, 0x0000018ced0044f0,
0x0000018ced005150, 0x0000018ced009220, 0x0000018ced00e160, 0x0000018ced014810,
0x0000018ced018780, 0x0000018ced1f2ec0, 0x0000018ced25fb80, 0x0000018ced260210,
0x0000018ced51a2b0
}

Java Threads: ( => current thread )
  0x0000018c8d0574d0 JavaThread "main"                              [_thread_in_Java, id=19636, stack(0x0000007a53000000,0x0000007a53100000) (1024K)]
  0x0000018ca5bda8e0 JavaThread "Reference Handler"          daemon [_thread_blocked, id=32936, stack(0x0000007a53400000,0x0000007a53500000) (1024K)]
  0x0000018ced000080 JavaThread "Finalizer"                  daemon [_thread_blocked, id=7764, stack(0x0000007a53500000,0x0000007a53600000) (1024K)]
  0x0000018ced0044f0 JavaThread "Signal Dispatcher"          daemon [_thread_blocked, id=31956, stack(0x0000007a53600000,0x0000007a53700000) (1024K)]
  0x0000018ced005150 JavaThread "Attach Listener"            daemon [_thread_blocked, id=6240, stack(0x0000007a53700000,0x0000007a53800000) (1024K)]
  0x0000018ced009220 JavaThread "Service Thread"             daemon [_thread_blocked, id=26848, stack(0x0000007a53800000,0x0000007a53900000) (1024K)]
  0x0000018ced00e160 JavaThread "Monitor Deflation Thread"   daemon [_thread_blocked, id=3640, stack(0x0000007a53900000,0x0000007a53a00000) (1024K)]
  0x0000018ced014810 JavaThread "C2 CompilerThread0"         daemon [_thread_blocked, id=7044, stack(0x0000007a53a00000,0x0000007a53b00000) (1024K)]
  0x0000018ced018780 JavaThread "C1 CompilerThread0"         daemon [_thread_in_native, id=27812, stack(0x0000007a53b00000,0x0000007a53c00000) (1024K)]
=>0x0000018ced1f2ec0 JavaThread "C2 CompilerThread1"         daemon [_thread_in_native, id=13008, stack(0x0000007a53c00000,0x0000007a53d00000) (1024K)]
  0x0000018ced25fb80 JavaThread "Common-Cleaner"             daemon [_thread_blocked, id=6284, stack(0x0000007a53d00000,0x0000007a53e00000) (1024K)]
  0x0000018ced260210 JavaThread "Notification Thread"        daemon [_thread_blocked, id=31968, stack(0x0000007a53e00000,0x0000007a53f00000) (1024K)]
  0x0000018ced51a2b0 JavaThread "C2 CompilerThread2"         daemon [_thread_in_native, id=2060, stack(0x0000007a53f00000,0x0000007a54000000) (1024K)]
Total: 13

Other Threads:
  0x0000018ca5bc4590 VMThread "VM Thread"                           [id=34056, stack(0x0000007a53300000,0x0000007a53400000) (1024K)]
  0x0000018c8d277e40 WatcherThread "VM Periodic Task Thread"        [id=14304, stack(0x0000007a53200000,0x0000007a53300000) (1024K)]
  0x0000018c8d22a360 WorkerThread "GC Thread#0"                     [id=8608, stack(0x0000007a53100000,0x0000007a53200000) (1024K)]
Total: 3

Threads with active compile tasks:
C1 CompilerThread0  1203  719   !   3       java.lang.String::<init> (880 bytes)
C2 CompilerThread1  1203  644       4       lombok.patcher.PatchScript::classMatches (41 bytes)
C2 CompilerThread2  1203  668       4       lombok.patcher.scripts.MethodLevelPatchScript::patch (21 bytes)
Total: 3

VM state: not at safepoint (normal execution)

VM Mutex/Monitor currently owned by a thread: None

Heap address: 0x0000000080000000, size: 2048 MB, Compressed Oops mode: 32-bit

CDS archive(s) mapped at: [0x0000018ca6000000-0x0000018ca6ba0000-0x0000018ca6ba0000), size 12189696, SharedBaseAddress: 0x0000018ca6000000, ArchiveRelocationMode: 1.
Compressed class space mapped at: 0x0000018ca7000000-0x0000018ce7000000, reserved size: 1073741824
Narrow klass base: 0x0000018ca6000000, Narrow klass shift: 0, Narrow klass range: 0x100000000

GC Precious Log:
 CardTable entry size: 512
 CPUs: 12 total, 12 available
 Memory: 16068M
 Large Page Support: Disabled
 NUMA Support: Disabled
 Compressed Oops: Enabled (32-bit)
 Alignments: Space 512K, Generation 512K, Heap 2M
 Heap Min Capacity: 100M
 Heap Initial Capacity: 100M
 Heap Max Capacity: 2G
 Pre-touch: Disabled
 Parallel Workers: 10

Heap:
 PSYoungGen      total 29696K, used 15135K [0x00000000d5580000, 0x00000000d7680000, 0x0000000100000000)
  eden space 25600K, 59% used [0x00000000d5580000,0x00000000d6447c20,0x00000000d6e80000)
  from space 4096K, 0% used [0x00000000d7280000,0x00000000d7280000,0x00000000d7680000)
  to   space 4096K, 0% used [0x00000000d6e80000,0x00000000d6e80000,0x00000000d7280000)
 ParOldGen       total 68608K, used 0K [0x0000000080000000, 0x0000000084300000, 0x00000000d5580000)
  object space 68608K, 0% used [0x0000000080000000,0x0000000080000000,0x0000000084300000)
 Metaspace       used 2953K, committed 3136K, reserved 1114112K
  class space    used 306K, committed 384K, reserved 1048576K

Card table byte_map: [0x0000018ca0ef0000,0x0000018ca1300000] _byte_map_base: 0x0000018ca0af0000

Marking Bits: (ParMarkBitMap*) 0x00007fff84a344a0
 Begin Bits: [0x0000018ca15b0000, 0x0000018ca35b0000)
 End Bits:   [0x0000018ca35b0000, 0x0000018ca55b0000)

Polling page: 0x0000018c8d2e0000

Metaspace:

Usage:
  Non-class:      2.59 MB used.
      Class:    306.25 KB used.
       Both:      2.88 MB used.

Virtual space:
  Non-class space:       64.00 MB reserved,       2.69 MB (  4%) committed,  1 nodes.
      Class space:        1.00 GB reserved,     384.00 KB ( <1%) committed,  1 nodes.
             Both:        1.06 GB reserved,       3.06 MB ( <1%) committed. 

Chunk freelists:
   Non-Class:  11.65 MB
       Class:  15.67 MB
        Both:  27.32 MB

MaxMetaspaceSize: unlimited
CompressedClassSpaceSize: 1.00 GB
Initial GC threshold: 21.00 MB
Current GC threshold: 21.00 MB
CDS: on
 - commit_granule_bytes: 65536.
 - commit_granule_words: 8192.
 - virtual_space_node_default_size: 8388608.
 - enlarge_chunks_in_place: 1.
 - use_allocation_guard: 0.


Internal statistics:

num_allocs_failed_limit: 0.
num_arena_births: 82.
num_arena_deaths: 0.
num_vsnodes_births: 2.
num_vsnodes_deaths: 0.
num_space_committed: 49.
num_space_uncommitted: 0.
num_chunks_returned_to_freelist: 0.
num_chunks_taken_from_freelist: 104.
num_chunk_merges: 0.
num_chunk_splits: 73.
num_chunks_enlarged: 47.
num_inconsistent_stats: 0.

CodeHeap 'non-profiled nmethods': size=120000Kb used=268Kb max_used=268Kb free=119731Kb
 bounds [0x0000018c997d0000, 0x0000018c99a40000, 0x0000018ca0d00000]
CodeHeap 'profiled nmethods': size=120000Kb used=1023Kb max_used=1023Kb free=118976Kb
 bounds [0x0000018c91d00000, 0x0000018c91f70000, 0x0000018c99230000]
CodeHeap 'non-nmethods': size=5760Kb used=1184Kb max_used=1199Kb free=4575Kb
 bounds [0x0000018c99230000, 0x0000018c994a0000, 0x0000018c997d0000]
CodeCache: size=245760Kb, used=2475Kb, max_used=2490Kb, free=243282Kb
 total_blobs=1163, nmethods=721, adapters=349, full_count=0
Compilation: enabled, stopped_count=0, restarted_count=0

Compilation events (20 events):
Event: 1.088 Thread 0x0000018ced018780  685       3       java.lang.Class::getComponentType (14 bytes)
Event: 1.089 Thread 0x0000018ced018780 nmethod 685 0x0000018c91df2990 code [0x0000018c91df2b40, 0x0000018c91df2cf0]
Event: 1.089 Thread 0x0000018ced018780  686       3       java.lang.StringUTF16::putChar (54 bytes)
Event: 1.090 Thread 0x0000018ced018780 nmethod 686 0x0000018c91df2d90 code [0x0000018c91df2f40, 0x0000018c91df3090]
Event: 1.090 Thread 0x0000018ced014810  687       4       java.lang.StringUTF16::putChar (54 bytes)
Event: 1.093 Thread 0x0000018ced014810 nmethod 687 0x0000018c9980e110 code [0x0000018c9980e2a0, 0x0000018c9980e398]
Event: 1.097 Thread 0x0000018ced018780  688       3       java.lang.instrument.ClassFileTransformer::transform (15 bytes)
Event: 1.098 Thread 0x0000018ced018780 nmethod 688 0x0000018c91df3190 code [0x0000018c91df3340, 0x0000018c91df34d8]
Event: 1.100 Thread 0x0000018ced014810  689       4       java.lang.Integer::rotateRight (9 bytes)
Event: 1.101 Thread 0x0000018ced014810 nmethod 689 0x0000018c9980e490 code [0x0000018c9980e600, 0x0000018c9980e670]
Event: 1.105 Thread 0x0000018ced018780  690       3       java.math.MutableBigInteger::mulsub (110 bytes)
Event: 1.106 Thread 0x0000018ced018780 nmethod 690 0x0000018c91df3610 code [0x0000018c91df37c0, 0x0000018c91df3a80]
Event: 1.108 Thread 0x0000018ced018780  691       3       java.math.BigInteger::implMulAdd (81 bytes)
Event: 1.109 Thread 0x0000018ced018780 nmethod 691 0x0000018c91df3c10 code [0x0000018c91df3dc0, 0x0000018c91df4000]
Event: 1.110 Thread 0x0000018ced018780  692       3       java.math.BigInteger::mulAdd (19 bytes)
Event: 1.111 Thread 0x0000018ced014810  695 %     4       java.math.BigInteger::implMulAdd @ 24 (81 bytes)
Event: 1.111 Thread 0x0000018ced018780 nmethod 692 0x0000018c91df4190 code [0x0000018c91df4340, 0x0000018c91df44d8]
Event: 1.111 Thread 0x0000018ced018780  694       3       java.math.BigInteger::addOne (77 bytes)
Event: 1.111 Thread 0x0000018ced018780 nmethod 694 0x0000018c91df4590 code [0x0000018c91df4760, 0x0000018c91df4aa0]
Event: 1.112 Thread 0x0000018ced018780  693       3       java.math.BigInteger::implMulAddCheck (176 bytes)

GC Heap History (0 events):
No events

Dll operation events (16 events):
Event: 0.017 Attempting to load shared library c:\Users\NGUYEN THUY NGAN\.antigravity-ide\extensions\redhat.java-1.56.0-win32-x64\jre\21.0.12.1-win32-x86_64\bin\java.dll
Event: 0.017 Loaded shared library c:\Users\NGUYEN THUY NGAN\.antigravity-ide\extensions\redhat.java-1.56.0-win32-x64\jre\21.0.12.1-win32-x86_64\bin\java.dll
Event: 0.179 Attempting to load shared library c:\Users\NGUYEN THUY NGAN\.antigravity-ide\extensions\redhat.java-1.56.0-win32-x64\jre\21.0.12.1-win32-x86_64\bin\zip.dll
Event: 0.180 Loaded shared library c:\Users\NGUYEN THUY NGAN\.antigravity-ide\extensions\redhat.java-1.56.0-win32-x64\jre\21.0.12.1-win32-x86_64\bin\zip.dll
Event: 0.233 Attempting to load shared library C:\Users\NGUYEN THUY NGAN\.antigravity-ide\extensions\redhat.java-1.56.0-win32-x64\jre\21.0.12.1-win32-x86_64\bin\instrument.dll
Event: 0.233 Loaded shared library C:\Users\NGUYEN THUY NGAN\.antigravity-ide\extensions\redhat.java-1.56.0-win32-x64\jre\21.0.12.1-win32-x86_64\bin\instrument.dll
Event: 0.242 Attempting to load shared library C:\Users\NGUYEN THUY NGAN\.antigravity-ide\extensions\redhat.java-1.56.0-win32-x64\jre\21.0.12.1-win32-x86_64\bin\net.dll
Event: 0.244 Loaded shared library C:\Users\NGUYEN THUY NGAN\.antigravity-ide\extensions\redhat.java-1.56.0-win32-x64\jre\21.0.12.1-win32-x86_64\bin\net.dll
Event: 0.247 Attempting to load shared library C:\Users\NGUYEN THUY NGAN\.antigravity-ide\extensions\redhat.java-1.56.0-win32-x64\jre\21.0.12.1-win32-x86_64\bin\nio.dll
Event: 0.248 Loaded shared library C:\Users\NGUYEN THUY NGAN\.antigravity-ide\extensions\redhat.java-1.56.0-win32-x64\jre\21.0.12.1-win32-x86_64\bin\nio.dll
Event: 0.266 Attempting to load shared library C:\Users\NGUYEN THUY NGAN\.antigravity-ide\extensions\redhat.java-1.56.0-win32-x64\jre\21.0.12.1-win32-x86_64\bin\zip.dll
Event: 0.267 Loaded shared library C:\Users\NGUYEN THUY NGAN\.antigravity-ide\extensions\redhat.java-1.56.0-win32-x64\jre\21.0.12.1-win32-x86_64\bin\zip.dll
Event: 0.307 Attempting to load shared library C:\Users\NGUYEN THUY NGAN\.antigravity-ide\extensions\redhat.java-1.56.0-win32-x64\jre\21.0.12.1-win32-x86_64\bin\jimage.dll
Event: 0.307 Loaded shared library C:\Users\NGUYEN THUY NGAN\.antigravity-ide\extensions\redhat.java-1.56.0-win32-x64\jre\21.0.12.1-win32-x86_64\bin\jimage.dll
Event: 0.504 Attempting to load shared library c:\Users\NGUYEN THUY NGAN\.antigravity-ide\extensions\redhat.java-1.56.0-win32-x64\jre\21.0.12.1-win32-x86_64\bin\verify.dll
Event: 0.505 Loaded shared library c:\Users\NGUYEN THUY NGAN\.antigravity-ide\extensions\redhat.java-1.56.0-win32-x64\jre\21.0.12.1-win32-x86_64\bin\verify.dll

Deoptimization events (20 events):
Event: 0.900 Thread 0x0000018c8d0574d0 Uncommon trap: trap_request=0xffffffde fr.pc=0x0000018c99805dcc relative=0x000000000000012c
Event: 0.900 Thread 0x0000018c8d0574d0 Uncommon trap: reason=class_check action=maybe_recompile pc=0x0000018c99805dcc method=jdk.internal.misc.Unsafe.allocateUninitializedArray(Ljava/lang/Class;I)Ljava/lang/Object; @ 51 c2
Event: 0.900 Thread 0x0000018c8d0574d0 DEOPT PACKING pc=0x0000018c99805dcc sp=0x0000007a530fbf20
Event: 0.900 Thread 0x0000018c8d0574d0 DEOPT UNPACKING pc=0x0000018c99283aa2 sp=0x0000007a530fbe98 mode 2
Event: 0.900 Thread 0x0000018c8d0574d0 Uncommon trap: trap_request=0xffffffde fr.pc=0x0000018c99805dcc relative=0x000000000000012c
Event: 0.900 Thread 0x0000018c8d0574d0 Uncommon trap: reason=class_check action=maybe_recompile pc=0x0000018c99805dcc method=jdk.internal.misc.Unsafe.allocateUninitializedArray(Ljava/lang/Class;I)Ljava/lang/Object; @ 51 c2
Event: 0.900 Thread 0x0000018c8d0574d0 DEOPT PACKING pc=0x0000018c99805dcc sp=0x0000007a530fbf60
Event: 0.900 Thread 0x0000018c8d0574d0 DEOPT UNPACKING pc=0x0000018c99283aa2 sp=0x0000007a530fbed8 mode 2
Event: 0.914 Thread 0x0000018c8d0574d0 Uncommon trap: trap_request=0xffffff45 fr.pc=0x0000018c9980106c relative=0x000000000000014c
Event: 0.914 Thread 0x0000018c8d0574d0 Uncommon trap: reason=unstable_if action=reinterpret pc=0x0000018c9980106c method=jdk.internal.util.ArraysSupport.vectorizedHashCode(Ljava/lang/Object;IIII)I @ 2 c2
Event: 0.914 Thread 0x0000018c8d0574d0 DEOPT PACKING pc=0x0000018c9980106c sp=0x0000007a530fced0
Event: 0.915 Thread 0x0000018c8d0574d0 DEOPT UNPACKING pc=0x0000018c99283aa2 sp=0x0000007a530fce80 mode 2
Event: 0.932 Thread 0x0000018c8d0574d0 Uncommon trap: trap_request=0xffffff45 fr.pc=0x0000018c997f2550 relative=0x00000000000000b0
Event: 0.932 Thread 0x0000018c8d0574d0 Uncommon trap: reason=unstable_if action=reinterpret pc=0x0000018c997f2550 method=java.net.URI.match(CJJ)Z @ 45 c2
Event: 0.932 Thread 0x0000018c8d0574d0 DEOPT PACKING pc=0x0000018c997f2550 sp=0x0000007a530fd050
Event: 0.932 Thread 0x0000018c8d0574d0 DEOPT UNPACKING pc=0x0000018c99283aa2 sp=0x0000007a530fcfb8 mode 2
Event: 1.089 Thread 0x0000018c8d0574d0 Uncommon trap: trap_request=0xffffff45 fr.pc=0x0000018c997f36a4 relative=0x0000000000000184
Event: 1.089 Thread 0x0000018c8d0574d0 Uncommon trap: reason=unstable_if action=reinterpret pc=0x0000018c997f36a4 method=java.lang.StringUTF16.compress([CI[BII)I @ 20 c2
Event: 1.089 Thread 0x0000018c8d0574d0 DEOPT PACKING pc=0x0000018c997f36a4 sp=0x0000007a530fbce0
Event: 1.089 Thread 0x0000018c8d0574d0 DEOPT UNPACKING pc=0x0000018c99283aa2 sp=0x0000007a530fbc50 mode 2

Classes loaded (20 events):
Event: 1.095 Loading class sun/security/rsa/RSASignature$SHA256withRSA
Event: 1.095 Loading class sun/security/rsa/RSASignature
Event: 1.095 Loading class sun/security/rsa/RSASignature done
Event: 1.095 Loading class sun/security/rsa/RSASignature$SHA256withRSA done
Event: 1.096 Loading class sun/security/rsa/RSAPrivateKeyImpl
Event: 1.096 Loading class sun/security/pkcs/PKCS8Key
Event: 1.096 Loading class sun/security/util/InternalPrivateKey
Event: 1.097 Loading class sun/security/util/InternalPrivateKey done
Event: 1.097 Loading class sun/security/pkcs/PKCS8Key done
Event: 1.097 Loading class sun/security/rsa/RSAPrivateKeyImpl done
Event: 1.097 Loading class sun/security/rsa/RSAPrivateCrtKeyImpl
Event: 1.097 Loading class java/security/interfaces/RSAPrivateCrtKey
Event: 1.097 Loading class java/security/interfaces/RSAPrivateCrtKey done
Event: 1.098 Loading class sun/security/rsa/RSAPrivateCrtKeyImpl done
Event: 1.098 Loading class sun/security/rsa/RSACore
Event: 1.098 Loading class sun/security/rsa/RSACore done
Event: 1.099 Loading class sun/security/rsa/RSAPadding
Event: 1.099 Loading class sun/security/rsa/RSAPadding done
Event: 1.100 Loading class java/math/MutableBigInteger
Event: 1.101 Loading class java/math/MutableBigInteger done

Classes unloaded (0 events):
No events

Classes redefined (0 events):
No events

Internal exceptions (12 events):
Event: 0.171 Thread 0x0000018c8d0574d0 Exception <a 'java/lang/NoSuchMethodError'{0x00000000d57a9378}: 'void java.lang.invoke.DirectMethodHandle$Holder.invokeStatic(java.lang.Object, java.lang.Object, java.lang.Object)'> (0x00000000d57a9378) 
thrown [s\src\hotspot\share\interpreter\linkResolver.cpp, line 773]
Event: 0.296 Thread 0x0000018c8d0574d0 Exception <a 'java/lang/NoSuchMethodError'{0x00000000d5913208}: 'java.lang.Object java.lang.invoke.Invokers$Holder.invokeExact_MT(java.lang.Object, java.lang.Object, java.lang.Object, java.lang.Object, java.lang.Object)'> (0x00000000d5913208) 
thrown [s\src\hotspot\share\interpreter\linkResolver.cpp, line 773]
Event: 0.378 Thread 0x0000018c8d0574d0 Exception <a 'java/lang/NoSuchMethodError'{0x00000000d59cf850}: 'int java.lang.invoke.DirectMethodHandle$Holder.invokeSpecial(java.lang.Object, java.lang.Object, java.lang.Object, int)'> (0x00000000d59cf850) 
thrown [s\src\hotspot\share\interpreter\linkResolver.cpp, line 773]
Event: 0.384 Thread 0x0000018c8d0574d0 Exception <a 'java/lang/NoSuchMethodError'{0x00000000d59e23e0}: 'java.lang.Object java.lang.invoke.DirectMethodHandle$Holder.invokeStatic(java.lang.Object, java.lang.Object, java.lang.Object, java.lang.Object, int)'> (0x00000000d59e23e0) 
thrown [s\src\hotspot\share\interpreter\linkResolver.cpp, line 773]
Event: 0.387 Thread 0x0000018c8d0574d0 Exception <a 'java/lang/NoSuchMethodError'{0x00000000d59ed820}: 'void java.lang.invoke.DelegatingMethodHandle$Holder.reinvoke_L(java.lang.Object, java.lang.Object, java.lang.Object, int, java.lang.Object)'> (0x00000000d59ed820) 
thrown [s\src\hotspot\share\interpreter\linkResolver.cpp, line 773]
Event: 0.388 Thread 0x0000018c8d0574d0 Exception <a 'java/lang/NoSuchMethodError'{0x00000000d59f1258}: 'int java.lang.invoke.DirectMethodHandle$Holder.invokeSpecial(java.lang.Object, java.lang.Object, java.lang.Object)'> (0x00000000d59f1258) 
thrown [s\src\hotspot\share\interpreter\linkResolver.cpp, line 773]
Event: 0.398 Thread 0x0000018c8d0574d0 Exception <a 'java/lang/NoSuchMethodError'{0x00000000d5a09f48}: 'java.lang.Object java.lang.invoke.DirectMethodHandle$Holder.invokeStatic(java.lang.Object, java.lang.Object, int)'> (0x00000000d5a09f48) 
thrown [s\src\hotspot\share\interpreter\linkResolver.cpp, line 773]
Event: 0.401 Thread 0x0000018c8d0574d0 Exception <a 'java/lang/NoSuchMethodError'{0x00000000d5a0e898}: 'void java.lang.invoke.DirectMethodHandle$Holder.invokeStatic(java.lang.Object, java.lang.Object, int, java.lang.Object)'> (0x00000000d5a0e898) 
thrown [s\src\hotspot\share\interpreter\linkResolver.cpp, line 773]
Event: 0.402 Thread 0x0000018c8d0574d0 Exception <a 'java/lang/NoSuchMethodError'{0x00000000d5a12678}: 'void java.lang.invoke.DirectMethodHandle$Holder.invokeSpecial(java.lang.Object, java.lang.Object, java.lang.Object, int, java.lang.Object)'> (0x00000000d5a12678) 
thrown [s\src\hotspot\share\interpreter\linkResolver.cpp, line 773]
Event: 0.403 Thread 0x0000018c8d0574d0 Exception <a 'java/lang/NoSuchMethodError'{0x00000000d5a15ae8}: 'void java.lang.invoke.DelegatingMethodHandle$Holder.delegate(java.lang.Object, java.lang.Object, int, java.lang.Object)'> (0x00000000d5a15ae8) 
thrown [s\src\hotspot\share\interpreter\linkResolver.cpp, line 773]
Event: 0.561 Thread 0x0000018c8d0574d0 Exception <a 'java/lang/NoSuchMethodError'{0x00000000d5be67a8}: 'void java.lang.invoke.DelegatingMethodHandle$Holder.reinvoke_L(java.lang.Object, java.lang.Object, java.lang.Object, int)'> (0x00000000d5be67a8) 
thrown [s\src\hotspot\share\interpreter\linkResolver.cpp, line 773]
Event: 0.896 Thread 0x0000018c8d0574d0 Exception <a 'java/lang/NoSuchMethodError'{0x00000000d608c178}: 'void java.lang.invoke.DirectMethodHandle$Holder.invokeVirtual(java.lang.Object, java.lang.Object)'> (0x00000000d608c178) 
thrown [s\src\hotspot\share\interpreter\linkResolver.cpp, line 773]

ZGC Phase Switch (0 events):
No events

VM Operations (2 events):
Event: 1.055 Executing safepoint VM operation: Cleanup
Event: 1.071 Executing safepoint VM operation: Cleanup done

Memory protections (0 events):
No events

Nmethod flushes (0 events):
No events

Events (13 events):
Event: 0.044 Thread 0x0000018c8d0574d0 Thread added: 0x0000018c8d0574d0
Event: 0.095 Thread 0x0000018c8d0574d0 Thread added: 0x0000018ca5bda8e0
Event: 0.095 Thread 0x0000018c8d0574d0 Thread added: 0x0000018ced000080
Event: 0.096 Thread 0x0000018c8d0574d0 Thread added: 0x0000018ced0044f0
Event: 0.096 Thread 0x0000018c8d0574d0 Thread added: 0x0000018ced005150
Event: 0.096 Thread 0x0000018c8d0574d0 Thread added: 0x0000018ced009220
Event: 0.096 Thread 0x0000018c8d0574d0 Thread added: 0x0000018ced00e160
Event: 0.096 Thread 0x0000018c8d0574d0 Thread added: 0x0000018ced014810
Event: 0.096 Thread 0x0000018c8d0574d0 Thread added: 0x0000018ced018780
Event: 0.212 Thread 0x0000018ced018780 Thread added: 0x0000018ced1f2ec0
Event: 0.238 Thread 0x0000018c8d0574d0 Thread added: 0x0000018ced25fb80
Event: 0.748 Thread 0x0000018c8d0574d0 Thread added: 0x0000018ced260210
Event: 0.981 Thread 0x0000018ced018780 Thread added: 0x0000018ced51a2b0


Dynamic libraries:
0x00007ff6c98f0000 - 0x00007ff6c98fe000 	c:\Users\NGUYEN THUY NGAN\.antigravity-ide\extensions\redhat.java-1.56.0-win32-x64\jre\21.0.12.1-win32-x86_64\bin\java.exe
0x00007ff8263e0000 - 0x00007ff826647000 	C:\windows\SYSTEM32\ntdll.dll
0x00007ff824d80000 - 0x00007ff824e4b000 	C:\windows\System32\KERNEL32.DLL
0x00007ff8235e0000 - 0x00007ff8239e2000 	C:\windows\System32\KERNELBASE.dll
0x00007ff823fa0000 - 0x00007ff8240ec000 	C:\windows\System32\ucrtbase.dll
0x00007ff803db0000 - 0x00007ff803dc8000 	c:\Users\NGUYEN THUY NGAN\.antigravity-ide\extensions\redhat.java-1.56.0-win32-x64\jre\21.0.12.1-win32-x86_64\bin\jli.dll
0x00007ff803af0000 - 0x00007ff803b0e000 	c:\Users\NGUYEN THUY NGAN\.antigravity-ide\extensions\redhat.java-1.56.0-win32-x64\jre\21.0.12.1-win32-x86_64\bin\VCRUNTIME140.dll
0x00007ff825350000 - 0x00007ff82551f000 	C:\windows\System32\USER32.dll
0x00007ff823a80000 - 0x00007ff823aa7000 	C:\windows\System32\win32u.dll
0x00007ff80a530000 - 0x00007ff80a7c0000 	C:\windows\WinSxS\amd64_microsoft.windows.common-controls_6595b64144ccf1df_6.0.26100.9278_none_3e0d1ba8e3303201\COMCTL32.dll
0x00007ff825c10000 - 0x00007ff825c3b000 	C:\windows\System32\GDI32.dll
0x00007ff8262f0000 - 0x00007ff826399000 	C:\windows\System32\msvcrt.dll
0x00007ff823e70000 - 0x00007ff823f99000 	C:\windows\System32\gdi32full.dll
0x00007ff823dc0000 - 0x00007ff823e63000 	C:\windows\System32\msvcp_win.dll
0x00007ff824d40000 - 0x00007ff824d71000 	C:\windows\System32\IMM32.DLL
0x00007ff813e20000 - 0x00007ff813e2c000 	c:\Users\NGUYEN THUY NGAN\.antigravity-ide\extensions\redhat.java-1.56.0-win32-x64\jre\21.0.12.1-win32-x86_64\bin\vcruntime140_1.dll
0x00007fffffe00000 - 0x00007fffffe8d000 	c:\Users\NGUYEN THUY NGAN\.antigravity-ide\extensions\redhat.java-1.56.0-win32-x64\jre\21.0.12.1-win32-x86_64\bin\msvcp140.dll
0x00007fff83d70000 - 0x00007fff84b12000 	c:\Users\NGUYEN THUY NGAN\.antigravity-ide\extensions\redhat.java-1.56.0-win32-x64\jre\21.0.12.1-win32-x86_64\bin\server\jvm.dll
0x00007ff824c70000 - 0x00007ff824d2c000 	C:\windows\System32\ADVAPI32.dll
0x00007ff8257b0000 - 0x00007ff825859000 	C:\windows\System32\sechost.dll
0x00007ff824190000 - 0x00007ff8242a8000 	C:\windows\System32\RPCRT4.dll
0x00007ff824f20000 - 0x00007ff824fa0000 	C:\windows\System32\WS2_32.dll
0x00007ff823440000 - 0x00007ff82349e000 	C:\windows\SYSTEM32\POWRPROF.dll
0x00007ff81d990000 - 0x00007ff81d9c6000 	C:\windows\SYSTEM32\WINMM.dll
0x00007ff811920000 - 0x00007ff81192b000 	C:\windows\SYSTEM32\VERSION.dll
0x00007ff823420000 - 0x00007ff823435000 	C:\windows\SYSTEM32\UMPDC.dll
0x00007ff8222b0000 - 0x00007ff8222cb000 	C:\windows\SYSTEM32\kernel.appcore.dll
0x00007ff813670000 - 0x00007ff81367a000 	c:\Users\NGUYEN THUY NGAN\.antigravity-ide\extensions\redhat.java-1.56.0-win32-x64\jre\21.0.12.1-win32-x86_64\bin\jimage.dll
0x00007ff8209f0000 - 0x00007ff820c3c000 	C:\windows\SYSTEM32\DBGHELP.DLL
0x00007ff825880000 - 0x00007ff825c05000 	C:\windows\System32\combase.dll
0x00007ff825650000 - 0x00007ff825729000 	C:\windows\System32\OLEAUT32.dll
0x00007ffff1260000 - 0x00007ffff129b000 	C:\windows\SYSTEM32\dbgcore.DLL
0x00007ff823b70000 - 0x00007ff823c1c000 	C:\windows\System32\bcryptPrimitives.dll
0x00007ff803dd0000 - 0x00007ff803ddf000 	c:\Users\NGUYEN THUY NGAN\.antigravity-ide\extensions\redhat.java-1.56.0-win32-x64\jre\21.0.12.1-win32-x86_64\bin\instrument.dll
0x00007ff803de0000 - 0x00007ff803e00000 	c:\Users\NGUYEN THUY NGAN\.antigravity-ide\extensions\redhat.java-1.56.0-win32-x64\jre\21.0.12.1-win32-x86_64\bin\java.dll
0x00007ff8242f0000 - 0x00007ff824a88000 	C:\windows\System32\SHELL32.dll
0x00007ff821010000 - 0x00007ff8218be000 	C:\windows\SYSTEM32\windows.storage.dll
0x00007ff8261f0000 - 0x00007ff8262eb000 	C:\windows\System32\SHCORE.dll
0x00007ff824e50000 - 0x00007ff824eb6000 	C:\windows\System32\shlwapi.dll
0x00007ff823500000 - 0x00007ff823529000 	C:\windows\SYSTEM32\profapi.dll
0x00007ff800a00000 - 0x00007ff800a18000 	c:\Users\NGUYEN THUY NGAN\.antigravity-ide\extensions\redhat.java-1.56.0-win32-x64\jre\21.0.12.1-win32-x86_64\bin\zip.dll
0x00007ff80b230000 - 0x00007ff80b240000 	C:\Users\NGUYEN THUY NGAN\.antigravity-ide\extensions\redhat.java-1.56.0-win32-x64\jre\21.0.12.1-win32-x86_64\bin\net.dll
0x00007ff81c510000 - 0x00007ff81c63a000 	C:\windows\SYSTEM32\WINHTTP.dll
0x00007ff822870000 - 0x00007ff8228dc000 	C:\windows\system32\mswsock.dll
0x00007ff800950000 - 0x00007ff800966000 	C:\Users\NGUYEN THUY NGAN\.antigravity-ide\extensions\redhat.java-1.56.0-win32-x64\jre\21.0.12.1-win32-x86_64\bin\nio.dll
0x00007ff803da0000 - 0x00007ff803db0000 	c:\Users\NGUYEN THUY NGAN\.antigravity-ide\extensions\redhat.java-1.56.0-win32-x64\jre\21.0.12.1-win32-x86_64\bin\verify.dll

JVMTI agents:
c:\Users\NGUYEN THUY NGAN\.antigravity-ide\extensions\redhat.java-1.56.0-win32-x64\lombok\lombok-1.18.39-4050.jar path:c:\Users\NGUYEN THUY NGAN\.antigravity-ide\extensions\redhat.java-1.56.0-win32-x64\jre\21.0.12.1-win32-x86_64\bin\instrument.dll, loaded, initialized, instrumentlib options:none

dbghelp: loaded successfully - version: 4.0.5 - missing functions: none
symbol engine: initialized successfully - sym options: 0x614 - pdb path: .;c:\Users\NGUYEN THUY NGAN\.antigravity-ide\extensions\redhat.java-1.56.0-win32-x64\jre\21.0.12.1-win32-x86_64\bin;C:\windows\SYSTEM32;C:\windows\WinSxS\amd64_microsoft.windows.common-controls_6595b64144ccf1df_6.0.26100.9278_none_3e0d1ba8e3303201;c:\Users\NGUYEN THUY NGAN\.antigravity-ide\extensions\redhat.java-1.56.0-win32-x64\jre\21.0.12.1-win32-x86_64\bin\server

VM Arguments:
jvm_args: --add-modules=ALL-SYSTEM --add-opens=java.base/java.util=ALL-UNNAMED --add-opens=java.base/java.lang=ALL-UNNAMED --add-opens=java.base/sun.nio.fs=ALL-UNNAMED -Declipse.application=org.eclipse.jdt.ls.core.id1 -Dosgi.bundles.defaultStartLevel=4 -Declipse.product=org.eclipse.jdt.ls.core.product -Djava.import.generatesMetadataFilesAtProjectRoot=false -Dm2e.project.cache.size=50 -DDetectVMInstallationsJob.disabled=true -Dfile.encoding=utf8 -XX:+UseParallelGC -XX:GCTimeRatio=4 -XX:AdaptiveSizePolicyWeight=90 -Dsun.zip.disableMemoryMapping=true -Xmx2G -Xms100m -Xlog:disable -javaagent:c:\Users\NGUYEN THUY NGAN\.antigravity-ide\extensions\redhat.java-1.56.0-win32-x64\lombok\lombok-1.18.39-4050.jar -XX:+HeapDumpOnOutOfMemoryError -XX:HeapDumpPath=c:\Users\NGUYEN THUY NGAN\AppData\Roaming\Antigravity IDE\User\workspaceStorage\391c46ba826a0c25757ba3b2896ac83f\redhat.java -Daether.dependencyCollector.impl=bf 
java_command: c:\Users\NGUYEN THUY NGAN\.antigravity-ide\extensions\redhat.java-1.56.0-win32-x64\server\plugins\org.eclipse.equinox.launcher_1.8.0.v20260804-1928.jar -configuration c:\Users\NGUYEN THUY NGAN\AppData\Roaming\Antigravity IDE\User\globalStorage\redhat.java\1.56.0\config_win -data c:\Users\NGUYEN THUY NGAN\AppData\Roaming\Antigravity IDE\User\workspaceStorage\391c46ba826a0c25757ba3b2896ac83f\redhat.java\jdt_ws --stdio
java_class_path (initial): c:\Users\NGUYEN THUY NGAN\.antigravity-ide\extensions\redhat.java-1.56.0-win32-x64\server\plugins\org.eclipse.equinox.launcher_1.8.0.v20260804-1928.jar
Launcher Type: SUN_STANDARD

[Global flags]
    uintx AdaptiveSizePolicyWeight                 = 90                                        {product} {command line}
     intx CICompilerCount                          = 4                                         {product} {ergonomic}
    uintx GCTimeRatio                              = 4                                         {product} {command line}
     bool HeapDumpOnOutOfMemoryError               = true                                   {manageable} {command line}
    ccstr HeapDumpPath                             = c:\Users\NGUYEN THUY NGAN\AppData\Roaming\Antigravity IDE\User\workspaceStorage\391c46ba826a0c25757ba3b2896ac83f\redhat.java         {manageable} {command line}
   size_t InitialHeapSize                          = 104857600                                 {product} {command line}
   size_t MaxHeapSize                              = 2147483648                                {product} {command line}
   size_t MaxNewSize                               = 715653120                                 {product} {ergonomic}
   size_t MinHeapDeltaBytes                        = 524288                                    {product} {ergonomic}
   size_t MinHeapSize                              = 104857600                                 {product} {command line}
   size_t NewSize                                  = 34603008                                  {product} {ergonomic}
    uintx NonNMethodCodeHeapSize                   = 5839372                                {pd product} {ergonomic}
    uintx NonProfiledCodeHeapSize                  = 122909434                              {pd product} {ergonomic}
   size_t OldSize                                  = 70254592                                  {product} {ergonomic}
    uintx ProfiledCodeHeapSize                     = 122909434                              {pd product} {ergonomic}
    uintx ReservedCodeCacheSize                    = 251658240                              {pd product} {ergonomic}
     bool SegmentedCodeCache                       = true                                      {product} {ergonomic}
   size_t SoftMaxHeapSize                          = 2147483648                             {manageable} {ergonomic}
     bool UseCompressedOops                        = true                           {product lp64_product} {ergonomic}
     bool UseLargePagesIndividualAllocation        = false                                  {pd product} {ergonomic}
     bool UseParallelGC                            = true                                      {product} {command line}

Logging:
Log output configuration:
 #0: stdout all=off uptime,level,tags foldmultilines=false
 #1: stderr all=off uptime,level,tags foldmultilines=false

Release file:
JAVA_VERSION="21.0.12.1" 
MODULES="java.base java.compiler java.datatransfer java.xml java.prefs java.desktop java.instrument java.logging java.management java.security.sasl java.naming java.rmi java.management.rmi java.net.http java.scripting java.security.jgss java.transaction.xa java.sql java.sql.rowset java.xml.crypto java.se java.smartcardio jdk.accessibility jdk.internal.jvmstat jdk.attach jdk.charsets jdk.internal.opt jdk.zipfs jdk.compiler jdk.crypto.ec jdk.crypto.cryptoki jdk.crypto.mscapi jdk.dynalink jdk.internal.ed jdk.editpad jdk.hotspot.agent jdk.httpserver jdk.internal.le jdk.internal.vm.ci jdk.internal.vm.compiler jdk.internal.vm.compiler.management jdk.jartool jdk.javadoc jdk.jcmd jdk.management jdk.management.agent jdk.jconsole jdk.jdeps jdk.jdwp.agent jdk.jdi jdk.jfr jdk.jshell jdk.jsobject jdk.jstatd jdk.localedata jdk.management.jfr jdk.naming.dns jdk.naming.rmi jdk.net jdk.nio.mapmode jdk.random jdk.sctp jdk.security.auth jdk.security.jgss jdk.unsupported jdk.unsupported.desktop jdk.xml.dom" 

Environment Variables:
PATH=C:\Program Files\Common Files\Oracle\Java\javapath;C:\windows\system32;C:\windows;C:\windows\System32\Wbem;C:\windows\System32\WindowsPowerShell\v1.0\;C:\windows\System32\OpenSSH\;C:\Program Files\dotnet\;D:\M?NG MÁY TÍNH\Git\cmd;C:\Program Files\Tailscale\;C:\Program Files\nodejs\;C:\Users\NGUYEN THUY NGAN\AppData\Local\Programs\Python\Python312\Scripts\;C:\Users\NGUYEN THUY NGAN\AppData\Local\Programs\Python\Python312\;C:\Users\NGUYEN THUY NGAN\AppData\Local\Programs\Python\Launcher\;C:\Users\NGUYEN THUY NGAN\AppData\Local\Microsoft\WindowsApps;C:\Users\NGUYEN THUY NGAN\AppData\Local\Programs\Microsoft VS Code\bin;C:\Users\NGUYEN THUY NGAN\AppData\Local\Programs\Antigravity\bin;C:\Users\NGUYEN THUY NGAN\AppData\Roaming\npm;C:\Users\NGUYEN THUY NGAN\AppData\Local\Programs\Antigravity IDE\bin;C:\Users\NGUYEN THUY NGAN\OneDrive\Desktop\MOBILE\IntelliJ IDEA 2026.2.1\bin
USERNAME=NGUYEN THUY NGAN
OS=Windows_NT
PROCESSOR_IDENTIFIER=Intel64 Family 6 Model 186 Stepping 3, GenuineIntel
TMP=C:\Users\NGUYEN~1\AppData\Local\Temp
TEMP=C:\Users\NGUYEN~1\AppData\Local\Temp




Periodic native trim disabled

---------------  S Y S T E M  ---------------

OS:
 Windows 11 , 64 bit Build 26100 (10.0.26100.9444)
OS uptime: 4 days 5:38 hours
Hyper-V role detected

CPU: total 12 (initial active 12) (6 cores per cpu, 2 threads per core) family 6 model 186 stepping 3 microcode 0x6134, cx8, cmov, fxsr, ht, mmx, 3dnowpref, sse, sse2, sse3, ssse3, sse4.1, sse4.2, popcnt, lzcnt, tsc, tscinvbit, avx, avx2, aes, erms, clmul, bmi1, bmi2, adx, sha, fma, vzeroupper, clflush, clflushopt, clwb, hv, serialize, rdtscp, rdpid, fsrm, f16c, cet_ibt, cet_ss
Processor Information for processor 0
  Max Mhz: 1700, Current Mhz: 1700, Mhz Limit: 1700
Processor Information for processor 1
  Max Mhz: 1700, Current Mhz: 1700, Mhz Limit: 1700
Processor Information for processor 2
  Max Mhz: 1700, Current Mhz: 1700, Mhz Limit: 1700
Processor Information for processor 3
  Max Mhz: 1700, Current Mhz: 1700, Mhz Limit: 1700
Processor Information for processor 4
  Max Mhz: 1700, Current Mhz: 1700, Mhz Limit: 1700
Processor Information for processor 5
  Max Mhz: 1700, Current Mhz: 1700, Mhz Limit: 1700
Processor Information for processor 6
  Max Mhz: 1700, Current Mhz: 1700, Mhz Limit: 1700
Processor Information for processor 7
  Max Mhz: 1700, Current Mhz: 1558, Mhz Limit: 1700
Processor Information for processor 8
  Max Mhz: 1700, Current Mhz: 1700, Mhz Limit: 1700
Processor Information for processor 9
  Max Mhz: 1700, Current Mhz: 1700, Mhz Limit: 1700
Processor Information for processor 10
  Max Mhz: 1700, Current Mhz: 1558, Mhz Limit: 1700
Processor Information for processor 11
  Max Mhz: 1700, Current Mhz: 1558, Mhz Limit: 1700

Memory: 4k page, system-wide physical 16068M (2634M free)
TotalPageFile size 22212M (AvailPageFile size 0M)
current process WorkingSet (physical memory assigned to process): 63M, peak: 63M
current process commit charge ("private bytes"): 238M, peak: 238M

vm_info: OpenJDK 64-Bit Server VM (21.0.12.1+1-LTS) for windows-amd64 JRE (21.0.12.1+1-LTS), built on 2026-08-18T00:00:00Z by "admin" with MS VC++ 17.12 (VS2022)

END.
