#
# There is insufficient memory for the Java Runtime Environment to continue.
# Native memory allocation (malloc) failed to allocate 601216 bytes. Error detail: Chunk::new
# Possible reasons:
#   The system is out of physical RAM or swap space
#   This process is running with CompressedOops enabled, and the Java Heap may be blocking the growth of the native heap
# Possible solutions:
#   Reduce memory load on the system
#   Increase physical memory or swap space
#   Check if swap backing store is full
#   Decrease Java heap size (-Xmx/-Xms)
#   Decrease number of Java threads
#   Decrease Java thread stack sizes (-Xss)
#   Set larger code cache with -XX:ReservedCodeCacheSize=
#   JVM is running with Unscaled Compressed Oops mode in which the Java heap is
#     placed in the first 4GB address space. The Java Heap base address is the
#     maximum limit for the native heap growth. Please use -XX:HeapBaseMinAddress
#     to set the Java Heap base and to place the Java Heap above 4GB virtual address.
# This output file may be truncated or incomplete.
#
#  Out of Memory Error (arena.cpp:168), pid=16424, tid=34296
#
# JRE version: OpenJDK Runtime Environment Temurin-21.0.12.1+1 (21.0.12.1+1) (build 21.0.12.1+1-LTS)
# Java VM: OpenJDK 64-Bit Server VM Temurin-21.0.12.1+1 (21.0.12.1+1-LTS, mixed mode, sharing, tiered, compressed oops, compressed class ptrs, parallel gc, windows-amd64)
# No core dump will be written. Minidumps are not enabled by default on client versions of Windows
#

---------------  S U M M A R Y ------------

Command Line: --add-modules=ALL-SYSTEM --add-opens=java.base/java.util=ALL-UNNAMED --add-opens=java.base/java.lang=ALL-UNNAMED --add-opens=java.base/sun.nio.fs=ALL-UNNAMED -Declipse.application=org.eclipse.jdt.ls.core.id1 -Dosgi.bundles.defaultStartLevel=4 -Declipse.product=org.eclipse.jdt.ls.core.product -Djava.import.generatesMetadataFilesAtProjectRoot=false -Dm2e.project.cache.size=50 -DDetectVMInstallationsJob.disabled=true -Dfile.encoding=utf8 -XX:+UseParallelGC -XX:GCTimeRatio=4 -XX:AdaptiveSizePolicyWeight=90 -Dsun.zip.disableMemoryMapping=true -Xmx2G -Xms100m -Xlog:disable -javaagent:c:\Users\NGUYEN THUY NGAN\.antigravity-ide\extensions\redhat.java-1.56.0-win32-x64\lombok\lombok-1.18.39-4050.jar -XX:+HeapDumpOnOutOfMemoryError -XX:HeapDumpPath=c:\Users\NGUYEN THUY NGAN\AppData\Roaming\Antigravity IDE\User\workspaceStorage\391c46ba826a0c25757ba3b2896ac83f\redhat.java -Daether.dependencyCollector.impl=bf c:\Users\NGUYEN THUY NGAN\.antigravity-ide\extensions\redhat.java-1.56.0-win32-x64\server\plugins\org.eclipse.equinox.launcher_1.8.0.v20260804-1928.jar -configuration c:\Users\NGUYEN THUY NGAN\AppData\Roaming\Antigravity IDE\User\globalStorage\redhat.java\1.56.0\config_win -data c:\Users\NGUYEN THUY NGAN\AppData\Roaming\Antigravity IDE\User\workspaceStorage\391c46ba826a0c25757ba3b2896ac83f\redhat.java\jdt_ws --pipe=\\.\pipe\lsp-e2496cc0b838609638ffc181371e58fb-sock

Host: 13th Gen Intel(R) Core(TM) i7-1355U, 12 cores, 15G,  Windows 11 , 64 bit Build 26100 (10.0.26100.9444)
Time: Tue Sep 15 14:50:29 2026 SE Asia Standard Time elapsed time: 31.270814 seconds (0d 0h 0m 31s)

---------------  T H R E A D  ---------------

Current thread (0x000001df1393e900):  JavaThread "C2 CompilerThread0" daemon [_thread_in_native, id=34296, stack(0x00000045f4700000,0x00000045f4800000) (1024K)]


Current CompileTask:
C2:31271 4473   !   4       org.eclipse.osgi.internal.loader.classpath.ClasspathManager::findLocalClass (210 bytes)

Stack: [0x00000045f4700000,0x00000045f4800000]
Native frames: (J=compiled Java code, j=interpreted, Vv=VM code, C=native code)
V  [jvm.dll+0x6d83e9]
V  [jvm.dll+0x8b5736]
V  [jvm.dll+0x8b7cee]
V  [jvm.dll+0x8b83d3]
V  [jvm.dll+0x284596]
V  [jvm.dll+0xc685d]
V  [jvm.dll+0xc6da1]
V  [jvm.dll+0x2fb5ae]
V  [jvm.dll+0x5fee94]
V  [jvm.dll+0x255d67]
V  [jvm.dll+0x25612d]
V  [jvm.dll+0x24e6a0]
V  [jvm.dll+0x24bbe6]
V  [jvm.dll+0x1cb4ae]
V  [jvm.dll+0x25baad]
V  [jvm.dll+0x25a03a]
V  [jvm.dll+0x3f8aae]
V  [jvm.dll+0x8600cd]
V  [jvm.dll+0x6d6c1d]
C  [ucrtbase.dll+0x2cd30]
C  [KERNEL32.DLL+0x2cd87]
C  [ntdll.dll+0xacaec]


---------------  P R O C E S S  ---------------

Threads class SMR info:
_java_thread_list=0x000001df741e8fa0, length=25, elements={
0x000001df1387ea60, 0x000001df13924370, 0x000001df2a32e520, 0x000001df1392aea0,
0x000001df1392cf70, 0x000001df1392bbc0, 0x000001df1392c250, 0x000001df1393e900,
0x000001df6c6a5170, 0x000001df1392d600, 0x000001df1392c8e0, 0x000001df1392dc90,
0x000001df1392e320, 0x000001df1392b530, 0x000001df722db7c0, 0x000001df722dcb70,
0x000001df722dd200, 0x000001df722ddf20, 0x000001df722de5b0, 0x000001df722dd890,
0x000001df722dec40, 0x000001df722dbe50, 0x000001df722df960, 0x000001df722dc4e0,
0x000001df722e20c0
}

Java Threads: ( => current thread )
  0x000001df1387ea60 JavaThread "main"                              [_thread_blocked, id=5176, stack(0x00000045f3d00000,0x00000045f3e00000) (1024K)]
  0x000001df13924370 JavaThread "Reference Handler"          daemon [_thread_blocked, id=24860, stack(0x00000045f4100000,0x00000045f4200000) (1024K)]
  0x000001df2a32e520 JavaThread "Finalizer"                  daemon [_thread_blocked, id=16180, stack(0x00000045f4200000,0x00000045f4300000) (1024K)]
  0x000001df1392aea0 JavaThread "Signal Dispatcher"          daemon [_thread_blocked, id=6008, stack(0x00000045f4300000,0x00000045f4400000) (1024K)]
  0x000001df1392cf70 JavaThread "Attach Listener"            daemon [_thread_blocked, id=13604, stack(0x00000045f4400000,0x00000045f4500000) (1024K)]
  0x000001df1392bbc0 JavaThread "Service Thread"             daemon [_thread_blocked, id=32300, stack(0x00000045f4500000,0x00000045f4600000) (1024K)]
  0x000001df1392c250 JavaThread "Monitor Deflation Thread"   daemon [_thread_blocked, id=17844, stack(0x00000045f4600000,0x00000045f4700000) (1024K)]
=>0x000001df1393e900 JavaThread "C2 CompilerThread0"         daemon [_thread_in_native, id=34296, stack(0x00000045f4700000,0x00000045f4800000) (1024K)]
  0x000001df6c6a5170 JavaThread "C1 CompilerThread0"         daemon [_thread_blocked, id=23220, stack(0x00000045f4800000,0x00000045f4900000) (1024K)]
  0x000001df1392d600 JavaThread "Common-Cleaner"             daemon [_thread_blocked, id=22996, stack(0x00000045f4a00000,0x00000045f4b00000) (1024K)]
  0x000001df1392c8e0 JavaThread "Notification Thread"        daemon [_thread_blocked, id=6936, stack(0x00000045f4b00000,0x00000045f4c00000) (1024K)]
  0x000001df1392dc90 JavaThread "Active Thread: Equinox Container: b8b2720f-22a2-48bb-a2ed-d35bcb3bc32f"        [_thread_in_native, id=2204, stack(0x00000045f5300000,0x00000045f5400000) (1024K)]
  0x000001df1392e320 JavaThread "Refresh Thread: Equinox Container: b8b2720f-22a2-48bb-a2ed-d35bcb3bc32f" daemon [_thread_blocked, id=28396, stack(0x00000045f5500000,0x00000045f5600000) (1024K)]
  0x000001df1392b530 JavaThread "Framework Event Dispatcher: Equinox Container: b8b2720f-22a2-48bb-a2ed-d35bcb3bc32f" daemon [_thread_blocked, id=11204, stack(0x00000045f4900000,0x00000045f4a00000) (1024K)]
  0x000001df722db7c0 JavaThread "Start Level: Equinox Container: b8b2720f-22a2-48bb-a2ed-d35bcb3bc32f" daemon [_thread_in_vm, id=28404, stack(0x00000045f4c00000,0x00000045f4d00000) (1024K)]
  0x000001df722dcb70 JavaThread "Bundle File Closer"         daemon [_thread_blocked, id=16244, stack(0x00000045f5800000,0x00000045f5900000) (1024K)]
  0x000001df722dd200 JavaThread "SCR Component Actor"        daemon [_thread_blocked, id=12684, stack(0x00000045f5900000,0x00000045f5a00000) (1024K)]
  0x000001df722ddf20 JavaThread "Worker-JM"                         [_thread_blocked, id=28412, stack(0x00000045f5a00000,0x00000045f5b00000) (1024K)]
  0x000001df722de5b0 JavaThread "JNA Cleaner"                daemon [_thread_blocked, id=13120, stack(0x00000045f5b00000,0x00000045f5c00000) (1024K)]
  0x000001df722dd890 JavaThread "Worker-0: Updating Maven Dependencies"        [_thread_blocked, id=18988, stack(0x00000045f5c00000,0x00000045f5d00000) (1024K)]
  0x000001df722dec40 JavaThread "Worker-1: Repository registry initialization"        [_thread_in_Java, id=10824, stack(0x00000045f5d00000,0x00000045f5e00000) (1024K)]
  0x000001df722dbe50 JavaThread "Worker-2"                          [_thread_blocked, id=8988, stack(0x00000045f5e00000,0x00000045f5f00000) (1024K)]
  0x000001df722df960 JavaThread "Worker-3"                          [_thread_blocked, id=27464, stack(0x00000045f5f00000,0x00000045f6000000) (1024K)]
  0x000001df722dc4e0 JavaThread "Java indexing"              daemon [_thread_blocked, id=27256, stack(0x00000045f6000000,0x00000045f6100000) (1024K)]
  0x000001df722e20c0 JavaThread "Worker-4"                          [_thread_blocked, id=12384, stack(0x00000045f6100000,0x00000045f6200000) (1024K)]
Total: 25

Other Threads:
  0x000001df2a3145c0 VMThread "VM Thread"                           [id=24928, stack(0x00000045f4000000,0x00000045f4100000) (1024K)]
  0x000001df2a20cb20 WatcherThread "VM Periodic Task Thread"        [id=4940, stack(0x00000045f3f00000,0x00000045f4000000) (1024K)]
  0x000001df1389ecf0 WorkerThread "GC Thread#0"                     [id=19660, stack(0x00000045f3e00000,0x00000045f3f00000) (1024K)]
  0x000001df6d6b7bf0 WorkerThread "GC Thread#1"                     [id=32384, stack(0x00000045f4d00000,0x00000045f4e00000) (1024K)]
  0x000001df6d6b7fa0 WorkerThread "GC Thread#2"                     [id=31356, stack(0x00000045f4e00000,0x00000045f4f00000) (1024K)]
  0x000001df6d6b8350 WorkerThread "GC Thread#3"                     [id=5040, stack(0x00000045f4f00000,0x00000045f5000000) (1024K)]
  0x000001df7213d390 WorkerThread "GC Thread#4"                     [id=17328, stack(0x00000045f5000000,0x00000045f5100000) (1024K)]
  0x000001df7213d740 WorkerThread "GC Thread#5"                     [id=11720, stack(0x00000045f5100000,0x00000045f5200000) (1024K)]
  0x000001df7213daf0 WorkerThread "GC Thread#6"                     [id=7000, stack(0x00000045f5200000,0x00000045f5300000) (1024K)]
  0x000001df6dac2920 WorkerThread "GC Thread#7"                     [id=25740, stack(0x00000045f5400000,0x00000045f5500000) (1024K)]
  0x000001df725e78a0 WorkerThread "GC Thread#8"                     [id=14984, stack(0x00000045f5600000,0x00000045f5700000) (1024K)]
  0x000001df722b9230 WorkerThread "GC Thread#9"                     [id=14956, stack(0x00000045f5700000,0x00000045f5800000) (1024K)]
Total: 12

Threads with active compile tasks:
C2 CompilerThread0  32485 4473   !   4       org.eclipse.osgi.internal.loader.classpath.ClasspathManager::findLocalClass (210 bytes)
Total: 1

VM state: not at safepoint (normal execution)

VM Mutex/Monitor currently owned by a thread:  ([mutex/lock_event])
[0x00007fff84a2e0b0] MethodCompileQueue_lock - owner thread: 0x000001df6c6a5170

Heap address: 0x0000000080000000, size: 2048 MB, Compressed Oops mode: 32-bit

CDS archive(s) mapped at: [0x000001df2b000000-0x000001df2bba0000-0x000001df2bba0000), size 12189696, SharedBaseAddress: 0x000001df2b000000, ArchiveRelocationMode: 1.
Compressed class space mapped at: 0x000001df2c000000-0x000001df6c000000, reserved size: 1073741824
Narrow klass base: 0x000001df2b000000, Narrow klass shift: 0, Narrow klass range: 0x100000000

GC Precious Log:
 CardTable entry size: 512
 CPUs: 12 total, 12 available
 Memory: 16068M
 Large Page Support: Disabled
 NUMA Support: Disabled
 Compressed Oops: Enabled (32-bit)
 Alignments: Space 512K, Generation 512K, Heap 2M
 Heap Min Capacity: 100M
 Heap Initial Capacity: 100M
 Heap Max Capacity: 2G
 Pre-touch: Disabled
 Parallel Workers: 10

Heap:
 PSYoungGen      total 23040K, used 2477K [0x00000000d5580000, 0x00000000d7200000, 0x0000000100000000)
  eden space 22016K, 6% used [0x00000000d5580000,0x00000000d56ef798,0x00000000d6b00000)
  from space 1024K, 98% used [0x00000000d7100000,0x00000000d71fbf88,0x00000000d7200000)
  to   space 1536K, 0% used [0x00000000d6f00000,0x00000000d6f00000,0x00000000d7080000)
 ParOldGen       total 68608K, used 16247K [0x0000000080000000, 0x0000000084300000, 0x00000000d5580000)
  object space 68608K, 23% used [0x0000000080000000,0x0000000080fddd28,0x0000000084300000)
 Metaspace       used 31959K, committed 32960K, reserved 1114112K
  class space    used 3341K, committed 3776K, reserved 1048576K

Card table byte_map: [0x000001df13220000,0x000001df13630000] _byte_map_base: 0x000001df12e20000

Marking Bits: (ParMarkBitMap*) 0x00007fff84a344a0
 Begin Bits: [0x000001df25d30000, 0x000001df27d30000)
 End Bits:   [0x000001df27d30000, 0x000001df29d30000)

Polling page: 0x000001df11ad0000

Metaspace:

Usage:
  Non-class:     27.95 MB used.
      Class:      3.26 MB used.
       Both:     31.21 MB used.

Virtual space:
  Non-class space:       64.00 MB reserved,      28.50 MB ( 45%) committed,  1 nodes.
      Class space:        1.00 GB reserved,       3.69 MB ( <1%) committed,  1 nodes.
             Both:        1.06 GB reserved,      32.19 MB (  3%) committed. 

Chunk freelists:
   Non-Class:  3.50 MB
       Class:  12.25 MB
        Both:  15.75 MB

MaxMetaspaceSize: unlimited
CompressedClassSpaceSize: 1.00 GB
Initial GC threshold: 21.00 MB
Current GC threshold: 35.00 MB
CDS: on
 - commit_granule_bytes: 65536.
 - commit_granule_words: 8192.
 - virtual_space_node_default_size: 8388608.
 - enlarge_chunks_in_place: 1.
 - use_allocation_guard: 0.


Internal statistics:

num_allocs_failed_limit: 3.
num_arena_births: 744.
num_arena_deaths: 14.
num_vsnodes_births: 2.
num_vsnodes_deaths: 0.
num_space_committed: 515.
num_space_uncommitted: 0.
num_chunks_returned_to_freelist: 17.
num_chunks_taken_from_freelist: 2145.
num_chunk_merges: 9.
num_chunk_splits: 1312.
num_chunks_enlarged: 765.
num_inconsistent_stats: 0.

CodeHeap 'non-profiled nmethods': size=120000Kb used=2304Kb max_used=2304Kb free=117695Kb
 bounds [0x000001df1e550000, 0x000001df1e7c0000, 0x000001df25a80000]
CodeHeap 'profiled nmethods': size=120000Kb used=9830Kb max_used=9830Kb free=110169Kb
 bounds [0x000001df16a80000, 0x000001df17420000, 0x000001df1dfb0000]
CodeHeap 'non-nmethods': size=5760Kb used=1336Kb max_used=1388Kb free=4423Kb
 bounds [0x000001df1dfb0000, 0x000001df1e220000, 0x000001df1e550000]
CodeCache: size=245760Kb, used=13470Kb, max_used=13522Kb, free=232287Kb
 total_blobs=5194, nmethods=4567, adapters=533, full_count=0
Compilation: enabled, stopped_count=0, restarted_count=0

Compilation events (20 events):
Event: 30.978 Thread 0x000001df6c6a5170 4469       3       org.objectweb.asm.ClassReader::readField (675 bytes)
Event: 30.987 Thread 0x000001df6c6a5170 nmethod 4469 0x000001df173ba710 code [0x000001df173bac80, 0x000001df173bce40]
Event: 30.987 Thread 0x000001df6c6a5170 4470       3       org.objectweb.asm.ClassVisitor::visitField (24 bytes)
Event: 30.988 Thread 0x000001df6c6a5170 nmethod 4470 0x000001df173bdf10 code [0x000001df173be0e0, 0x000001df173be468]
Event: 31.045 Thread 0x000001df6c6a5170 4471       3       org.objectweb.asm.ClassReader::getFirstAttributeOffset (136 bytes)
Event: 31.046 Thread 0x000001df6c6a5170 nmethod 4471 0x000001df173be590 code [0x000001df173be7e0, 0x000001df173bee70]
Event: 31.054 Thread 0x000001df6c6a5170 4472   !   3       sun.reflect.annotation.AnnotationParser::parseAnnotation2 (275 bytes)
Event: 31.060 Thread 0x000001df6c6a5170 nmethod 4472 0x000001df173bf110 code [0x000001df173bf540, 0x000001df173c1190]
Event: 31.074 Thread 0x000001df1393e900 nmethod 4468 0x000001df1e78dd90 code [0x000001df1e78e0c0, 0x000001df1e78f110]
Event: 31.085 Thread 0x000001df1393e900 4473   !   4       org.eclipse.osgi.internal.loader.classpath.ClasspathManager::findLocalClass (210 bytes)
Event: 31.105 Thread 0x000001df6c6a5170 4474       3       jdk.internal.loader.AbstractClassLoaderValue::<init> (5 bytes)
Event: 31.105 Thread 0x000001df6c6a5170 nmethod 4474 0x000001df173c1c10 code [0x000001df173c1dc0, 0x000001df173c1f28]
Event: 31.147 Thread 0x000001df6c6a5170 4476       3       java.lang.Class::isAnnotation (17 bytes)
Event: 31.148 Thread 0x000001df6c6a5170 nmethod 4476 0x000001df173c2010 code [0x000001df173c21c0, 0x000001df173c2350]
Event: 31.207 Thread 0x000001df6c6a5170 4477       3       jdk.internal.loader.AbstractClassLoaderValue::sub (10 bytes)
Event: 31.208 Thread 0x000001df6c6a5170 nmethod 4477 0x000001df173c2410 code [0x000001df173c25c0, 0x000001df173c2870]
Event: 31.209 Thread 0x000001df6c6a5170 4479   !   3       jdk.internal.loader.AbstractClassLoaderValue::computeIfAbsent (113 bytes)
Event: 31.212 Thread 0x000001df6c6a5170 nmethod 4479 0x000001df173c2990 code [0x000001df173c2c40, 0x000001df173c39a8]
Event: 31.212 Thread 0x000001df6c6a5170 4478       3       jdk.internal.loader.AbstractClassLoaderValue$Sub::<init> (15 bytes)
Event: 31.213 Thread 0x000001df6c6a5170 nmethod 4478 0x000001df173c4010 code [0x000001df173c41c0, 0x000001df173c43b8]

GC Heap History (20 events):
Event: 4.816 GC heap before
{Heap before GC invocations=3 (full 0):
 PSYoungGen      total 29696K, used 29670K [0x00000000d5580000, 0x00000000d7680000, 0x0000000100000000)
  eden space 25600K, 100% used [0x00000000d5580000,0x00000000d6e80000,0x00000000d6e80000)
  from space 4096K, 99% used [0x00000000d7280000,0x00000000d7679820,0x00000000d7680000)
  to   space 4096K, 0% used [0x00000000d6e80000,0x00000000d6e80000,0x00000000d7280000)
 ParOldGen       total 68608K, used 1968K [0x0000000080000000, 0x0000000084300000, 0x00000000d5580000)
  object space 68608K, 2% used [0x0000000080000000,0x00000000801ec318,0x0000000084300000)
 Metaspace       used 9462K, committed 9792K, reserved 1114112K
  class space    used 1006K, committed 1152K, reserved 1048576K
}
Event: 4.829 GC heap after
{Heap after GC invocations=3 (full 0):
 PSYoungGen      total 29696K, used 4070K [0x00000000d5580000, 0x00000000d7680000, 0x0000000100000000)
  eden space 25600K, 0% used [0x00000000d5580000,0x00000000d5580000,0x00000000d6e80000)
  from space 4096K, 99% used [0x00000000d6e80000,0x00000000d7279858,0x00000000d7280000)
  to   space 4096K, 0% used [0x00000000d7280000,0x00000000d7280000,0x00000000d7680000)
 ParOldGen       total 68608K, used 4911K [0x0000000080000000, 0x0000000084300000, 0x00000000d5580000)
  object space 68608K, 7% used [0x0000000080000000,0x00000000804cbdd8,0x0000000084300000)
 Metaspace       used 9462K, committed 9792K, reserved 1114112K
  class space    used 1006K, committed 1152K, reserved 1048576K
}
Event: 8.738 GC heap before
{Heap before GC invocations=4 (full 0):
 PSYoungGen      total 29696K, used 29670K [0x00000000d5580000, 0x00000000d7680000, 0x0000000100000000)
  eden space 25600K, 100% used [0x00000000d5580000,0x00000000d6e80000,0x00000000d6e80000)
  from space 4096K, 99% used [0x00000000d6e80000,0x00000000d7279858,0x00000000d7280000)
  to   space 4096K, 0% used [0x00000000d7280000,0x00000000d7280000,0x00000000d7680000)
 ParOldGen       total 68608K, used 4911K [0x0000000080000000, 0x0000000084300000, 0x00000000d5580000)
  object space 68608K, 7% used [0x0000000080000000,0x00000000804cbdd8,0x0000000084300000)
 Metaspace       used 11675K, committed 12032K, reserved 1114112K
  class space    used 1239K, committed 1408K, reserved 1048576K
}
Event: 8.756 GC heap after
{Heap after GC invocations=4 (full 0):
 PSYoungGen      total 29696K, used 4095K [0x00000000d5580000, 0x00000000d7680000, 0x0000000100000000)
  eden space 25600K, 0% used [0x00000000d5580000,0x00000000d5580000,0x00000000d6e80000)
  from space 4096K, 99% used [0x00000000d7280000,0x00000000d767fe48,0x00000000d7680000)
  to   space 4096K, 0% used [0x00000000d6e80000,0x00000000d6e80000,0x00000000d7280000)
 ParOldGen       total 68608K, used 6606K [0x0000000080000000, 0x0000000084300000, 0x00000000d5580000)
  object space 68608K, 9% used [0x0000000080000000,0x0000000080673908,0x0000000084300000)
 Metaspace       used 11675K, committed 12032K, reserved 1114112K
  class space    used 1239K, committed 1408K, reserved 1048576K
}
Event: 12.557 GC heap before
{Heap before GC invocations=5 (full 0):
 PSYoungGen      total 29696K, used 29695K [0x00000000d5580000, 0x00000000d7680000, 0x0000000100000000)
  eden space 25600K, 100% used [0x00000000d5580000,0x00000000d6e80000,0x00000000d6e80000)
  from space 4096K, 99% used [0x00000000d7280000,0x00000000d767fe48,0x00000000d7680000)
  to   space 4096K, 0% used [0x00000000d6e80000,0x00000000d6e80000,0x00000000d7280000)
 ParOldGen       total 68608K, used 6606K [0x0000000080000000, 0x0000000084300000, 0x00000000d5580000)
  object space 68608K, 9% used [0x0000000080000000,0x0000000080673908,0x0000000084300000)
 Metaspace       used 15714K, committed 16384K, reserved 1114112K
  class space    used 1631K, committed 1920K, reserved 1048576K
}
Event: 12.568 GC heap after
{Heap after GC invocations=5 (full 0):
 PSYoungGen      total 29184K, used 4070K [0x00000000d5580000, 0x00000000d7a00000, 0x0000000100000000)
  eden space 25088K, 0% used [0x00000000d5580000,0x00000000d5580000,0x00000000d6e00000)
  from space 4096K, 99% used [0x00000000d6e80000,0x00000000d7279878,0x00000000d7280000)
  to   space 6144K, 0% used [0x00000000d7400000,0x00000000d7400000,0x00000000d7a00000)
 ParOldGen       total 68608K, used 8105K [0x0000000080000000, 0x0000000084300000, 0x00000000d5580000)
  object space 68608K, 11% used [0x0000000080000000,0x00000000807ea630,0x0000000084300000)
 Metaspace       used 15714K, committed 16384K, reserved 1114112K
  class space    used 1631K, committed 1920K, reserved 1048576K
}
Event: 16.342 GC heap before
{Heap before GC invocations=6 (full 0):
 PSYoungGen      total 29184K, used 29158K [0x00000000d5580000, 0x00000000d7a00000, 0x0000000100000000)
  eden space 25088K, 100% used [0x00000000d5580000,0x00000000d6e00000,0x00000000d6e00000)
  from space 4096K, 99% used [0x00000000d6e80000,0x00000000d7279878,0x00000000d7280000)
  to   space 6144K, 0% used [0x00000000d7400000,0x00000000d7400000,0x00000000d7a00000)
 ParOldGen       total 68608K, used 8105K [0x0000000080000000, 0x0000000084300000, 0x00000000d5580000)
  object space 68608K, 11% used [0x0000000080000000,0x00000000807ea630,0x0000000084300000)
 Metaspace       used 18832K, committed 19584K, reserved 1114112K
  class space    used 1977K, committed 2304K, reserved 1048576K
}
Event: 16.353 GC heap after
{Heap after GC invocations=6 (full 0):
 PSYoungGen      total 29184K, used 4545K [0x00000000d5580000, 0x00000000d7880000, 0x0000000100000000)
  eden space 24576K, 0% used [0x00000000d5580000,0x00000000d5580000,0x00000000d6d80000)
  from space 4608K, 98% used [0x00000000d7400000,0x00000000d78705f0,0x00000000d7880000)
  to   space 5120K, 0% used [0x00000000d6e80000,0x00000000d6e80000,0x00000000d7380000)
 ParOldGen       total 68608K, used 8113K [0x0000000080000000, 0x0000000084300000, 0x00000000d5580000)
  object space 68608K, 11% used [0x0000000080000000,0x00000000807ec630,0x0000000084300000)
 Metaspace       used 18832K, committed 19584K, reserved 1114112K
  class space    used 1977K, committed 2304K, reserved 1048576K
}
Event: 19.562 GC heap before
{Heap before GC invocations=7 (full 0):
 PSYoungGen      total 29184K, used 24300K [0x00000000d5580000, 0x00000000d7880000, 0x0000000100000000)
  eden space 24576K, 80% used [0x00000000d5580000,0x00000000d68cac20,0x00000000d6d80000)
  from space 4608K, 98% used [0x00000000d7400000,0x00000000d78705f0,0x00000000d7880000)
  to   space 5120K, 0% used [0x00000000d6e80000,0x00000000d6e80000,0x00000000d7380000)
 ParOldGen       total 68608K, used 8113K [0x0000000080000000, 0x0000000084300000, 0x00000000d5580000)
  object space 68608K, 11% used [0x0000000080000000,0x00000000807ec630,0x0000000084300000)
 Metaspace       used 20712K, committed 21504K, reserved 1114112K
  class space    used 2200K, committed 2560K, reserved 1048576K
}
Event: 19.576 GC heap after
{Heap after GC invocations=7 (full 0):
 PSYoungGen      total 29184K, used 4281K [0x00000000d5580000, 0x00000000d7680000, 0x0000000100000000)
  eden space 24576K, 0% used [0x00000000d5580000,0x00000000d5580000,0x00000000d6d80000)
  from space 4608K, 92% used [0x00000000d6e80000,0x00000000d72ae6e8,0x00000000d7300000)
  to   space 3584K, 0% used [0x00000000d7300000,0x00000000d7300000,0x00000000d7680000)
 ParOldGen       total 68608K, used 9393K [0x0000000080000000, 0x0000000084300000, 0x00000000d5580000)
  object space 68608K, 13% used [0x0000000080000000,0x000000008092c5c8,0x0000000084300000)
 Metaspace       used 20712K, committed 21504K, reserved 1114112K
  class space    used 2200K, committed 2560K, reserved 1048576K
}
Event: 19.576 GC heap before
{Heap before GC invocations=8 (full 1):
 PSYoungGen      total 29184K, used 4281K [0x00000000d5580000, 0x00000000d7680000, 0x0000000100000000)
  eden space 24576K, 0% used [0x00000000d5580000,0x00000000d5580000,0x00000000d6d80000)
  from space 4608K, 92% used [0x00000000d6e80000,0x00000000d72ae6e8,0x00000000d7300000)
  to   space 3584K, 0% used [0x00000000d7300000,0x00000000d7300000,0x00000000d7680000)
 ParOldGen       total 68608K, used 9393K [0x0000000080000000, 0x0000000084300000, 0x00000000d5580000)
  object space 68608K, 13% used [0x0000000080000000,0x000000008092c5c8,0x0000000084300000)
 Metaspace       used 20712K, committed 21504K, reserved 1114112K
  class space    used 2200K, committed 2560K, reserved 1048576K
}
Event: 19.681 GC heap after
{Heap after GC invocations=8 (full 1):
 PSYoungGen      total 29184K, used 0K [0x00000000d5580000, 0x00000000d7680000, 0x0000000100000000)
  eden space 24576K, 0% used [0x00000000d5580000,0x00000000d5580000,0x00000000d6d80000)
  from space 4608K, 0% used [0x00000000d6e80000,0x00000000d6e80000,0x00000000d7300000)
  to   space 3584K, 0% used [0x00000000d7300000,0x00000000d7300000,0x00000000d7680000)
 ParOldGen       total 68608K, used 13032K [0x0000000080000000, 0x0000000084300000, 0x00000000d5580000)
  object space 68608K, 18% used [0x0000000080000000,0x0000000080cba2f8,0x0000000084300000)
 Metaspace       used 20699K, committed 21504K, reserved 1114112K
  class space    used 2196K, committed 2560K, reserved 1048576K
}
Event: 22.929 GC heap before
{Heap before GC invocations=9 (full 1):
 PSYoungGen      total 29184K, used 24576K [0x00000000d5580000, 0x00000000d7680000, 0x0000000100000000)
  eden space 24576K, 100% used [0x00000000d5580000,0x00000000d6d80000,0x00000000d6d80000)
  from space 4608K, 0% used [0x00000000d6e80000,0x00000000d6e80000,0x00000000d7300000)
  to   space 3584K, 0% used [0x00000000d7300000,0x00000000d7300000,0x00000000d7680000)
 ParOldGen       total 68608K, used 13032K [0x0000000080000000, 0x0000000084300000, 0x00000000d5580000)
  object space 68608K, 18% used [0x0000000080000000,0x0000000080cba2f8,0x0000000084300000)
 Metaspace       used 22765K, committed 23680K, reserved 1114112K
  class space    used 2396K, committed 2752K, reserved 1048576K
}
Event: 22.933 GC heap after
{Heap after GC invocations=9 (full 1):
 PSYoungGen      total 27136K, used 2677K [0x00000000d5580000, 0x00000000d7600000, 0x0000000100000000)
  eden space 24064K, 0% used [0x00000000d5580000,0x00000000d5580000,0x00000000d6d00000)
  from space 3072K, 87% used [0x00000000d7300000,0x00000000d759d478,0x00000000d7600000)
  to   space 3584K, 0% used [0x00000000d6f00000,0x00000000d6f00000,0x00000000d7280000)
 ParOldGen       total 68608K, used 13040K [0x0000000080000000, 0x0000000084300000, 0x00000000d5580000)
  object space 68608K, 19% used [0x0000000080000000,0x0000000080cbc2f8,0x0000000084300000)
 Metaspace       used 22765K, committed 23680K, reserved 1114112K
  class space    used 2396K, committed 2752K, reserved 1048576K
}
Event: 26.897 GC heap before
{Heap before GC invocations=10 (full 1):
 PSYoungGen      total 27136K, used 26741K [0x00000000d5580000, 0x00000000d7600000, 0x0000000100000000)
  eden space 24064K, 100% used [0x00000000d5580000,0x00000000d6d00000,0x00000000d6d00000)
  from space 3072K, 87% used [0x00000000d7300000,0x00000000d759d478,0x00000000d7600000)
  to   space 3584K, 0% used [0x00000000d6f00000,0x00000000d6f00000,0x00000000d7280000)
 ParOldGen       total 68608K, used 13040K [0x0000000080000000, 0x0000000084300000, 0x00000000d5580000)
  object space 68608K, 19% used [0x0000000080000000,0x0000000080cbc2f8,0x0000000084300000)
 Metaspace       used 26686K, committed 27584K, reserved 1114112K
  class space    used 2767K, committed 3136K, reserved 1048576K
}
Event: 26.901 GC heap after
{Heap after GC invocations=10 (full 1):
 PSYoungGen      total 25088K, used 1159K [0x00000000d5580000, 0x00000000d7380000, 0x0000000100000000)
  eden space 23552K, 0% used [0x00000000d5580000,0x00000000d5580000,0x00000000d6c80000)
  from space 1536K, 75% used [0x00000000d6f00000,0x00000000d7021e98,0x00000000d7080000)
  to   space 2048K, 0% used [0x00000000d7180000,0x00000000d7180000,0x00000000d7380000)
 ParOldGen       total 68608K, used 13040K [0x0000000080000000, 0x0000000084300000, 0x00000000d5580000)
  object space 68608K, 19% used [0x0000000080000000,0x0000000080cbc2f8,0x0000000084300000)
 Metaspace       used 26686K, committed 27584K, reserved 1114112K
  class space    used 2767K, committed 3136K, reserved 1048576K
}
Event: 28.295 GC heap before
{Heap before GC invocations=11 (full 1):
 PSYoungGen      total 25088K, used 24711K [0x00000000d5580000, 0x00000000d7380000, 0x0000000100000000)
  eden space 23552K, 100% used [0x00000000d5580000,0x00000000d6c80000,0x00000000d6c80000)
  from space 1536K, 75% used [0x00000000d6f00000,0x00000000d7021e98,0x00000000d7080000)
  to   space 2048K, 0% used [0x00000000d7180000,0x00000000d7180000,0x00000000d7380000)
 ParOldGen       total 68608K, used 13040K [0x0000000080000000, 0x0000000084300000, 0x00000000d5580000)
  object space 68608K, 19% used [0x0000000080000000,0x0000000080cbc2f8,0x0000000084300000)
 Metaspace       used 29272K, committed 30272K, reserved 1114112K
  class space    used 3021K, committed 3456K, reserved 1048576K
}
Event: 28.300 GC heap after
{Heap after GC invocations=11 (full 1):
 PSYoungGen      total 25088K, used 1659K [0x00000000d5580000, 0x00000000d7380000, 0x0000000100000000)
  eden space 23040K, 0% used [0x00000000d5580000,0x00000000d5580000,0x00000000d6c00000)
  from space 2048K, 81% used [0x00000000d7180000,0x00000000d731eda0,0x00000000d7380000)
  to   space 2048K, 0% used [0x00000000d6f80000,0x00000000d6f80000,0x00000000d7180000)
 ParOldGen       total 68608K, used 14519K [0x0000000080000000, 0x0000000084300000, 0x00000000d5580000)
  object space 68608K, 21% used [0x0000000080000000,0x0000000080e2df10,0x0000000084300000)
 Metaspace       used 29272K, committed 30272K, reserved 1114112K
  class space    used 3021K, committed 3456K, reserved 1048576K
}
Event: 29.638 GC heap before
{Heap before GC invocations=12 (full 1):
 PSYoungGen      total 25088K, used 24699K [0x00000000d5580000, 0x00000000d7380000, 0x0000000100000000)
  eden space 23040K, 100% used [0x00000000d5580000,0x00000000d6c00000,0x00000000d6c00000)
  from space 2048K, 81% used [0x00000000d7180000,0x00000000d731eda0,0x00000000d7380000)
  to   space 2048K, 0% used [0x00000000d6f80000,0x00000000d6f80000,0x00000000d7180000)
 ParOldGen       total 68608K, used 14519K [0x0000000080000000, 0x0000000084300000, 0x00000000d5580000)
  object space 68608K, 21% used [0x0000000080000000,0x0000000080e2df10,0x0000000084300000)
 Metaspace       used 30007K, committed 30976K, reserved 1114112K
  class space    used 3103K, committed 3520K, reserved 1048576K
}
Event: 29.644 GC heap after
{Heap after GC invocations=12 (full 1):
 PSYoungGen      total 23040K, used 512K [0x00000000d5580000, 0x00000000d7200000, 0x0000000100000000)
  eden space 22528K, 0% used [0x00000000d5580000,0x00000000d5580000,0x00000000d6b80000)
  from space 512K, 100% used [0x00000000d6f80000,0x00000000d7000000,0x00000000d7000000)
  to   space 1024K, 0% used [0x00000000d7100000,0x00000000d7100000,0x00000000d7200000)
 ParOldGen       total 68608K, used 15943K [0x0000000080000000, 0x0000000084300000, 0x00000000d5580000)
  object space 68608K, 23% used [0x0000000080000000,0x0000000080f91ce8,0x0000000084300000)
 Metaspace       used 30007K, committed 30976K, reserved 1114112K
  class space    used 3103K, committed 3520K, reserved 1048576K
}

Dll operation events (20 events):
Event: 0.022 Attempting to load shared library c:\Users\NGUYEN THUY NGAN\.antigravity-ide\extensions\redhat.java-1.56.0-win32-x64\jre\21.0.12.1-win32-x86_64\bin\java.dll
Event: 0.022 Loaded shared library c:\Users\NGUYEN THUY NGAN\.antigravity-ide\extensions\redhat.java-1.56.0-win32-x64\jre\21.0.12.1-win32-x86_64\bin\java.dll
Event: 0.152 Attempting to load shared library c:\Users\NGUYEN THUY NGAN\.antigravity-ide\extensions\redhat.java-1.56.0-win32-x64\jre\21.0.12.1-win32-x86_64\bin\zip.dll
Event: 0.153 Loaded shared library c:\Users\NGUYEN THUY NGAN\.antigravity-ide\extensions\redhat.java-1.56.0-win32-x64\jre\21.0.12.1-win32-x86_64\bin\zip.dll
Event: 0.196 Attempting to load shared library C:\Users\NGUYEN THUY NGAN\.antigravity-ide\extensions\redhat.java-1.56.0-win32-x64\jre\21.0.12.1-win32-x86_64\bin\instrument.dll
Event: 0.196 Loaded shared library C:\Users\NGUYEN THUY NGAN\.antigravity-ide\extensions\redhat.java-1.56.0-win32-x64\jre\21.0.12.1-win32-x86_64\bin\instrument.dll
Event: 0.210 Attempting to load shared library C:\Users\NGUYEN THUY NGAN\.antigravity-ide\extensions\redhat.java-1.56.0-win32-x64\jre\21.0.12.1-win32-x86_64\bin\net.dll
Event: 0.212 Loaded shared library C:\Users\NGUYEN THUY NGAN\.antigravity-ide\extensions\redhat.java-1.56.0-win32-x64\jre\21.0.12.1-win32-x86_64\bin\net.dll
Event: 0.216 Attempting to load shared library C:\Users\NGUYEN THUY NGAN\.antigravity-ide\extensions\redhat.java-1.56.0-win32-x64\jre\21.0.12.1-win32-x86_64\bin\nio.dll
Event: 0.216 Loaded shared library C:\Users\NGUYEN THUY NGAN\.antigravity-ide\extensions\redhat.java-1.56.0-win32-x64\jre\21.0.12.1-win32-x86_64\bin\nio.dll
Event: 0.223 Attempting to load shared library C:\Users\NGUYEN THUY NGAN\.antigravity-ide\extensions\redhat.java-1.56.0-win32-x64\jre\21.0.12.1-win32-x86_64\bin\zip.dll
Event: 0.223 Loaded shared library C:\Users\NGUYEN THUY NGAN\.antigravity-ide\extensions\redhat.java-1.56.0-win32-x64\jre\21.0.12.1-win32-x86_64\bin\zip.dll
Event: 0.269 Attempting to load shared library C:\Users\NGUYEN THUY NGAN\.antigravity-ide\extensions\redhat.java-1.56.0-win32-x64\jre\21.0.12.1-win32-x86_64\bin\jimage.dll
Event: 0.269 Loaded shared library C:\Users\NGUYEN THUY NGAN\.antigravity-ide\extensions\redhat.java-1.56.0-win32-x64\jre\21.0.12.1-win32-x86_64\bin\jimage.dll
Event: 0.446 Attempting to load shared library c:\Users\NGUYEN THUY NGAN\.antigravity-ide\extensions\redhat.java-1.56.0-win32-x64\jre\21.0.12.1-win32-x86_64\bin\verify.dll
Event: 0.447 Loaded shared library c:\Users\NGUYEN THUY NGAN\.antigravity-ide\extensions\redhat.java-1.56.0-win32-x64\jre\21.0.12.1-win32-x86_64\bin\verify.dll
Event: 2.963 Attempting to load shared library C:\Users\NGUYEN THUY NGAN\AppData\Roaming\Antigravity IDE\User\globalStorage\redhat.java\1.56.0\config_win\org.eclipse.equinox.launcher\org.eclipse.equinox.launcher.win32.win32.x86_64_1.3.100.v20260804-1928\eclipse_11924.
Event: 2.967 Loaded shared library C:\Users\NGUYEN THUY NGAN\AppData\Roaming\Antigravity IDE\User\globalStorage\redhat.java\1.56.0\config_win\org.eclipse.equinox.launcher\org.eclipse.equinox.launcher.win32.win32.x86_64_1.3.100.v20260804-1928\eclipse_11924.dll
Event: 13.129 Attempting to load shared library C:\Users\NGUYEN THUY NGAN\AppData\Local\Temp\jna--1841499500\jna5629106992074461770.dll
Event: 13.164 Loaded shared library C:\Users\NGUYEN THUY NGAN\AppData\Local\Temp\jna--1841499500\jna5629106992074461770.dll

Deoptimization events (20 events):
Event: 29.225 Thread 0x000001df722dec40 Uncommon trap: trap_request=0xffffff45 fr.pc=0x000001df1e769220 relative=0x0000000000000a40
Event: 29.225 Thread 0x000001df722dec40 Uncommon trap: reason=unstable_if action=reinterpret pc=0x000001df1e769220 method=org.codehaus.plexus.util.xml.pull.MXParser.nextImpl()I @ 241 c2
Event: 29.225 Thread 0x000001df722dec40 DEOPT PACKING pc=0x000001df1e769220 sp=0x00000045f5dfe640
Event: 29.225 Thread 0x000001df722dec40 DEOPT UNPACKING pc=0x000001df1e003aa2 sp=0x00000045f5dfe5b0 mode 2
Event: 29.910 Thread 0x000001df722db7c0 DEOPT PACKING pc=0x000001df16f3f414 sp=0x00000045f4cfa960
Event: 29.910 Thread 0x000001df722db7c0 DEOPT UNPACKING pc=0x000001df1e004242 sp=0x00000045f4cf9eb0 mode 0
Event: 29.910 Thread 0x000001df722db7c0 DEOPT PACKING pc=0x000001df16f19a64 sp=0x00000045f4cfacf0
Event: 29.910 Thread 0x000001df722db7c0 DEOPT UNPACKING pc=0x000001df1e004242 sp=0x00000045f4cfa288 mode 0
Event: 30.069 Thread 0x000001df722db7c0 Uncommon trap: trap_request=0xffffff45 fr.pc=0x000001df1e5e0124 relative=0x00000000000004a4
Event: 30.069 Thread 0x000001df722db7c0 Uncommon trap: reason=unstable_if action=reinterpret pc=0x000001df1e5e0124 method=java.lang.AbstractStringBuilder.inflateIfNeededFor(Ljava/lang/String;)V @ 14 c2
Event: 30.069 Thread 0x000001df722db7c0 DEOPT PACKING pc=0x000001df1e5e0124 sp=0x00000045f4cfe580
Event: 30.069 Thread 0x000001df722db7c0 DEOPT UNPACKING pc=0x000001df1e003aa2 sp=0x00000045f4cfe488 mode 2
Event: 30.069 Thread 0x000001df722db7c0 Uncommon trap: trap_request=0xffffff45 fr.pc=0x000001df1e6df454 relative=0x0000000000000134
Event: 30.069 Thread 0x000001df722db7c0 Uncommon trap: reason=unstable_if action=reinterpret pc=0x000001df1e6df454 method=java.lang.AbstractStringBuilder.appendChars(Ljava/lang/String;II)V @ 4 c2
Event: 30.069 Thread 0x000001df722db7c0 DEOPT PACKING pc=0x000001df1e6df454 sp=0x00000045f4cfe500
Event: 30.069 Thread 0x000001df722db7c0 DEOPT UNPACKING pc=0x000001df1e003aa2 sp=0x00000045f4cfe490 mode 2
Event: 30.069 Thread 0x000001df722db7c0 Uncommon trap: trap_request=0xffffff45 fr.pc=0x000001df1e631ef8 relative=0x0000000000000438
Event: 30.069 Thread 0x000001df722db7c0 Uncommon trap: reason=unstable_if action=reinterpret pc=0x000001df1e631ef8 method=java.lang.AbstractStringBuilder.isLatin1()Z @ 10 c2
Event: 30.069 Thread 0x000001df722db7c0 DEOPT PACKING pc=0x000001df1e631ef8 sp=0x00000045f4cfe6b0
Event: 30.069 Thread 0x000001df722db7c0 DEOPT UNPACKING pc=0x000001df1e003aa2 sp=0x00000045f4cfe620 mode 2

Classes loaded (20 events):
Event: 28.678 Loading class java/lang/foreign/MemorySegment
Event: 28.679 Loading class java/lang/foreign/MemorySegment done
Event: 29.272 Loading class sun/reflect/generics/reflectiveObjects/TypeVariableImpl
Event: 29.273 Loading class sun/reflect/generics/reflectiveObjects/LazyReflectiveObjectGenerator
Event: 29.281 Loading class sun/reflect/generics/reflectiveObjects/LazyReflectiveObjectGenerator done
Event: 29.281 Loading class sun/reflect/generics/reflectiveObjects/TypeVariableImpl done
Event: 29.282 Loading class sun/reflect/generics/reflectiveObjects/ParameterizedTypeImpl
Event: 29.283 Loading class sun/reflect/generics/reflectiveObjects/ParameterizedTypeImpl done
Event: 29.979 Loading class java/net/SocketAddress
Event: 29.985 Loading class java/net/SocketAddress done
Event: 29.985 Loading class java/net/InetSocketAddress
Event: 29.985 Loading class java/net/InetSocketAddress done
Event: 29.985 Loading class java/nio/channels/AsynchronousByteChannel
Event: 29.986 Loading class java/nio/channels/AsynchronousChannel
Event: 29.986 Loading class java/nio/channels/AsynchronousChannel done
Event: 29.986 Loading class java/nio/channels/AsynchronousByteChannel done
Event: 29.986 Loading class java/net/Authenticator
Event: 29.987 Loading class java/net/Authenticator done
Event: 30.080 Loading class java/lang/ProcessEnvironment
Event: 30.083 Loading class java/lang/ProcessEnvironment done

Classes unloaded (7 events):
Event: 19.600 Thread 0x000001df2a3145c0 Unloading class 0x000001df2c1a5400 'java/lang/invoke/LambdaForm$MH+0x000001df2c1a5400'
Event: 19.600 Thread 0x000001df2a3145c0 Unloading class 0x000001df2c1a5000 'java/lang/invoke/LambdaForm$MH+0x000001df2c1a5000'
Event: 19.600 Thread 0x000001df2a3145c0 Unloading class 0x000001df2c1a4c00 'java/lang/invoke/LambdaForm$MH+0x000001df2c1a4c00'
Event: 19.600 Thread 0x000001df2a3145c0 Unloading class 0x000001df2c1a4800 'java/lang/invoke/LambdaForm$MH+0x000001df2c1a4800'
Event: 19.600 Thread 0x000001df2a3145c0 Unloading class 0x000001df2c1a4400 'java/lang/invoke/LambdaForm$BMH+0x000001df2c1a4400'
Event: 19.600 Thread 0x000001df2a3145c0 Unloading class 0x000001df2c1a4000 'java/lang/invoke/LambdaForm$DMH+0x000001df2c1a4000'
Event: 19.600 Thread 0x000001df2a3145c0 Unloading class 0x000001df2c1a2c00 'java/lang/invoke/LambdaForm$DMH+0x000001df2c1a2c00'

Classes redefined (0 events):
No events

Internal exceptions (20 events):
Event: 20.044 Thread 0x000001df722db7c0 Exception <a 'java/lang/NoSuchMethodError'{0x00000000d585d1b8}: 'double java.lang.invoke.DirectMethodHandle$Holder.invokeStaticInit(java.lang.Object, java.lang.Object)'> (0x00000000d585d1b8) 
thrown [s\src\hotspot\share\interpreter\linkResolver.cpp, line 773]
Event: 20.804 Thread 0x000001df722dd890 Exception <a 'java/lang/NoSuchMethodError'{0x00000000d5c31e18}: 'java.lang.Object java.lang.invoke.DirectMethodHandle$Holder.invokeStaticInit(java.lang.Object, java.lang.Object, java.lang.Object, java.lang.Object, java.lang.Object, java.lang.Object, java.lang.Object)'> (0x00000000d5c31e18) 
thrown [s\src\hotspot\share\interpreter\linkResolver.cpp, line 773]
Event: 20.804 Thread 0x000001df722dec40 Exception <a 'java/lang/NoSuchMethodError'{0x00000000d5c46078}: 'java.lang.Object java.lang.invoke.DirectMethodHandle$Holder.invokeStaticInit(java.lang.Object, java.lang.Object, java.lang.Object, java.lang.Object, java.lang.Object, java.lang.Object, java.lang.Object)'> (0x00000000d5c46078) 
thrown [s\src\hotspot\share\interpreter\linkResolver.cpp, line 773]
Event: 20.822 Thread 0x000001df722dec40 Exception <a 'java/lang/NoSuchMethodError'{0x00000000d5c4a498}: 'java.lang.Object java.lang.invoke.Invokers$Holder.invoke_MT(java.lang.Object, java.lang.Object, java.lang.Object, java.lang.Object, java.lang.Object, java.lang.Object, java.lang.Object, java.lang.Object, java.lang.Object)'> (0x00000000d5c4a498) 
thrown [s\src\hotspot\share\interpreter\linkResolver.cpp, line 773]
Event: 20.831 Thread 0x000001df722dd890 Exception <a 'java/lang/NoSuchMethodError'{0x00000000d5cbd9e8}: 'java.lang.Object java.lang.invoke.Invokers$Holder.invoke_MT(java.lang.Object, java.lang.Object, java.lang.Object, java.lang.Object, java.lang.Object, java.lang.Object, java.lang.Object, java.lang.Object, java.lang.Object)'> (0x00000000d5cbd9e8) 
thrown [s\src\hotspot\share\interpreter\linkResolver.cpp, line 773]
Event: 20.920 Thread 0x000001df722dd890 Exception <a 'java/lang/NoSuchMethodError'{0x00000000d5d7c620}: 'int java.lang.invoke.DirectMethodHandle$Holder.invokeVirtual(java.lang.Object, java.lang.Object, java.lang.Object)'> (0x00000000d5d7c620) 
thrown [s\src\hotspot\share\interpreter\linkResolver.cpp, line 773]
Event: 20.922 Thread 0x000001df722dd890 Exception <a 'java/lang/NoSuchMethodError'{0x00000000d5d806b8}: 'int java.lang.invoke.DirectMethodHandle$Holder.invokeStaticInit(java.lang.Object, int, int)'> (0x00000000d5d806b8) 
thrown [s\src\hotspot\share\interpreter\linkResolver.cpp, line 773]
Event: 20.931 Thread 0x000001df722dd890 Exception <a 'java/lang/NoSuchMethodError'{0x00000000d5d87df8}: 'int java.lang.invoke.DirectMethodHandle$Holder.invokeStaticInit(java.lang.Object, long, long)'> (0x00000000d5d87df8) 
thrown [s\src\hotspot\share\interpreter\linkResolver.cpp, line 773]
Event: 20.940 Thread 0x000001df722dd890 Exception <a 'java/lang/NoSuchMethodError'{0x00000000d5d8ebd0}: 'int java.lang.invoke.DirectMethodHandle$Holder.invokeStaticInit(java.lang.Object, float, float)'> (0x00000000d5d8ebd0) 
thrown [s\src\hotspot\share\interpreter\linkResolver.cpp, line 773]
Event: 20.951 Thread 0x000001df722dd890 Exception <a 'java/lang/NoSuchMethodError'{0x00000000d5d95660}: 'int java.lang.invoke.DirectMethodHandle$Holder.invokeStaticInit(java.lang.Object, double, double)'> (0x00000000d5d95660) 
thrown [s\src\hotspot\share\interpreter\linkResolver.cpp, line 773]
Event: 20.961 Thread 0x000001df722dd890 Exception <a 'java/lang/NoSuchMethodError'{0x00000000d5d99bc8}: 'int java.lang.invoke.DirectMethodHandle$Holder.invokeStatic(java.lang.Object, long)'> (0x00000000d5d99bc8) 
thrown [s\src\hotspot\share\interpreter\linkResolver.cpp, line 773]
Event: 21.010 Thread 0x000001df722dec40 Exception <a 'java/lang/NoSuchMethodError'{0x00000000d5e33278}: 'int java.lang.invoke.Invokers$Holder.linkToTargetMethod(java.lang.Object, java.lang.Object)'> (0x00000000d5e33278) 
thrown [s\src\hotspot\share\interpreter\linkResolver.cpp, line 773]
Event: 21.024 Thread 0x000001df722dd890 Exception <a 'java/lang/NoSuchMethodError'{0x00000000d5e405d0}: 'int java.lang.invoke.DirectMethodHandle$Holder.invokeSpecial(java.lang.Object, java.lang.Object, java.lang.Object, java.lang.Object)'> (0x00000000d5e405d0) 
thrown [s\src\hotspot\share\interpreter\linkResolver.cpp, line 773]
Event: 21.060 Thread 0x000001df722dd890 Exception <a 'java/lang/NoSuchMethodError'{0x00000000d5e85f98}: 'java.lang.Object java.lang.invoke.DirectMethodHandle$Holder.invokeStatic(java.lang.Object, int, java.lang.Object, java.lang.Object)'> (0x00000000d5e85f98) 
thrown [s\src\hotspot\share\interpreter\linkResolver.cpp, line 773]
Event: 21.060 Thread 0x000001df722dd890 Exception <a 'java/lang/NoSuchMethodError'{0x00000000d5e89798}: 'java.lang.Object java.lang.invoke.DelegatingMethodHandle$Holder.delegate(java.lang.Object, int, java.lang.Object, java.lang.Object)'> (0x00000000d5e89798) 
thrown [s\src\hotspot\share\interpreter\linkResolver.cpp, line 773]
Event: 21.083 Thread 0x000001df722dd890 Exception <a 'java/lang/NoSuchMethodError'{0x00000000d5f70098}: 'int java.lang.invoke.Invokers$Holder.linkToTargetMethod(java.lang.Object, java.lang.Object, java.lang.Object)'> (0x00000000d5f70098) 
thrown [s\src\hotspot\share\interpreter\linkResolver.cpp, line 773]
Event: 21.721 Thread 0x000001df722dec40 Exception <a 'java/lang/NoSuchMethodError'{0x00000000d64fd650}: 'java.lang.Object java.lang.invoke.DirectMethodHandle$Holder.invokeSpecialIFC(java.lang.Object, java.lang.Object, java.lang.Object, java.lang.Object)'> (0x00000000d64fd650) 
thrown [s\src\hotspot\share\interpreter\linkResolver.cpp, line 773]
Event: 28.324 Thread 0x000001df722dec40 Exception <a 'java/lang/NoClassDefFoundError'{0x00000000d5700b38}: javax/enterprise/inject/Typed> (0x00000000d5700b38) 
thrown [s\src\hotspot\share\classfile\systemDictionary.cpp, line 302]
Event: 28.363 Thread 0x000001df722db7c0 Exception <a 'java/io/FileNotFoundException'{0x00000000d5c874f0}> (0x00000000d5c874f0) 
thrown [s\src\hotspot\share\prims\jni.cpp, line 520]
Event: 28.366 Thread 0x000001df722db7c0 Exception <a 'java/io/FileNotFoundException'{0x00000000d5c88568}> (0x00000000d5c88568) 
thrown [s\src\hotspot\share\prims\jni.cpp, line 520]

ZGC Phase Switch (0 events):
No events

VM Operations (20 events):
Event: 22.934 Executing safepoint VM operation: ParallelGCFailedAllocation (Allocation Failure) done
Event: 23.938 Executing safepoint VM operation: Cleanup
Event: 23.968 Executing safepoint VM operation: Cleanup done
Event: 24.982 Executing safepoint VM operation: Cleanup
Event: 24.997 Executing safepoint VM operation: Cleanup done
Event: 26.047 Executing safepoint VM operation: Cleanup
Event: 26.097 Executing safepoint VM operation: Cleanup done
Event: 26.897 Executing safepoint VM operation: ParallelGCFailedAllocation (Allocation Failure)
Event: 26.901 Executing safepoint VM operation: ParallelGCFailedAllocation (Allocation Failure) done
Event: 27.907 Executing safepoint VM operation: Cleanup
Event: 27.923 Executing safepoint VM operation: Cleanup done
Event: 28.170 Executing non-safepoint VM operation: HandshakeAllThreads (Deoptimize)
Event: 28.170 Executing non-safepoint VM operation: HandshakeAllThreads (Deoptimize) done
Event: 28.279 Executing safepoint VM operation: ParallelGCFailedAllocation (Allocation Failure)
Event: 28.300 Executing safepoint VM operation: ParallelGCFailedAllocation (Allocation Failure) done
Event: 29.309 Executing safepoint VM operation: Cleanup
Event: 29.309 Executing safepoint VM operation: Cleanup done
Event: 29.626 Executing safepoint VM operation: ParallelGCFailedAllocation (Allocation Failure)
Event: 29.645 Executing safepoint VM operation: ParallelGCFailedAllocation (Allocation Failure) done
Event: 30.092 Executing non-safepoint VM operation: HandshakeAllThreads (Deoptimize)

Memory protections (0 events):
No events

Nmethod flushes (0 events):
No events

Events (20 events):
Event: 9.092 Thread 0x000001df1393e900 Thread added: 0x000001df6c6a5840
Event: 9.093 Thread 0x000001df1393e900 Thread added: 0x000001df6c6a5f10
Event: 9.370 Thread 0x000001df6c6a5f10 Thread exited: 0x000001df6c6a5f10
Event: 9.370 Thread 0x000001df6c6a5840 Thread exited: 0x000001df6c6a5840
Event: 10.851 Thread 0x000001df722db7c0 Thread added: 0x000001df722ddf20
Event: 13.403 Thread 0x000001df722db7c0 Thread added: 0x000001df722de5b0
Event: 13.763 Thread 0x000001df722db7c0 Thread added: 0x000001df722dd890
Event: 13.969 Thread 0x000001df722db7c0 Thread added: 0x000001df722dec40
Event: 20.773 Thread 0x000001df722dec40 Thread added: 0x000001df722dbe50
Event: 21.016 Thread 0x000001df722dbe50 Thread added: 0x000001df722df960
Event: 21.440 Thread 0x000001df6c6a5170 Thread added: 0x000001df6c6a65e0
Event: 21.814 Thread 0x000001df6c6a65e0 Thread exited: 0x000001df6c6a65e0
Event: 27.592 Thread 0x000001df6c6a5170 Thread added: 0x000001df6c6a65e0
Event: 28.338 Thread 0x000001df6c6a65e0 Thread exited: 0x000001df6c6a65e0
Event: 28.411 Thread 0x000001df6c6a5170 Thread added: 0x000001df6c6a3d00
Event: 28.556 Thread 0x000001df6c6a5170 Thread added: 0x000001df6c6a3630
Event: 29.497 Thread 0x000001df6c6a3630 Thread exited: 0x000001df6c6a3630
Event: 29.542 Thread 0x000001df6c6a3d00 Thread exited: 0x000001df6c6a3d00
Event: 29.903 Thread 0x000001df722db7c0 Thread added: 0x000001df722dc4e0
Event: 30.065 Thread 0x000001df722df960 Thread added: 0x000001df722e20c0


Dynamic libraries:
0x00007ff6c98f0000 - 0x00007ff6c98fe000 	c:\Users\NGUYEN THUY NGAN\.antigravity-ide\extensions\redhat.java-1.56.0-win32-x64\jre\21.0.12.1-win32-x86_64\bin\java.exe
0x00007ff8263e0000 - 0x00007ff826647000 	C:\windows\SYSTEM32\ntdll.dll
0x00007ff824d80000 - 0x00007ff824e4b000 	C:\windows\System32\KERNEL32.DLL
0x00007ff8235e0000 - 0x00007ff8239e2000 	C:\windows\System32\KERNELBASE.dll
0x00007ff823fa0000 - 0x00007ff8240ec000 	C:\windows\System32\ucrtbase.dll
0x00007ff803af0000 - 0x00007ff803b0e000 	c:\Users\NGUYEN THUY NGAN\.antigravity-ide\extensions\redhat.java-1.56.0-win32-x64\jre\21.0.12.1-win32-x86_64\bin\VCRUNTIME140.dll
0x00007ff803db0000 - 0x00007ff803dc8000 	c:\Users\NGUYEN THUY NGAN\.antigravity-ide\extensions\redhat.java-1.56.0-win32-x64\jre\21.0.12.1-win32-x86_64\bin\jli.dll
0x00007ff825350000 - 0x00007ff82551f000 	C:\windows\System32\USER32.dll
0x00007ff823a80000 - 0x00007ff823aa7000 	C:\windows\System32\win32u.dll
0x00007ff825c10000 - 0x00007ff825c3b000 	C:\windows\System32\GDI32.dll
0x00007ff823e70000 - 0x00007ff823f99000 	C:\windows\System32\gdi32full.dll
0x00007ff823dc0000 - 0x00007ff823e63000 	C:\windows\System32\msvcp_win.dll
0x00007ff80a530000 - 0x00007ff80a7c0000 	C:\windows\WinSxS\amd64_microsoft.windows.common-controls_6595b64144ccf1df_6.0.26100.9278_none_3e0d1ba8e3303201\COMCTL32.dll
0x00007ff8262f0000 - 0x00007ff826399000 	C:\windows\System32\msvcrt.dll
0x00007ff824d40000 - 0x00007ff824d71000 	C:\windows\System32\IMM32.DLL
0x00007ff813e20000 - 0x00007ff813e2c000 	c:\Users\NGUYEN THUY NGAN\.antigravity-ide\extensions\redhat.java-1.56.0-win32-x64\jre\21.0.12.1-win32-x86_64\bin\vcruntime140_1.dll
0x00007fffffe00000 - 0x00007fffffe8d000 	c:\Users\NGUYEN THUY NGAN\.antigravity-ide\extensions\redhat.java-1.56.0-win32-x64\jre\21.0.12.1-win32-x86_64\bin\msvcp140.dll
0x00007fff83d70000 - 0x00007fff84b12000 	c:\Users\NGUYEN THUY NGAN\.antigravity-ide\extensions\redhat.java-1.56.0-win32-x64\jre\21.0.12.1-win32-x86_64\bin\server\jvm.dll
0x00007ff824c70000 - 0x00007ff824d2c000 	C:\windows\System32\ADVAPI32.dll
0x00007ff8257b0000 - 0x00007ff825859000 	C:\windows\System32\sechost.dll
0x00007ff824190000 - 0x00007ff8242a8000 	C:\windows\System32\RPCRT4.dll
0x00007ff824f20000 - 0x00007ff824fa0000 	C:\windows\System32\WS2_32.dll
0x00007ff823440000 - 0x00007ff82349e000 	C:\windows\SYSTEM32\POWRPROF.dll
0x00007ff81d990000 - 0x00007ff81d9c6000 	C:\windows\SYSTEM32\WINMM.dll
0x00007ff811920000 - 0x00007ff81192b000 	C:\windows\SYSTEM32\VERSION.dll
0x00007ff823420000 - 0x00007ff823435000 	C:\windows\SYSTEM32\UMPDC.dll
0x00007ff8222b0000 - 0x00007ff8222cb000 	C:\windows\SYSTEM32\kernel.appcore.dll
0x00007ff813670000 - 0x00007ff81367a000 	c:\Users\NGUYEN THUY NGAN\.antigravity-ide\extensions\redhat.java-1.56.0-win32-x64\jre\21.0.12.1-win32-x86_64\bin\jimage.dll
0x00007ff8209f0000 - 0x00007ff820c3c000 	C:\windows\SYSTEM32\DBGHELP.DLL
0x00007ff825880000 - 0x00007ff825c05000 	C:\windows\System32\combase.dll
0x00007ff825650000 - 0x00007ff825729000 	C:\windows\System32\OLEAUT32.dll
0x00007ffff1260000 - 0x00007ffff129b000 	C:\windows\SYSTEM32\dbgcore.DLL
0x00007ff823b70000 - 0x00007ff823c1c000 	C:\windows\System32\bcryptPrimitives.dll
0x00007ff803dd0000 - 0x00007ff803ddf000 	c:\Users\NGUYEN THUY NGAN\.antigravity-ide\extensions\redhat.java-1.56.0-win32-x64\jre\21.0.12.1-win32-x86_64\bin\instrument.dll
0x00007ff803de0000 - 0x00007ff803e00000 	c:\Users\NGUYEN THUY NGAN\.antigravity-ide\extensions\redhat.java-1.56.0-win32-x64\jre\21.0.12.1-win32-x86_64\bin\java.dll
0x00007ff8242f0000 - 0x00007ff824a88000 	C:\windows\System32\SHELL32.dll
0x00007ff821010000 - 0x00007ff8218be000 	C:\windows\SYSTEM32\windows.storage.dll
0x00007ff8261f0000 - 0x00007ff8262eb000 	C:\windows\System32\SHCORE.dll
0x00007ff824e50000 - 0x00007ff824eb6000 	C:\windows\System32\shlwapi.dll
0x00007ff823500000 - 0x00007ff823529000 	C:\windows\SYSTEM32\profapi.dll
0x00007ff800a00000 - 0x00007ff800a18000 	c:\Users\NGUYEN THUY NGAN\.antigravity-ide\extensions\redhat.java-1.56.0-win32-x64\jre\21.0.12.1-win32-x86_64\bin\zip.dll
0x00007ff80b230000 - 0x00007ff80b240000 	C:\Users\NGUYEN THUY NGAN\.antigravity-ide\extensions\redhat.java-1.56.0-win32-x64\jre\21.0.12.1-win32-x86_64\bin\net.dll
0x00007ff81c510000 - 0x00007ff81c63a000 	C:\windows\SYSTEM32\WINHTTP.dll
0x00007ff822870000 - 0x00007ff8228dc000 	C:\windows\system32\mswsock.dll
0x00007ff800950000 - 0x00007ff800966000 	C:\Users\NGUYEN THUY NGAN\.antigravity-ide\extensions\redhat.java-1.56.0-win32-x64\jre\21.0.12.1-win32-x86_64\bin\nio.dll
0x00007ff803da0000 - 0x00007ff803db0000 	c:\Users\NGUYEN THUY NGAN\.antigravity-ide\extensions\redhat.java-1.56.0-win32-x64\jre\21.0.12.1-win32-x86_64\bin\verify.dll
0x00007fffe0560000 - 0x00007fffe05a5000 	C:\Users\NGUYEN THUY NGAN\AppData\Roaming\Antigravity IDE\User\globalStorage\redhat.java\1.56.0\config_win\org.eclipse.equinox.launcher\org.eclipse.equinox.launcher.win32.win32.x86_64_1.3.100.v20260804-1928\eclipse_11924.dll
0x00007ff8251b0000 - 0x00007ff82534a000 	C:\windows\System32\ole32.dll
0x00007ff822b80000 - 0x00007ff822b9b000 	C:\windows\SYSTEM32\CRYPTSP.dll
0x00007ff822210000 - 0x00007ff822249000 	C:\windows\system32\rsaenh.dll
0x00007ff822920000 - 0x00007ff822954000 	C:\windows\SYSTEM32\USERENV.dll
0x00007ff8234d0000 - 0x00007ff8234fa000 	C:\windows\SYSTEM32\bcrypt.dll
0x00007ff822b60000 - 0x00007ff822b6c000 	C:\windows\SYSTEM32\CRYPTBASE.dll
0x00007ff821c80000 - 0x00007ff821cb3000 	C:\windows\SYSTEM32\IPHLPAPI.DLL
0x00007ff825040000 - 0x00007ff82504a000 	C:\windows\System32\NSI.dll
0x00007fffe00c0000 - 0x00007fffe0109000 	C:\Users\NGUYEN THUY NGAN\AppData\Local\Temp\jna--1841499500\jna5629106992074461770.dll
0x00007ff8242b0000 - 0x00007ff8242b8000 	C:\windows\System32\PSAPI.DLL

JVMTI agents:
c:\Users\NGUYEN THUY NGAN\.antigravity-ide\extensions\redhat.java-1.56.0-win32-x64\lombok\lombok-1.18.39-4050.jar path:c:\Users\NGUYEN THUY NGAN\.antigravity-ide\extensions\redhat.java-1.56.0-win32-x64\jre\21.0.12.1-win32-x86_64\bin\instrument.dll, loaded, initialized, instrumentlib options:none

dbghelp: loaded successfully - version: 4.0.5 - missing functions: none
symbol engine: initialized successfully - sym options: 0x614 - pdb path: .;c:\Users\NGUYEN THUY NGAN\.antigravity-ide\extensions\redhat.java-1.56.0-win32-x64\jre\21.0.12.1-win32-x86_64\bin;C:\windows\SYSTEM32;C:\windows\WinSxS\amd64_microsoft.windows.common-controls_6595b64144ccf1df_6.0.26100.9278_none_3e0d1ba8e3303201;c:\Users\NGUYEN THUY NGAN\.antigravity-ide\extensions\redhat.java-1.56.0-win32-x64\jre\21.0.12.1-win32-x86_64\bin\server;C:\Users\NGUYEN THUY NGAN\AppData\Roaming\Antigravity IDE\User\globalStorage\redhat.java\1.56.0\config_win\org.eclipse.equinox.launcher\org.eclipse.equinox.launcher.win32.win32.x86_64_1.3.100.v20260804-1928;C:\Users\NGUYEN THUY NGAN\AppData\Local\Temp\jna--1841499500

VM Arguments:
jvm_args: --add-modules=ALL-SYSTEM --add-opens=java.base/java.util=ALL-UNNAMED --add-opens=java.base/java.lang=ALL-UNNAMED --add-opens=java.base/sun.nio.fs=ALL-UNNAMED -Declipse.application=org.eclipse.jdt.ls.core.id1 -Dosgi.bundles.defaultStartLevel=4 -Declipse.product=org.eclipse.jdt.ls.core.product -Djava.import.generatesMetadataFilesAtProjectRoot=false -Dm2e.project.cache.size=50 -DDetectVMInstallationsJob.disabled=true -Dfile.encoding=utf8 -XX:+UseParallelGC -XX:GCTimeRatio=4 -XX:AdaptiveSizePolicyWeight=90 -Dsun.zip.disableMemoryMapping=true -Xmx2G -Xms100m -Xlog:disable -javaagent:c:\Users\NGUYEN THUY NGAN\.antigravity-ide\extensions\redhat.java-1.56.0-win32-x64\lombok\lombok-1.18.39-4050.jar -XX:+HeapDumpOnOutOfMemoryError -XX:HeapDumpPath=c:\Users\NGUYEN THUY NGAN\AppData\Roaming\Antigravity IDE\User\workspaceStorage\391c46ba826a0c25757ba3b2896ac83f\redhat.java -Daether.dependencyCollector.impl=bf 
java_command: c:\Users\NGUYEN THUY NGAN\.antigravity-ide\extensions\redhat.java-1.56.0-win32-x64\server\plugins\org.eclipse.equinox.launcher_1.8.0.v20260804-1928.jar -configuration c:\Users\NGUYEN THUY NGAN\AppData\Roaming\Antigravity IDE\User\globalStorage\redhat.java\1.56.0\config_win -data c:\Users\NGUYEN THUY NGAN\AppData\Roaming\Antigravity IDE\User\workspaceStorage\391c46ba826a0c25757ba3b2896ac83f\redhat.java\jdt_ws --pipe=\\.\pipe\lsp-e2496cc0b838609638ffc181371e58fb-sock
java_class_path (initial): c:\Users\NGUYEN THUY NGAN\.antigravity-ide\extensions\redhat.java-1.56.0-win32-x64\server\plugins\org.eclipse.equinox.launcher_1.8.0.v20260804-1928.jar
Launcher Type: SUN_STANDARD

[Global flags]
    uintx AdaptiveSizePolicyWeight                 = 90                                        {product} {command line}
     intx CICompilerCount                          = 4                                         {product} {ergonomic}
    uintx GCTimeRatio                              = 4                                         {product} {command line}
     bool HeapDumpOnOutOfMemoryError               = true                                   {manageable} {command line}
    ccstr HeapDumpPath                             = c:\Users\NGUYEN THUY NGAN\AppData\Roaming\Antigravity IDE\User\workspaceStorage\391c46ba826a0c25757ba3b2896ac83f\redhat.java         {manageable} {command line}
   size_t InitialHeapSize                          = 104857600                                 {product} {command line}
   size_t MaxHeapSize                              = 2147483648                                {product} {command line}
   size_t MaxNewSize                               = 715653120                                 {product} {ergonomic}
   size_t MinHeapDeltaBytes                        = 524288                                    {product} {ergonomic}
   size_t MinHeapSize                              = 104857600                                 {product} {command line}
   size_t NewSize                                  = 34603008                                  {product} {ergonomic}
    uintx NonNMethodCodeHeapSize                   = 5839372                                {pd product} {ergonomic}
    uintx NonProfiledCodeHeapSize                  = 122909434                              {pd product} {ergonomic}
   size_t OldSize                                  = 70254592                                  {product} {ergonomic}
    uintx ProfiledCodeHeapSize                     = 122909434                              {pd product} {ergonomic}
    uintx ReservedCodeCacheSize                    = 251658240                              {pd product} {ergonomic}
     bool SegmentedCodeCache                       = true                                      {product} {ergonomic}
   size_t SoftMaxHeapSize                          = 2147483648                             {manageable} {ergonomic}
     bool UseCompressedOops                        = true                           {product lp64_product} {ergonomic}
     bool UseLargePagesIndividualAllocation        = false                                  {pd product} {ergonomic}
     bool UseParallelGC                            = true                                      {product} {command line}

Logging:
Log output configuration:
 #0: stdout all=off uptime,level,tags foldmultilines=false
 #1: stderr all=off uptime,level,tags foldmultilines=false

Release file:
JAVA_VERSION="21.0.12.1" 
MODULES="java.base java.compiler java.datatransfer java.xml java.prefs java.desktop java.instrument java.logging java.management java.security.sasl java.naming java.rmi java.management.rmi java.net.http java.scripting java.security.jgss java.transaction.xa java.sql java.sql.rowset java.xml.crypto java.se java.smartcardio jdk.accessibility jdk.internal.jvmstat jdk.attach jdk.charsets jdk.internal.opt jdk.zipfs jdk.compiler jdk.crypto.ec jdk.crypto.cryptoki jdk.crypto.mscapi jdk.dynalink jdk.internal.ed jdk.editpad jdk.hotspot.agent jdk.httpserver jdk.internal.le jdk.internal.vm.ci jdk.internal.vm.compiler jdk.internal.vm.compiler.management jdk.jartool jdk.javadoc jdk.jcmd jdk.management jdk.management.agent jdk.jconsole jdk.jdeps jdk.jdwp.agent jdk.jdi jdk.jfr jdk.jshell jdk.jsobject jdk.jstatd jdk.localedata jdk.management.jfr jdk.naming.dns jdk.naming.rmi jdk.net jdk.nio.mapmode jdk.random jdk.sctp jdk.security.auth jdk.security.jgss jdk.unsupported jdk.unsupported.desktop jdk.xml.dom" 

Environment Variables:
PATH=C:\Program Files\Common Files\Oracle\Java\javapath;C:\windows\system32;C:\windows;C:\windows\System32\Wbem;C:\windows\System32\WindowsPowerShell\v1.0\;C:\windows\System32\OpenSSH\;C:\Program Files\dotnet\;D:\M?NG MÁY TÍNH\Git\cmd;C:\Program Files\Tailscale\;C:\Program Files\nodejs\;C:\Users\NGUYEN THUY NGAN\AppData\Local\Programs\Python\Python312\Scripts\;C:\Users\NGUYEN THUY NGAN\AppData\Local\Programs\Python\Python312\;C:\Users\NGUYEN THUY NGAN\AppData\Local\Programs\Python\Launcher\;C:\Users\NGUYEN THUY NGAN\AppData\Local\Microsoft\WindowsApps;C:\Users\NGUYEN THUY NGAN\AppData\Local\Programs\Microsoft VS Code\bin;C:\Users\NGUYEN THUY NGAN\AppData\Local\Programs\Antigravity\bin;C:\Users\NGUYEN THUY NGAN\AppData\Roaming\npm;C:\Users\NGUYEN THUY NGAN\AppData\Local\Programs\Antigravity IDE\bin;C:\Users\NGUYEN THUY NGAN\OneDrive\Desktop\MOBILE\IntelliJ IDEA 2026.2.1\bin
USERNAME=NGUYEN THUY NGAN
OS=Windows_NT
PROCESSOR_IDENTIFIER=Intel64 Family 6 Model 186 Stepping 3, GenuineIntel
TMP=C:\Users\NGUYEN~1\AppData\Local\Temp
TEMP=C:\Users\NGUYEN~1\AppData\Local\Temp




Periodic native trim disabled

---------------  S Y S T E M  ---------------

OS:
 Windows 11 , 64 bit Build 26100 (10.0.26100.9444)
OS uptime: 4 days 5:38 hours
Hyper-V role detected

CPU: total 12 (initial active 12) (6 cores per cpu, 2 threads per core) family 6 model 186 stepping 3 microcode 0x6134, cx8, cmov, fxsr, ht, mmx, 3dnowpref, sse, sse2, sse3, ssse3, sse4.1, sse4.2, popcnt, lzcnt, tsc, tscinvbit, avx, avx2, aes, erms, clmul, bmi1, bmi2, adx, sha, fma, vzeroupper, clflush, clflushopt, clwb, hv, serialize, rdtscp, rdpid, fsrm, f16c, cet_ibt, cet_ss
Processor Information for processor 0
  Max Mhz: 1700, Current Mhz: 1700, Mhz Limit: 1700
Processor Information for processor 1
  Max Mhz: 1700, Current Mhz: 1700, Mhz Limit: 1700
Processor Information for processor 2
  Max Mhz: 1700, Current Mhz: 1700, Mhz Limit: 1700
Processor Information for processor 3
  Max Mhz: 1700, Current Mhz: 1700, Mhz Limit: 1700
Processor Information for processor 4
  Max Mhz: 1700, Current Mhz: 1700, Mhz Limit: 1700
Processor Information for processor 5
  Max Mhz: 1700, Current Mhz: 1558, Mhz Limit: 1700
Processor Information for processor 6
  Max Mhz: 1700, Current Mhz: 1700, Mhz Limit: 1700
Processor Information for processor 7
  Max Mhz: 1700, Current Mhz: 1700, Mhz Limit: 1700
Processor Information for processor 8
  Max Mhz: 1700, Current Mhz: 1700, Mhz Limit: 1700
Processor Information for processor 9
  Max Mhz: 1700, Current Mhz: 1558, Mhz Limit: 1700
Processor Information for processor 10
  Max Mhz: 1700, Current Mhz: 1700, Mhz Limit: 1700
Processor Information for processor 11
  Max Mhz: 1700, Current Mhz: 1700, Mhz Limit: 1700

Memory: 4k page, system-wide physical 16068M (2651M free)
TotalPageFile size 22212M (AvailPageFile size 42M)
current process WorkingSet (physical memory assigned to process): 165M, peak: 182M
current process commit charge ("private bytes"): 300M, peak: 316M

vm_info: OpenJDK 64-Bit Server VM (21.0.12.1+1-LTS) for windows-amd64 JRE (21.0.12.1+1-LTS), built on 2026-08-18T00:00:00Z by "admin" with MS VC++ 17.12 (VS2022)

END.
