#
# There is insufficient memory for the Java Runtime Environment to continue.
# Native memory allocation (malloc) failed to allocate 21399896 bytes. Error detail: Chunk::new
# Possible reasons:
#   The system is out of physical RAM or swap space
#   This process is running with CompressedOops enabled, and the Java Heap may be blocking the growth of the native heap
# Possible solutions:
#   Reduce memory load on the system
#   Increase physical memory or swap space
#   Check if swap backing store is full
#   Decrease Java heap size (-Xmx/-Xms)
#   Decrease number of Java threads
#   Decrease Java thread stack sizes (-Xss)
#   Set larger code cache with -XX:ReservedCodeCacheSize=
#   JVM is running with Unscaled Compressed Oops mode in which the Java heap is
#     placed in the first 4GB address space. The Java Heap base address is the
#     maximum limit for the native heap growth. Please use -XX:HeapBaseMinAddress
#     to set the Java Heap base and to place the Java Heap above 4GB virtual address.
# This output file may be truncated or incomplete.
#
#  Out of Memory Error (arena.cpp:193), pid=14272, tid=32728
#
# JRE version: Java(TM) SE Runtime Environment (26.0.2+10) (build 26.0.2+10-55)
# Java VM: Java HotSpot(TM) 64-Bit Server VM (26.0.2+10-55, mixed mode, sharing, tiered, compressed oops, compressed class ptrs, g1 gc, windows-amd64)
# No core dump will be written. Minidumps are not enabled by default on client versions of Windows
#

---------------  S U M M A R Y ------------

Command Line: --add-opens=java.base/java.lang=ALL-UNNAMED --add-opens=java.base/java.lang.invoke=ALL-UNNAMED --add-opens=java.base/java.util=ALL-UNNAMED --add-opens=java.prefs/java.util.prefs=ALL-UNNAMED --add-exports=jdk.compiler/com.sun.tools.javac.api=ALL-UNNAMED --add-exports=jdk.compiler/com.sun.tools.javac.util=ALL-UNNAMED --add-opens=java.base/java.nio.charset=ALL-UNNAMED --add-opens=java.base/java.net=ALL-UNNAMED --add-opens=java.base/java.util.concurrent=ALL-UNNAMED --add-opens=java.base/java.util.concurrent.atomic=ALL-UNNAMED --add-opens=java.xml/javax.xml.namespace=ALL-UNNAMED --add-opens=java.base/java.time=ALL-UNNAMED --enable-native-access=ALL-UNNAMED -Xmx2048m -Dfile.encoding=UTF-8 -Duser.country=US -Duser.language=en -Duser.variant -javaagent:C:\Users\NGUYEN THUY NGAN\.gradle\wrapper\dists\gradle-9.5.0-bin\bvnork1r7n8i6kp5cnkibsc9q\gradle-9.5.0\lib\agents\gradle-instrumentation-agent-9.5.0.jar org.gradle.launcher.daemon.bootstrap.GradleDaemon 9.5.0

Host: 13th Gen Intel(R) Core(TM) i7-1355U, 12 cores, 15G,  Windows 11 , 64 bit Build 26100 (10.0.26100.9444)
Time: Tue Sep 15 14:47:01 2026 SE Asia Standard Time elapsed time: 2.420586 seconds (0d 0h 0m 2s)

---------------  T H R E A D  ---------------

Current thread (0x0000020356a2f820):  JavaThread "C2 CompilerThread0" daemon [_thread_in_native, id=32728, stack(0x000000a596100000,0x000000a596200000) (1024K)]


Current CompileTask:
C2:2420 2982       4       jdk.internal.classfile.impl.StackMapGenerator::processBlock (2767 bytes)

Stack: [0x000000a596100000,0x000000a596200000]
Native frames: (J=compiled Java code, j=interpreted, Vv=VM code, C=native code)
V  [jvm.dll+0x7d6ea9]  (no source info available)
V  [jvm.dll+0x7a4dcd]  (no source info available)
V  [jvm.dll+0x9b2390]  (no source info available)
V  [jvm.dll+0x9b47e1]  (no source info available)
V  [jvm.dll+0x9b4ef3]  (no source info available)
V  [jvm.dll+0x30f4d6]  (no source info available)
V  [jvm.dll+0x11ddb6]  (no source info available)
V  [jvm.dll+0x11e0de]  (no source info available)
V  [jvm.dll+0x1b00f6]  (no source info available)
V  [jvm.dll+0x3cc262]  (no source info available)
V  [jvm.dll+0x7dfaa2]  (no source info available)
V  [jvm.dll+0x2d2947]  (no source info available)
V  [jvm.dll+0x2d18bf]  (no source info available)
V  [jvm.dll+0x246d30]  (no source info available)
V  [jvm.dll+0x2e19dc]  (no source info available)
V  [jvm.dll+0x2dfbbd]  (no source info available)
V  [jvm.dll+0x4a5a61]  (no source info available)
V  [jvm.dll+0x950d59]  (no source info available)
V  [jvm.dll+0x7d8988]  (no source info available)
C  [ucrtbase.dll+0x2cd30]  (no source info available)
C  [KERNEL32.DLL+0x2cd87]  (no source info available)
C  [ntdll.dll+0xacaec]  (no source info available)

Lock stack of current Java thread (top to bottom):


---------------  P R O C E S S  ---------------

Threads class SMR info:
_java_thread_list=0x000002035d6a1110, length=26, elements={
0x00000203370eff80, 0x00000203569f67c0, 0x00000203569f7210, 0x00000203569f8470,
0x00000203569fb170, 0x0000020356a1bd30, 0x0000020356a1e8f0, 0x0000020356a2f820,
0x0000020356a40c40, 0x0000020356b5ccd0, 0x0000020356c6e090, 0x0000020356ce5f50,
0x000002035cd8a0d0, 0x000002035d30bde0, 0x000002035d58f340, 0x000002035d59a620,
0x000002035d1c6c50, 0x000002035d1d58e0, 0x000002035d1d9760, 0x000002035d1daed0,
0x000002035d202ab0, 0x000002035d203280, 0x000002035d204220, 0x000002035d206160,
0x000002035d751750, 0x000002035d754630
}

Java Threads: ( => current thread )
  0x00000203370eff80 JavaThread "main"                              [_thread_blocked, id=26148, stack(0x000000a595200000,0x000000a595300000) (1024K)]
  0x00000203569f67c0 JavaThread "Reference Handler"          daemon [_thread_blocked, id=20684, stack(0x000000a595b00000,0x000000a595c00000) (1024K)]
  0x00000203569f7210 JavaThread "Finalizer"                  daemon [_thread_blocked, id=17708, stack(0x000000a595c00000,0x000000a595d00000) (1024K)]
  0x00000203569f8470 JavaThread "Signal Dispatcher"          daemon [_thread_blocked, id=8704, stack(0x000000a595d00000,0x000000a595e00000) (1024K)]
  0x00000203569fb170 JavaThread "Attach Listener"            daemon [_thread_blocked, id=29668, stack(0x000000a595e00000,0x000000a595f00000) (1024K)]
  0x0000020356a1bd30 JavaThread "Service Thread"             daemon [_thread_blocked, id=32312, stack(0x000000a595f00000,0x000000a596000000) (1024K)]
  0x0000020356a1e8f0 JavaThread "Monitor Deflation Thread"   daemon [_thread_blocked, id=11932, stack(0x000000a596000000,0x000000a596100000) (1024K)]
=>0x0000020356a2f820 JavaThread "C2 CompilerThread0"         daemon [_thread_in_native, id=32728, stack(0x000000a596100000,0x000000a596200000) (1024K)]
  0x0000020356a40c40 JavaThread "C1 CompilerThread0"         daemon [_thread_blocked, id=8612, stack(0x000000a596200000,0x000000a596300000) (1024K)]
  0x0000020356b5ccd0 JavaThread "C2 CompilerThread1"         daemon [_thread_in_native, id=29936, stack(0x000000a596300000,0x000000a596400000) (1024K)]
  0x0000020356c6e090 JavaThread "Common-Cleaner"             daemon [_thread_blocked, id=23472, stack(0x000000a596400000,0x000000a596500000) (1024K)]
  0x0000020356ce5f50 JavaThread "Notification Thread"        daemon [_thread_blocked, id=27336, stack(0x000000a596500000,0x000000a596600000) (1024K)]
  0x000002035cd8a0d0 JavaThread "Daemon health stats"               [_thread_blocked, id=16496, stack(0x000000a596a00000,0x000000a596b00000) (1024K)]
  0x000002035d30bde0 JavaThread "Incoming local TCP Connector on port 49857"        [_thread_in_native, id=11872, stack(0x000000a596b00000,0x000000a596c00000) (1024K)]
  0x000002035d58f340 JavaThread "Daemon periodic checks"            [_thread_blocked, id=17932, stack(0x000000a596c00000,0x000000a596d00000) (1024K)]
  0x000002035d59a620 JavaThread "InnocuousThread-1"          daemon [_thread_blocked, id=6452, stack(0x000000a596d00000,0x000000a596e00000) (1024K)]
  0x000002035d1c6c50 JavaThread "Daemon"                            [_thread_blocked, id=31864, stack(0x000000a596e00000,0x000000a596f00000) (1024K)]
  0x000002035d1d58e0 JavaThread "Handler for socket connection from /127.0.0.1:49857 to /127.0.0.1:49858"        [_thread_in_native, id=752, stack(0x000000a596f00000,0x000000a597000000) (1024K)]
  0x000002035d1d9760 JavaThread "Cancel handler"                    [_thread_blocked, id=20672, stack(0x000000a597700000,0x000000a597800000) (1024K)]
  0x000002035d1daed0 JavaThread "Daemon worker"                     [_thread_in_vm, id=4640, stack(0x000000a597800000,0x000000a597900000) (1024K)]
  0x000002035d202ab0 JavaThread "Asynchronous log dispatcher for DefaultDaemonConnection: socket connection from /127.0.0.1:49857 to /127.0.0.1:49858"        [_thread_blocked, id=25216, stack(0x000000a597900000,0x000000a597a00000) (1024K)]
  0x000002035d203280 JavaThread "Stdin handler"                     [_thread_blocked, id=20816, stack(0x000000a597a00000,0x000000a597b00000) (1024K)]
  0x000002035d204220 JavaThread "Daemon client event forwarder"        [_thread_blocked, id=23016, stack(0x000000a597b00000,0x000000a597c00000) (1024K)]
  0x000002035d206160 JavaThread "Cache worker for journal cache (C:\Users\NGUYEN THUY NGAN\.gradle\caches\journal-1)"        [_thread_blocked, id=6668, stack(0x000000a597c00000,0x000000a597d00000) (1024K)]
  0x000002035d751750 JavaThread "File lock request listener"        [_thread_in_native, id=31908, stack(0x000000a597d00000,0x000000a597e00000) (1024K)]
  0x000002035d754630 JavaThread "Cache worker for file hash cache (C:\Users\NGUYEN THUY NGAN\.gradle\caches\9.5.0\fileHashes)"        [_thread_blocked, id=14884, stack(0x000000a597e00000,0x000000a597f00000) (1024K)]
Total: 26

Other Threads:
  0x00000203569e4b90 VMThread "VM Thread"                           [id=33900, stack(0x000000a595a00000,0x000000a595b00000) (1024K)]
  0x00000203569d1e90 WatcherThread "VM Periodic Task Thread"        [id=27128, stack(0x000000a595900000,0x000000a595a00000) (1024K)]
  0x000002033712e770 WorkerThread "GC Thread#0"                     [id=2040, stack(0x000000a595300000,0x000000a595400000) (1024K)]
  0x0000020356d0d2e0 WorkerThread "GC Thread#1"                     [id=32320, stack(0x000000a596600000,0x000000a596700000) (1024K)]
  0x000002035d5c9970 WorkerThread "GC Thread#2"                     [id=6004, stack(0x000000a596700000,0x000000a596800000) (1024K)]
  0x000002035d5c8c80 WorkerThread "GC Thread#3"                     [id=25000, stack(0x000000a597000000,0x000000a597100000) (1024K)]
  0x000002035d5c9dc0 WorkerThread "GC Thread#4"                     [id=30580, stack(0x000000a597100000,0x000000a597200000) (1024K)]
  0x000002035d5c9520 WorkerThread "GC Thread#5"                     [id=19616, stack(0x000000a597200000,0x000000a597300000) (1024K)]
  0x000002035d5c72a0 WorkerThread "GC Thread#6"                     [id=18012, stack(0x000000a597300000,0x000000a597400000) (1024K)]
  0x000002035d5c90d0 WorkerThread "GC Thread#7"                     [id=4952, stack(0x000000a597400000,0x000000a597500000) (1024K)]
  0x000002035d5c8830 WorkerThread "GC Thread#8"                     [id=1672, stack(0x000000a597500000,0x000000a597600000) (1024K)]
  0x000002035d5c76f0 WorkerThread "GC Thread#9"                     [id=3768, stack(0x000000a597600000,0x000000a597700000) (1024K)]
  0x0000020337148040 ConcurrentGCThread "G1 Main Marker"            [id=10432, stack(0x000000a595400000,0x000000a595500000) (1024K)]
  0x0000020337148bc0 WorkerThread "G1 Conc#0"                       [id=11152, stack(0x000000a595500000,0x000000a595600000) (1024K)]
  0x000002035c3819c0 WorkerThread "G1 Conc#1"                       [id=15504, stack(0x000000a596800000,0x000000a596900000) (1024K)]
  0x000002035bf73750 WorkerThread "G1 Conc#2"                       [id=21896, stack(0x000000a596900000,0x000000a596a00000) (1024K)]
  0x00000203371a0460 WorkerThread "G1 Refinement Workers#0"         [id=10656, stack(0x000000a595700000,0x000000a595800000) (1024K)]
  0x000002033719f8a0 ConcurrentGCThread "G1 Refine Control"         [id=9640, stack(0x000000a595600000,0x000000a595700000) (1024K)]
  0x00000203371a0fd0 ConcurrentGCThread "G1 Service"                [id=14692, stack(0x000000a595800000,0x000000a595900000) (1024K)]
Total: 19

Threads with active compile tasks:
C2 CompilerThread0  2523 2982       4       jdk.internal.classfile.impl.StackMapGenerator::processBlock (2767 bytes)
C2 CompilerThread1  2523 2953   !   4       java.lang.ClassLoader::loadClass (121 bytes)
Total: 2

VM state: not at safepoint (normal execution)

VM Mutex/Monitor currently owned by a thread:  ([mutex/lock_event])
[0x00007fff607c1f08] Module_lock - owner thread: 0x0000000000000000

Heap address: 0x0000000080000000, size: 2048 MB, Compressed Oops mode: 32-bit

CDS archive(s) mapped at: [0x0000000005000000-0x0000000005de0000-0x0000000005de0000), size 14548992, SharedBaseAddress: 0x0000000005000000, ArchiveRelocationMode: 1.
Compressed class space mapped at: 0x0000000006000000-0x0000000046000000, reserved size: 1073741824
UseCompressedClassPointers 1, UseCompactObjectHeaders 0
Narrow klass pointer bits 32, Max shift 3
Narrow klass base: 0x0000000005000000, Narrow klass shift: 0
Encoding Range: [0x0000000005000000 - 0x0000000105000000), (4294967296 bytes)
Klass Range:    [0x0000000005000000 - 0x0000000046000000), (1090519040 bytes)
Klass ID Range:  [8 - 1090519033) (1090519025)
Protection zone: [0x0000000005000000 - 0x0000000005010000), (65536 bytes)

GC Precious Log:
 CardTable entry size: 512
 Card Set container configuration: InlinePtr #cards 5 size 8 Array Of Cards #cards 10 size 36 Howl #buckets 4 coarsen threshold 1843 Howl Bitmap #cards 512 size 80 coarsen threshold 460 Card regions per heap region 1 cards per card region 2048
 CPUs: 12 total, 12 available
 Memory: 16068M
 Large Page Support: Disabled
 NUMA Support: Disabled
 Compressed Oops: Enabled (32-bit)
 Heap Region Size: 1M
 Heap Min Capacity: 8M
 Heap Initial Capacity: 8M
 Heap Max Capacity: 2G
 Pre-touch: Disabled
 Parallel Workers: 10
 Concurrent Workers: 3
 Concurrent Refinement Workers: 10
 Periodic GC: Disabled

Heap:
 garbage-first heap   total reserved 2097152K, committed 95232K, used 59094K [0x0000000080000000, 0x0000000100000000)
  region size 1M, 37 eden (37M), 6 survivor (6M), 11 old (11M), 5 humongous (5M), 34 free (34M)

Heap Regions: E=young(eden), S=young(survivor), O=old, HS=humongous(starts), HC=humongous(continues), CS=collection set, F=free, TAMS=top-at-mark-start, PB=parsable bottom
|    0|0x0000000080000000, 0x0000000080100000, 0x0000000080100000|100%| O|  |TAMS 0x0000000080000000| PB 0x0000000080000000| Untracked |  0
|    1|0x0000000080100000, 0x0000000080200000, 0x0000000080200000|100%| O|  |TAMS 0x0000000080100000| PB 0x0000000080100000| Untracked |  0
|    2|0x0000000080200000, 0x0000000080300000, 0x0000000080300000|100%| O|  |TAMS 0x0000000080200000| PB 0x0000000080200000| Untracked |  0
|    3|0x0000000080300000, 0x0000000080400000, 0x0000000080400000|100%| O|  |TAMS 0x0000000080300000| PB 0x0000000080300000| Untracked |  0
|    4|0x0000000080400000, 0x0000000080500000, 0x0000000080500000|100%| O|  |TAMS 0x0000000080400000| PB 0x0000000080400000| Untracked |  0
|    5|0x0000000080500000, 0x0000000080600000, 0x0000000080600000|100%|HS|  |TAMS 0x0000000080500000| PB 0x0000000080500000| Complete  |  0
|    6|0x0000000080600000, 0x0000000080700000, 0x0000000080700000|100%|HC|  |TAMS 0x0000000080600000| PB 0x0000000080600000| Complete  |  0
|    7|0x0000000080700000, 0x0000000080800000, 0x0000000080800000|100%|HC|  |TAMS 0x0000000080700000| PB 0x0000000080700000| Complete  |  0
|    8|0x0000000080800000, 0x0000000080900000, 0x0000000080900000|100%|HC|  |TAMS 0x0000000080800000| PB 0x0000000080800000| Complete  |  0
|    9|0x0000000080900000, 0x0000000080a00000, 0x0000000080a00000|100%| O|  |TAMS 0x0000000080900000| PB 0x0000000080900000| Untracked |  0
|   10|0x0000000080a00000, 0x0000000080b00000, 0x0000000080b00000|100%| O|  |TAMS 0x0000000080a00000| PB 0x0000000080a00000| Untracked |  0
|   11|0x0000000080b00000, 0x0000000080c00000, 0x0000000080c00000|100%|HS|  |TAMS 0x0000000080b00000| PB 0x0000000080b00000| Complete  |  0
|   12|0x0000000080c00000, 0x0000000080c00000, 0x0000000080d00000|  0%| F|  |TAMS 0x0000000080c00000| PB 0x0000000080c00000| Untracked |  0
|   13|0x0000000080d00000, 0x0000000080e00000, 0x0000000080e00000|100%| O|  |TAMS 0x0000000080d00000| PB 0x0000000080d00000| Untracked |  0
|   14|0x0000000080e00000, 0x0000000080f00000, 0x0000000080f00000|100%| O|  |TAMS 0x0000000080e00000| PB 0x0000000080e00000| Untracked |  0
|   15|0x0000000080f00000, 0x0000000080f00000, 0x0000000081000000|  0%| F|  |TAMS 0x0000000080f00000| PB 0x0000000080f00000| Untracked |  0
|   16|0x0000000081000000, 0x0000000081000000, 0x0000000081100000|  0%| F|  |TAMS 0x0000000081000000| PB 0x0000000081000000| Untracked |  0
|   17|0x0000000081100000, 0x0000000081100000, 0x0000000081200000|  0%| F|  |TAMS 0x0000000081100000| PB 0x0000000081100000| Untracked |  0
|   18|0x0000000081200000, 0x0000000081200000, 0x0000000081300000|  0%| F|  |TAMS 0x0000000081200000| PB 0x0000000081200000| Untracked |  0
|   19|0x0000000081300000, 0x0000000081300000, 0x0000000081400000|  0%| F|  |TAMS 0x0000000081300000| PB 0x0000000081300000| Untracked |  0
|   20|0x0000000081400000, 0x0000000081400000, 0x0000000081500000|  0%| F|  |TAMS 0x0000000081400000| PB 0x0000000081400000| Untracked |  0
|   21|0x0000000081500000, 0x0000000081500000, 0x0000000081600000|  0%| F|  |TAMS 0x0000000081500000| PB 0x0000000081500000| Untracked |  0
|   22|0x0000000081600000, 0x0000000081600000, 0x0000000081700000|  0%| F|  |TAMS 0x0000000081600000| PB 0x0000000081600000| Untracked |  0
|   23|0x0000000081700000, 0x0000000081700000, 0x0000000081800000|  0%| F|  |TAMS 0x0000000081700000| PB 0x0000000081700000| Untracked |  0
|   24|0x0000000081800000, 0x0000000081800000, 0x0000000081900000|  0%| F|  |TAMS 0x0000000081800000| PB 0x0000000081800000| Untracked |  0
|   25|0x0000000081900000, 0x0000000081900000, 0x0000000081a00000|  0%| F|  |TAMS 0x0000000081900000| PB 0x0000000081900000| Untracked |  0
|   26|0x0000000081a00000, 0x0000000081a00000, 0x0000000081b00000|  0%| F|  |TAMS 0x0000000081a00000| PB 0x0000000081a00000| Untracked |  0
|   27|0x0000000081b00000, 0x0000000081b00000, 0x0000000081c00000|  0%| F|  |TAMS 0x0000000081b00000| PB 0x0000000081b00000| Untracked |  0
|   28|0x0000000081c00000, 0x0000000081c00000, 0x0000000081d00000|  0%| F|  |TAMS 0x0000000081c00000| PB 0x0000000081c00000| Untracked |  0
|   29|0x0000000081d00000, 0x0000000081d00000, 0x0000000081e00000|  0%| F|  |TAMS 0x0000000081d00000| PB 0x0000000081d00000| Untracked |  0
|   30|0x0000000081e00000, 0x0000000081e00000, 0x0000000081f00000|  0%| F|  |TAMS 0x0000000081e00000| PB 0x0000000081e00000| Untracked |  0
|   31|0x0000000081f00000, 0x0000000081f00000, 0x0000000082000000|  0%| F|  |TAMS 0x0000000081f00000| PB 0x0000000081f00000| Untracked |  0
|   32|0x0000000082000000, 0x0000000082000000, 0x0000000082100000|  0%| F|  |TAMS 0x0000000082000000| PB 0x0000000082000000| Untracked |  0
|   33|0x0000000082100000, 0x0000000082100000, 0x0000000082200000|  0%| F|  |TAMS 0x0000000082100000| PB 0x0000000082100000| Untracked |  0
|   34|0x0000000082200000, 0x0000000082200000, 0x0000000082300000|  0%| F|  |TAMS 0x0000000082200000| PB 0x0000000082200000| Untracked |  0
|   35|0x0000000082300000, 0x0000000082300000, 0x0000000082400000|  0%| F|  |TAMS 0x0000000082300000| PB 0x0000000082300000| Untracked |  0
|   36|0x0000000082400000, 0x0000000082400000, 0x0000000082500000|  0%| F|  |TAMS 0x0000000082400000| PB 0x0000000082400000| Untracked |  0
|   37|0x0000000082500000, 0x0000000082500000, 0x0000000082600000|  0%| F|  |TAMS 0x0000000082500000| PB 0x0000000082500000| Untracked |  0
|   38|0x0000000082600000, 0x0000000082600000, 0x0000000082700000|  0%| F|  |TAMS 0x0000000082600000| PB 0x0000000082600000| Untracked |  0
|   39|0x0000000082700000, 0x0000000082700000, 0x0000000082800000|  0%| F|  |TAMS 0x0000000082700000| PB 0x0000000082700000| Untracked |  0
|   40|0x0000000082800000, 0x0000000082800000, 0x0000000082900000|  0%| F|  |TAMS 0x0000000082800000| PB 0x0000000082800000| Untracked |  0
|   41|0x0000000082900000, 0x0000000082900000, 0x0000000082a00000|  0%| F|  |TAMS 0x0000000082900000| PB 0x0000000082900000| Untracked |  0
|   42|0x0000000082a00000, 0x0000000082a00000, 0x0000000082b00000|  0%| F|  |TAMS 0x0000000082a00000| PB 0x0000000082a00000| Untracked |  0
|   43|0x0000000082b00000, 0x0000000082c00000, 0x0000000082c00000|100%| S|CS|TAMS 0x0000000082b00000| PB 0x0000000082b00000| Complete  |  0
|   44|0x0000000082c00000, 0x0000000082d00000, 0x0000000082d00000|100%| S|CS|TAMS 0x0000000082c00000| PB 0x0000000082c00000| Complete  |  0
|   45|0x0000000082d00000, 0x0000000082e00000, 0x0000000082e00000|100%| S|CS|TAMS 0x0000000082d00000| PB 0x0000000082d00000| Complete  |  0
|   46|0x0000000082e00000, 0x0000000082f00000, 0x0000000082f00000|100%| S|CS|TAMS 0x0000000082e00000| PB 0x0000000082e00000| Complete  |  0
|   47|0x0000000082f00000, 0x0000000083000000, 0x0000000083000000|100%| S|CS|TAMS 0x0000000082f00000| PB 0x0000000082f00000| Complete  |  0
|   48|0x0000000083000000, 0x0000000083100000, 0x0000000083100000|100%| S|CS|TAMS 0x0000000083000000| PB 0x0000000083000000| Complete  |  0
|   49|0x0000000083100000, 0x0000000083100000, 0x0000000083200000|  0%| F|  |TAMS 0x0000000083100000| PB 0x0000000083100000| Untracked |  0
|   50|0x0000000083200000, 0x0000000083200000, 0x0000000083300000|  0%| F|  |TAMS 0x0000000083200000| PB 0x0000000083200000| Untracked |  0
|   51|0x0000000083300000, 0x0000000083300000, 0x0000000083400000|  0%| F|  |TAMS 0x0000000083300000| PB 0x0000000083300000| Untracked |  0
|   52|0x0000000083400000, 0x0000000083400000, 0x0000000083500000|  0%| F|  |TAMS 0x0000000083400000| PB 0x0000000083400000| Untracked |  0
|   53|0x0000000083500000, 0x0000000083500000, 0x0000000083600000|  0%| F|  |TAMS 0x0000000083500000| PB 0x0000000083500000| Untracked |  0
|   54|0x0000000083600000, 0x00000000836ddf40, 0x0000000083700000| 86%| E|CS|TAMS 0x0000000083600000| PB 0x0000000083600000| Complete  |  0
|   55|0x0000000083700000, 0x0000000083800000, 0x0000000083800000|100%| E|CS|TAMS 0x0000000083700000| PB 0x0000000083700000| Complete  |  0
|   56|0x0000000083800000, 0x0000000083900000, 0x0000000083900000|100%| E|CS|TAMS 0x0000000083800000| PB 0x0000000083800000| Complete  |  0
|   57|0x0000000083900000, 0x0000000083a00000, 0x0000000083a00000|100%| E|CS|TAMS 0x0000000083900000| PB 0x0000000083900000| Complete  |  0
|   58|0x0000000083a00000, 0x0000000083b00000, 0x0000000083b00000|100%| E|CS|TAMS 0x0000000083a00000| PB 0x0000000083a00000| Complete  |  0
|   59|0x0000000083b00000, 0x0000000083c00000, 0x0000000083c00000|100%| E|CS|TAMS 0x0000000083b00000| PB 0x0000000083b00000| Complete  |  0
|   60|0x0000000083c00000, 0x0000000083d00000, 0x0000000083d00000|100%| E|CS|TAMS 0x0000000083c00000| PB 0x0000000083c00000| Complete  |  0
|   61|0x0000000083d00000, 0x0000000083e00000, 0x0000000083e00000|100%| E|CS|TAMS 0x0000000083d00000| PB 0x0000000083d00000| Complete  |  0
|   62|0x0000000083e00000, 0x0000000083f00000, 0x0000000083f00000|100%| E|CS|TAMS 0x0000000083e00000| PB 0x0000000083e00000| Complete  |  0
|   63|0x0000000083f00000, 0x0000000084000000, 0x0000000084000000|100%| E|CS|TAMS 0x0000000083f00000| PB 0x0000000083f00000| Complete  |  0
|   64|0x0000000084000000, 0x0000000084100000, 0x0000000084100000|100%| E|CS|TAMS 0x0000000084000000| PB 0x0000000084000000| Complete  |  0
|   65|0x0000000084100000, 0x0000000084200000, 0x0000000084200000|100%| E|CS|TAMS 0x0000000084100000| PB 0x0000000084100000| Complete  |  0
|   66|0x0000000084200000, 0x0000000084300000, 0x0000000084300000|100%| E|CS|TAMS 0x0000000084200000| PB 0x0000000084200000| Complete  |  0
|   67|0x0000000084300000, 0x0000000084400000, 0x0000000084400000|100%| E|CS|TAMS 0x0000000084300000| PB 0x0000000084300000| Complete  |  0
|   68|0x0000000084400000, 0x0000000084500000, 0x0000000084500000|100%| E|CS|TAMS 0x0000000084400000| PB 0x0000000084400000| Complete  |  0
|   69|0x0000000084500000, 0x0000000084600000, 0x0000000084600000|100%| E|CS|TAMS 0x0000000084500000| PB 0x0000000084500000| Complete  |  0
|   70|0x0000000084600000, 0x0000000084700000, 0x0000000084700000|100%| E|CS|TAMS 0x0000000084600000| PB 0x0000000084600000| Complete  |  0
|   71|0x0000000084700000, 0x0000000084800000, 0x0000000084800000|100%| E|CS|TAMS 0x0000000084700000| PB 0x0000000084700000| Complete  |  0
|   72|0x0000000084800000, 0x0000000084900000, 0x0000000084900000|100%| E|CS|TAMS 0x0000000084800000| PB 0x0000000084800000| Complete  |  0
|   73|0x0000000084900000, 0x0000000084a00000, 0x0000000084a00000|100%| E|CS|TAMS 0x0000000084900000| PB 0x0000000084900000| Complete  |  0
|   74|0x0000000084a00000, 0x0000000084b00000, 0x0000000084b00000|100%| E|CS|TAMS 0x0000000084a00000| PB 0x0000000084a00000| Complete  |  0
|   75|0x0000000084b00000, 0x0000000084c00000, 0x0000000084c00000|100%| E|CS|TAMS 0x0000000084b00000| PB 0x0000000084b00000| Complete  |  0
|   76|0x0000000084c00000, 0x0000000084d00000, 0x0000000084d00000|100%| E|CS|TAMS 0x0000000084c00000| PB 0x0000000084c00000| Complete  |  0
|   77|0x0000000084d00000, 0x0000000084e00000, 0x0000000084e00000|100%| E|CS|TAMS 0x0000000084d00000| PB 0x0000000084d00000| Complete  |  0
|   78|0x0000000084e00000, 0x0000000084f00000, 0x0000000084f00000|100%| E|CS|TAMS 0x0000000084e00000| PB 0x0000000084e00000| Complete  |  0
|   79|0x0000000084f00000, 0x0000000085000000, 0x0000000085000000|100%| E|CS|TAMS 0x0000000084f00000| PB 0x0000000084f00000| Complete  |  0
|   80|0x0000000085000000, 0x0000000085100000, 0x0000000085100000|100%| E|CS|TAMS 0x0000000085000000| PB 0x0000000085000000| Complete  |  0
|   81|0x0000000085100000, 0x0000000085200000, 0x0000000085200000|100%| E|CS|TAMS 0x0000000085100000| PB 0x0000000085100000| Complete  |  0
|   82|0x0000000085200000, 0x0000000085300000, 0x0000000085300000|100%| E|CS|TAMS 0x0000000085200000| PB 0x0000000085200000| Complete  |  0
|   83|0x0000000085300000, 0x0000000085400000, 0x0000000085400000|100%| E|CS|TAMS 0x0000000085300000| PB 0x0000000085300000| Complete  |  0
|   84|0x0000000085400000, 0x0000000085500000, 0x0000000085500000|100%| E|CS|TAMS 0x0000000085400000| PB 0x0000000085400000| Complete  |  0
|   85|0x0000000085500000, 0x0000000085600000, 0x0000000085600000|100%| E|CS|TAMS 0x0000000085500000| PB 0x0000000085500000| Complete  |  0
|   86|0x0000000085600000, 0x0000000085700000, 0x0000000085700000|100%| E|CS|TAMS 0x0000000085600000| PB 0x0000000085600000| Complete  |  0
|   87|0x0000000085700000, 0x0000000085800000, 0x0000000085800000|100%| E|CS|TAMS 0x0000000085700000| PB 0x0000000085700000| Complete  |  0
|   88|0x0000000085800000, 0x0000000085900000, 0x0000000085900000|100%| E|CS|TAMS 0x0000000085800000| PB 0x0000000085800000| Complete  |  0
|   89|0x0000000085900000, 0x0000000085a00000, 0x0000000085a00000|100%| E|CS|TAMS 0x0000000085900000| PB 0x0000000085900000| Complete  |  0
| 2045|0x00000000ffd00000, 0x00000000ffdb5b10, 0x00000000ffe00000| 70%| O|  |TAMS 0x00000000ffd00000| PB 0x00000000ffd00000| Untracked |  0
| 2046|0x00000000ffe00000, 0x00000000fff00000, 0x00000000fff00000|100%| O|  |TAMS 0x00000000ffe00000| PB 0x00000000ffe00000| Untracked |  0
| 2047|0x00000000fff00000, 0x0000000100000000, 0x0000000100000000|100%| E|CS|TAMS 0x00000000fff00000| PB 0x00000000fff00000| Complete  |  0

Card table byte_map: [0x00000203515d0000,0x00000203519d0000] _byte_map_base: 0x00000203511d0000
Refinement table byte_map: [0x00000203519d0000,0x0000020351dd0000] _byte_map_base: 0x00000203515d0000

Marking Bits: (CMBitMap*) 0x000002033712eef0
 Bits: [0x0000020351dd0000, 0x0000020353dd0000)

Polling page: 0x0000020336e80000

Metaspace:
Metaspace        used 17084K, committed 17600K, reserved 1114112K
 class space     used 2424K, committed 2624K, reserved 1048576K

Usage:
  Non-class:     14.32 MB used.
      Class:      2.37 MB used.
       Both:     16.68 MB used.

Virtual space:
  Non-class space:       64.00 MB reserved,      14.62 MB ( 23%) committed,  1 nodes.
      Class space:        1.00 GB reserved,       2.56 MB ( <1%) committed,  1 nodes.
             Both:        1.06 GB reserved,      17.19 MB (  2%) committed. 

Chunk freelists:
   Non-Class:  944.00 KB
       Class:  13.44 MB
        Both:  14.36 MB

MaxMetaspaceSize: unlimited
CompressedClassSpaceSize: 1.00 GB
Initial GC threshold: 21.00 MB
Current GC threshold: 21.00 MB
CDS: on
 - commit_granule_bytes: 65536.
 - commit_granule_words: 8192.
 - virtual_space_node_default_size: 8388608.
 - enlarge_chunks_in_place: 1.
UseCompressedClassPointers 1, UseCompactObjectHeaders 0
Narrow klass pointer bits 32, Max shift 3
Narrow klass base: 0x0000000005000000, Narrow klass shift: 0
Encoding Range: [0x0000000005000000 - 0x0000000105000000), (4294967296 bytes)
Klass Range:    [0x0000000005000000 - 0x0000000046000000), (1090519040 bytes)
Klass ID Range:  [8 - 1090519033) (1090519025)
Protection zone: [0x0000000005000000 - 0x0000000005010000), (65536 bytes)


Internal statistics:

num_allocs_failed_limit: 0.
num_arena_births: 574.
num_arena_deaths: 0.
num_vsnodes_births: 2.
num_vsnodes_deaths: 0.
num_space_committed: 275.
num_space_uncommitted: 0.
num_chunks_returned_to_freelist: 0.
num_chunks_taken_from_freelist: 1164.
num_chunk_merges: 0.
num_chunk_splits: 761.
num_chunks_enlarged: 529.
num_inconsistent_stats: 0.

CodeHeap 'non-profiled nmethods': size=120064Kb used=1022Kb max_used=1022Kb free=119041Kb
 bounds [0x0000020348ff0000, 0x0000020349260000, 0x0000020350530000]
CodeHeap 'profiled nmethods': size=120064Kb used=4754Kb max_used=4754Kb free=115309Kb
 bounds [0x0000020341510000, 0x00000203419c0000, 0x0000020348a50000]
CodeHeap 'non-nmethods': size=5760Kb used=1478Kb max_used=1513Kb free=4281Kb
 bounds [0x0000020348a50000, 0x0000020348cc0000, 0x0000020348ff0000]
CodeCache: size=245888Kb, used=7254Kb, max_used=7289Kb, free=238631Kb
 total_blobs=3652, nmethods=3053, adapters=501, full_count=0
Compilation: enabled, stopped_count=0, restarted_count=0

Compilation events (20 events):
Event: 2.345 Thread 0x0000020356a40c40 3016       3       org.gradle.internal.collect.ArrayIterator::next (37 bytes)
Event: 2.346 Thread 0x0000020356a40c40 nmethod 3016 0x000002034199bd08 code [0x000002034199be00, 0x000002034199c038]
Event: 2.346 Thread 0x0000020356a40c40 3018       3       jdk.internal.constant.ConstantUtils::validateClassOrPackageName (123 bytes)
Event: 2.349 Thread 0x0000020356a40c40 nmethod 3018 0x000002034199c088 code [0x000002034199c180, 0x00000203419a0518]
Event: 2.350 Thread 0x0000020356a40c40 3019       3       jdk.internal.classfile.impl.UnboundAttribute$UnboundRuntimeVisibleAnnotationsAttribute::attributeName (4 bytes)
Event: 2.350 Thread 0x0000020356a40c40 nmethod 3019 0x00000203419a0588 code [0x00000203419a0680, 0x00000203419a0780]
Event: 2.350 Thread 0x0000020356a40c40 3020       3       jdk.internal.classfile.impl.AbstractAttributeMapper$RuntimeVisibleAnnotationsMapper::writeBody (10 bytes)
Event: 2.350 Thread 0x0000020356a40c40 nmethod 3020 0x00000203419a0888 code [0x00000203419a0980, 0x00000203419a0cd8]
Event: 2.361 Thread 0x0000020356a40c40 3021       3       java.lang.invoke.InvokerBytecodeGenerator::generateCustomizedCode (34 bytes)
Event: 2.361 Thread 0x0000020356a40c40 nmethod 3021 0x00000203419a0d08 code [0x00000203419a0e00, 0x00000203419a10b0]
Event: 2.364 Thread 0x0000020356a40c40 3022       3       java.lang.invoke.DirectMethodHandle::make (275 bytes)
Event: 2.366 Thread 0x0000020356a40c40 nmethod 3022 0x00000203419a1108 code [0x00000203419a1200, 0x00000203419a2b10]
Event: 2.366 Thread 0x0000020356a40c40 3026       3       java.lang.invoke.LambdaForm$Name::<init> (20 bytes)
Event: 2.367 Thread 0x0000020356a40c40 nmethod 3026 0x00000203419a2b88 code [0x00000203419a2c80, 0x00000203419a3668]
Event: 2.367 Thread 0x0000020356a40c40 3024       3       java.lang.classfile.ClassBuilder::withSuperclass (19 bytes)
Event: 2.368 Thread 0x0000020356a40c40 nmethod 3024 0x00000203419a3688 code [0x00000203419a3780, 0x00000203419a4060]
Event: 2.368 Thread 0x0000020356a40c40 3025       3       java.lang.classfile.attribute.SourceFileAttribute::of (9 bytes)
Event: 2.368 Thread 0x0000020356a40c40 nmethod 3025 0x00000203419a4088 code [0x00000203419a4180, 0x00000203419a4780]
Event: 2.379 Thread 0x0000020356a40c40 3027       3       java.io.Reader::<init> (27 bytes)
Event: 2.379 Thread 0x0000020356a40c40 nmethod 3027 0x00000203419a4808 code [0x00000203419a4900, 0x00000203419a4bc8]

GC Heap Usage History (20 events):
Event: 0.114 {heap Before GC invocations=0 (full 0):
 garbage-first heap   total reserved 2097152K, committed 10240K, used 5283K [0x0000000080000000, 0x0000000100000000)
  region size 1M, 4 eden (4M), 0 survivor (0M), 2 old (2M), 0 humongous (0M), 4 free (4M)
}
Event: 0.116 {heap After GC invocations=1 (full 0):
 garbage-first heap   total reserved 2097152K, committed 10240K, used 1987K [0x0000000080000000, 0x0000000100000000)
  region size 1M, 0 eden (0M), 1 survivor (1M), 2 old (2M), 0 humongous (0M), 7 free (7M)
}
Event: 0.135 {heap Before GC invocations=1 (full 0):
 garbage-first heap   total reserved 2097152K, committed 10240K, used 4035K [0x0000000080000000, 0x0000000100000000)
  region size 1M, 3 eden (3M), 1 survivor (1M), 2 old (2M), 0 humongous (0M), 4 free (4M)
}
Event: 0.137 {heap After GC invocations=2 (full 0):
 garbage-first heap   total reserved 2097152K, committed 10240K, used 2066K [0x0000000080000000, 0x0000000100000000)
  region size 1M, 0 eden (0M), 1 survivor (1M), 3 old (3M), 0 humongous (0M), 6 free (6M)
}
Event: 0.157 {heap Before GC invocations=2 (full 0):
 garbage-first heap   total reserved 2097152K, committed 10240K, used 5138K [0x0000000080000000, 0x0000000100000000)
  region size 1M, 3 eden (3M), 1 survivor (1M), 3 old (3M), 0 humongous (0M), 3 free (3M)
}
Event: 0.158 {heap After GC invocations=3 (full 0):
 garbage-first heap   total reserved 2097152K, committed 10240K, used 2063K [0x0000000080000000, 0x0000000100000000)
  region size 1M, 0 eden (0M), 1 survivor (1M), 3 old (3M), 0 humongous (0M), 6 free (6M)
}
Event: 0.200 {heap Before GC invocations=3 (full 0):
 garbage-first heap   total reserved 2097152K, committed 10240K, used 4111K [0x0000000080000000, 0x0000000100000000)
  region size 1M, 3 eden (3M), 1 survivor (1M), 3 old (3M), 0 humongous (0M), 3 free (3M)
}
Event: 0.201 {heap After GC invocations=4 (full 0):
 garbage-first heap   total reserved 2097152K, committed 30720K, used 4164K [0x0000000080000000, 0x0000000100000000)
  region size 1M, 0 eden (0M), 1 survivor (1M), 4 old (4M), 0 humongous (0M), 25 free (25M)
}
Event: 0.438 {heap Before GC invocations=4 (full 0):
 garbage-first heap   total reserved 2097152K, committed 30720K, used 19524K [0x0000000080000000, 0x0000000100000000)
  region size 1M, 12 eden (12M), 1 survivor (1M), 4 old (4M), 4 humongous (4M), 9 free (9M)
}
Event: 0.441 {heap After GC invocations=5 (full 0):
 garbage-first heap   total reserved 2097152K, committed 30720K, used 12451K [0x0000000080000000, 0x0000000100000000)
  region size 1M, 0 eden (0M), 2 survivor (2M), 7 old (7M), 4 humongous (4M), 17 free (17M)
}
Event: 0.560 {heap Before GC invocations=5 (full 0):
 garbage-first heap   total reserved 2097152K, committed 30720K, used 19619K [0x0000000080000000, 0x0000000100000000)
  region size 1M, 7 eden (7M), 2 survivor (2M), 7 old (7M), 4 humongous (4M), 10 free (10M)
}
Event: 0.563 {heap After GC invocations=6 (full 0):
 garbage-first heap   total reserved 2097152K, committed 30720K, used 13148K [0x0000000080000000, 0x0000000100000000)
  region size 1M, 0 eden (0M), 1 survivor (1M), 9 old (9M), 4 humongous (4M), 16 free (16M)
}
Event: 0.609 {heap Before GC invocations=6 (full 0):
 garbage-first heap   total reserved 2097152K, committed 30720K, used 21340K [0x0000000080000000, 0x0000000100000000)
  region size 1M, 8 eden (8M), 1 survivor (1M), 9 old (9M), 4 humongous (4M), 8 free (8M)
}
Event: 0.611 {heap After GC invocations=7 (full 0):
 garbage-first heap   total reserved 2097152K, committed 30720K, used 13365K [0x0000000080000000, 0x0000000100000000)
  region size 1M, 0 eden (0M), 1 survivor (1M), 9 old (9M), 4 humongous (4M), 16 free (16M)
}
Event: 0.672 {heap Before GC invocations=7 (full 0):
 garbage-first heap   total reserved 2097152K, committed 30720K, used 20533K [0x0000000080000000, 0x0000000100000000)
  region size 1M, 9 eden (9M), 1 survivor (1M), 9 old (9M), 4 humongous (4M), 7 free (7M)
}
Event: 0.676 {heap After GC invocations=8 (full 0):
 garbage-first heap   total reserved 2097152K, committed 30720K, used 13965K [0x0000000080000000, 0x0000000100000000)
  region size 1M, 0 eden (0M), 2 survivor (2M), 9 old (9M), 4 humongous (4M), 15 free (15M)
}
Event: 0.875 {heap Before GC invocations=9 (full 0):
 garbage-first heap   total reserved 2097152K, committed 30720K, used 24205K [0x0000000080000000, 0x0000000100000000)
  region size 1M, 9 eden (9M), 2 survivor (2M), 9 old (9M), 6 humongous (6M), 4 free (4M)
}
Event: 0.878 {heap After GC invocations=10 (full 0):
 garbage-first heap   total reserved 2097152K, committed 95232K, used 18009K [0x0000000080000000, 0x0000000100000000)
  region size 1M, 0 eden (0M), 2 survivor (2M), 12 old (12M), 5 humongous (5M), 74 free (74M)
}
Event: 1.778 {heap Before GC invocations=10 (full 0):
 garbage-first heap   total reserved 2097152K, committed 95232K, used 58969K [0x0000000080000000, 0x0000000100000000)
  region size 1M, 41 eden (41M), 2 survivor (2M), 12 old (12M), 5 humongous (5M), 33 free (33M)
}
Event: 1.785 {heap After GC invocations=11 (full 0):
 garbage-first heap   total reserved 2097152K, committed 95232K, used 22230K [0x0000000080000000, 0x0000000100000000)
  region size 1M, 0 eden (0M), 6 survivor (6M), 11 old (11M), 5 humongous (5M), 71 free (71M)
}

Metaspace Usage History (20 events):
Event: 0.114 {metaspace Before GC invocations=0 (full 0):
 Metaspace       used 743K, committed 896K, reserved 1114112K
  class space    used 53K, committed 128K, reserved 1048576K
}
Event: 0.116 {metaspace After GC invocations=1 (full 0):
 Metaspace       used 743K, committed 896K, reserved 1114112K
  class space    used 53K, committed 128K, reserved 1048576K
}
Event: 0.135 {metaspace Before GC invocations=1 (full 0):
 Metaspace       used 770K, committed 896K, reserved 1114112K
  class space    used 53K, committed 128K, reserved 1048576K
}
Event: 0.137 {metaspace After GC invocations=2 (full 0):
 Metaspace       used 770K, committed 896K, reserved 1114112K
  class space    used 53K, committed 128K, reserved 1048576K
}
Event: 0.157 {metaspace Before GC invocations=2 (full 0):
 Metaspace       used 817K, committed 960K, reserved 1114112K
  class space    used 56K, committed 128K, reserved 1048576K
}
Event: 0.158 {metaspace After GC invocations=3 (full 0):
 Metaspace       used 817K, committed 960K, reserved 1114112K
  class space    used 56K, committed 128K, reserved 1048576K
}
Event: 0.200 {metaspace Before GC invocations=3 (full 0):
 Metaspace       used 1227K, committed 1408K, reserved 1114112K
  class space    used 99K, committed 192K, reserved 1048576K
}
Event: 0.201 {metaspace After GC invocations=4 (full 0):
 Metaspace       used 1227K, committed 1408K, reserved 1114112K
  class space    used 99K, committed 192K, reserved 1048576K
}
Event: 0.438 {metaspace Before GC invocations=4 (full 0):
 Metaspace       used 3563K, committed 3712K, reserved 1114112K
  class space    used 448K, committed 512K, reserved 1048576K
}
Event: 0.441 {metaspace After GC invocations=5 (full 0):
 Metaspace       used 3563K, committed 3712K, reserved 1114112K
  class space    used 448K, committed 512K, reserved 1048576K
}
Event: 0.560 {metaspace Before GC invocations=5 (full 0):
 Metaspace       used 4579K, committed 4800K, reserved 1114112K
  class space    used 594K, committed 704K, reserved 1048576K
}
Event: 0.563 {metaspace After GC invocations=6 (full 0):
 Metaspace       used 4579K, committed 4800K, reserved 1114112K
  class space    used 594K, committed 704K, reserved 1048576K
}
Event: 0.609 {metaspace Before GC invocations=6 (full 0):
 Metaspace       used 4610K, committed 4800K, reserved 1114112K
  class space    used 596K, committed 704K, reserved 1048576K
}
Event: 0.611 {metaspace After GC invocations=7 (full 0):
 Metaspace       used 4610K, committed 4800K, reserved 1114112K
  class space    used 596K, committed 704K, reserved 1048576K
}
Event: 0.672 {metaspace Before GC invocations=7 (full 0):
 Metaspace       used 4639K, committed 4800K, reserved 1114112K
  class space    used 596K, committed 704K, reserved 1048576K
}
Event: 0.676 {metaspace After GC invocations=8 (full 0):
 Metaspace       used 4639K, committed 4800K, reserved 1114112K
  class space    used 596K, committed 704K, reserved 1048576K
}
Event: 0.875 {metaspace Before GC invocations=9 (full 0):
 Metaspace       used 4714K, committed 4928K, reserved 1114112K
  class space    used 596K, committed 704K, reserved 1048576K
}
Event: 0.878 {metaspace After GC invocations=10 (full 0):
 Metaspace       used 4714K, committed 4928K, reserved 1114112K
  class space    used 596K, committed 704K, reserved 1048576K
}
Event: 1.778 {metaspace Before GC invocations=10 (full 0):
 Metaspace       used 11169K, committed 11520K, reserved 1114112K
  class space    used 1522K, committed 1664K, reserved 1048576K
}
Event: 1.786 {metaspace After GC invocations=11 (full 0):
 Metaspace       used 11169K, committed 11520K, reserved 1114112K
  class space    used 1522K, committed 1664K, reserved 1048576K
}

Dll operation events (20 events):
Event: 0.052 Attempting to load shared library C:\Program Files\Java\jdk-26.0.2\bin\nio.dll
Event: 0.053 Loaded shared library C:\Program Files\Java\jdk-26.0.2\bin\nio.dll
Event: 0.054 Attempting to load shared library C:\Program Files\Java\jdk-26.0.2\bin\zip.dll
Event: 0.054 Loaded shared library C:\Program Files\Java\jdk-26.0.2\bin\zip.dll
Event: 0.144 Attempting to load shared library C:\Program Files\Java\jdk-26.0.2\bin\jimage.dll
Event: 0.144 Loaded shared library C:\Program Files\Java\jdk-26.0.2\bin\jimage.dll
Event: 0.288 Attempting to load shared library C:\Program Files\Java\jdk-26.0.2\bin\verify.dll
Event: 0.289 Loaded shared library C:\Program Files\Java\jdk-26.0.2\bin\verify.dll
Event: 0.309 Attempting to load shared library C:\Users\NGUYEN THUY NGAN\.gradle\native\660c5614fbf4a5f2a75b1949f50a0caf5cd603558e7d8a26e50b933a0cfb79d1\windows-amd64\native-platform.dll
Event: 0.309 Loaded shared library C:\Users\NGUYEN THUY NGAN\.gradle\native\660c5614fbf4a5f2a75b1949f50a0caf5cd603558e7d8a26e50b933a0cfb79d1\windows-amd64\native-platform.dll
Event: 0.317 Attempting to load shared library C:\Users\NGUYEN THUY NGAN\.gradle\native\0.2.8\x86_64-windows-gnu\gradle-fileevents.dll
Event: 0.317 Loaded shared library C:\Users\NGUYEN THUY NGAN\.gradle\native\0.2.8\x86_64-windows-gnu\gradle-fileevents.dll
Event: 1.187 Attempting to load shared library C:\Program Files\Java\jdk-26.0.2\bin\management.dll
Event: 1.188 Loaded shared library C:\Program Files\Java\jdk-26.0.2\bin\management.dll
Event: 1.193 Attempting to load shared library C:\Program Files\Java\jdk-26.0.2\bin\management_ext.dll
Event: 1.194 Loaded shared library C:\Program Files\Java\jdk-26.0.2\bin\management_ext.dll
Event: 1.396 Attempting to load shared library C:\Program Files\Java\jdk-26.0.2\bin\extnet.dll
Event: 1.397 Loaded shared library C:\Program Files\Java\jdk-26.0.2\bin\extnet.dll
Event: 1.711 Attempting to load shared library C:\Program Files\Java\jdk-26.0.2\bin\sunmscapi.dll
Event: 1.714 Loaded shared library C:\Program Files\Java\jdk-26.0.2\bin\sunmscapi.dll

Deoptimization events (20 events):
Event: 1.786 Thread 0x000002035d1d58e0 Uncommon trap: trap_request=0xffffff45 fr.pc=0x0000020349088fb0 relative=0x00000000000002b0
Event: 1.786 Thread 0x000002035d1d58e0 Uncommon trap: reason=unstable_if action=reinterpret pc=0x0000020349088fb0 method=java.lang.StringUTF16.compress([CII)[B @ 17 c2
Event: 1.786 Thread 0x000002035d1d58e0 DEOPT PACKING pc=0x0000020349088fb0 sp=0x000000a596ffedb0
Event: 1.786 Thread 0x000002035d1d58e0 DEOPT UNPACKING pc=0x0000020348b74882 sp=0x000000a596ffecc0 mode 2
Event: 1.851 Thread 0x000002035d1daed0 Uncommon trap: trap_request=0xffffffcc fr.pc=0x00000203490c089c relative=0x000000000000039c
Event: 1.851 Thread 0x000002035d1daed0 Uncommon trap: reason=intrinsic_or_type_checked_inlining action=make_not_entrant pc=0x00000203490c089c method=java.util.Arrays.copyOf([Ljava/lang/Object;ILjava/lang/Class;)[Ljava/lang/Object; @ 35 c2
Event: 1.851 Thread 0x000002035d1daed0 DEOPT PACKING pc=0x00000203490c089c sp=0x000000a5978fde20
Event: 1.851 Thread 0x000002035d1daed0 DEOPT UNPACKING pc=0x0000020348b74882 sp=0x000000a5978fddc8 mode 2
Event: 1.870 Thread 0x000002035d1daed0 Uncommon trap: trap_request=0xffffff45 fr.pc=0x00000203490c38f4 relative=0x00000000000005f4
Event: 1.870 Thread 0x000002035d1daed0 Uncommon trap: reason=unstable_if action=reinterpret pc=0x00000203490c38f4 method=java.util.Properties$LineReader.readLine()I @ 95 c2
Event: 1.870 Thread 0x000002035d1daed0 DEOPT PACKING pc=0x00000203490c38f4 sp=0x000000a5978fd190
Event: 1.870 Thread 0x000002035d1daed0 DEOPT UNPACKING pc=0x0000020348b74882 sp=0x000000a5978fd138 mode 2
Event: 1.996 Thread 0x000002035d1daed0 Uncommon trap: trap_request=0xffffff45 fr.pc=0x00000203490d22c0 relative=0x0000000000000340
Event: 1.996 Thread 0x000002035d1daed0 Uncommon trap: reason=unstable_if action=reinterpret pc=0x00000203490d22c0 method=java.util.HashMap.getNode(Ljava/lang/Object;)Ljava/util/HashMap$Node; @ 66 c2
Event: 1.996 Thread 0x000002035d1daed0 DEOPT PACKING pc=0x00000203490d22c0 sp=0x000000a5978fbfe0
Event: 1.996 Thread 0x000002035d1daed0 DEOPT UNPACKING pc=0x0000020348b74882 sp=0x000000a5978fbf00 mode 2
Event: 1.996 Thread 0x000002035d1daed0 Uncommon trap: trap_request=0xffffff45 fr.pc=0x0000020349044bf0 relative=0x0000000000000170
Event: 1.996 Thread 0x000002035d1daed0 Uncommon trap: reason=unstable_if action=reinterpret pc=0x0000020349044bf0 method=java.util.HashMap.getNode(Ljava/lang/Object;)Ljava/util/HashMap$Node; @ 66 c2
Event: 1.996 Thread 0x000002035d1daed0 DEOPT PACKING pc=0x0000020349044bf0 sp=0x000000a5978fbf80
Event: 1.996 Thread 0x000002035d1daed0 DEOPT UNPACKING pc=0x0000020348b74882 sp=0x000000a5978fbf00 mode 2

Classes loaded (20 events):
Event: 2.263 Loading class java/net/DatagramPacket
Event: 2.263 Loading class java/net/DatagramPacket done
Event: 2.265 Loading class sun/nio/ch/DatagramChannelImpl$DatagramPackets
Event: 2.266 Loading class sun/nio/ch/DatagramChannelImpl$DatagramPackets done
Event: 2.296 Loading class java/util/TreeMap$KeySet
Event: 2.296 Loading class java/util/TreeMap$KeySet done
Event: 2.319 Loading class java/lang/Character$UnicodeBlock
Event: 2.319 Loading class java/lang/Character$Subset
Event: 2.320 Loading class java/lang/Character$Subset done
Event: 2.320 Loading class java/lang/Character$UnicodeBlock done
Event: 2.332 Loading class sun/security/provider/MD5
Event: 2.334 Loading class sun/security/provider/MD5 done
Event: 2.334 Loading class sun/security/provider/SHA5$SHA512
Event: 2.335 Loading class sun/security/provider/SHA5
Event: 2.335 Loading class sun/security/provider/SHA5 done
Event: 2.335 Loading class sun/security/provider/SHA5$SHA512 done
Event: 2.337 Loading class sun/security/provider/ByteArrayAccess$LE
Event: 2.337 Loading class sun/security/provider/ByteArrayAccess$LE done
Event: 2.368 Loading class java/io/File$TempDirectory
Event: 2.368 Loading class java/io/File$TempDirectory done

Classes unloaded (0 events):
No events

Classes redefined (0 events):
No events

Internal exceptions (20 events):
Event: 1.770 Thread 0x000002035d1d58e0 Exception <a 'java/lang/NoSuchMethodError'{0x0000000083180ae8}: static Lorg/gradle/internal/classloader/ClassLoaderSpec;.<clinit>()V> (0x0000000083180ae8) 
thrown [s\open\src\hotspot\share\prims\jni.cpp, line 1104]
Event: 1.771 Thread 0x000002035d1d58e0 Exception <a 'java/lang/NoSuchMethodError'{0x0000000083187790}: static Lorg/gradle/tooling/internal/provider/serialization/WellKnownClassLoaderRegistry$KnownClassLoaderSpec;.<clinit>()V> (0x0000000083187790) 
thrown [s\open\src\hotspot\share\prims\jni.cpp, line 1104]
Event: 1.772 Thread 0x000002035d1d58e0 Exception <a 'java/lang/NoSuchMethodError'{0x0000000083197b68}: static Lorg/gradle/tooling/internal/provider/serialization/ClientOwnedClassLoaderSpec;.<clinit>()V> (0x0000000083197b68) 
thrown [s\open\src\hotspot\share\prims\jni.cpp, line 1104]
Event: 1.891 Thread 0x000002035d1daed0 Exception <a 'java/lang/NoSuchMethodError'{0x0000000085484dd8}: 'java.lang.Object java.lang.invoke.DirectMethodHandle$Holder.invokeVirtual(java.lang.Object, java.lang.Object, java.lang.Object, java.lang.Object, java.lang.Object, java.lang.Object, java.lang.Object)'> (0x0000000085484dd8) 
thrown [s\open\src\hotspot\share\interpreter\linkResolver.cpp, line 804]
Event: 1.905 Thread 0x000002035d1daed0 Exception <a 'java/lang/NoSuchMethodError'{0x0000000085349850}: 'long java.lang.invoke.DirectMethodHandle$Holder.invokeInterface(java.lang.Object, java.lang.Object)'> (0x0000000085349850) 
thrown [s\open\src\hotspot\share\interpreter\linkResolver.cpp, line 804]
Event: 1.957 Thread 0x000002035d1daed0 Exception <a 'java/lang/NoSuchMethodError'{0x0000000084f01710}: 'void java.lang.invoke.DirectMethodHandle$Holder.invokeStatic(java.lang.Object, java.lang.Object)'> (0x0000000084f01710) 
thrown [s\open\src\hotspot\share\interpreter\linkResolver.cpp, line 804]
Event: 1.962 Thread 0x000002035d1daed0 Exception <a 'java/lang/NoSuchMethodError'{0x0000000084f65b48}: 'java.lang.Object java.lang.invoke.DirectMethodHandle$Holder.invokeVirtual(java.lang.Object, java.lang.Object, java.lang.Object, java.lang.Object, java.lang.Object, java.lang.Object, java.lang.Object, java.lang.Object, java.lang.Object, java.lang.Object, java.lang.Object, java.lang.Object)'> (0x0000000084f65b48) 
thrown [s\open\src\hotspot\share\interpreter\linkResolver.cpp, line 804]
Event: 1.989 Thread 0x000002035d1daed0 Exception <a 'java/lang/NoSuchMethodError'{0x0000000084ee1238}: 'void java.lang.invoke.DirectMethodHandle$Holder.invokeStatic(java.lang.Object, java.lang.Object, java.lang.Object, java.lang.Object)'> (0x0000000084ee1238) 
thrown [s\open\src\hotspot\share\interpreter\linkResolver.cpp, line 804]
Event: 2.009 Thread 0x000002035d1daed0 Exception <a 'java/lang/NoSuchMethodError'{0x0000000084d9ff20}: 'int java.lang.invoke.DirectMethodHandle$Holder.invokeVirtual(java.lang.Object, java.lang.Object, java.lang.Object)'> (0x0000000084d9ff20) 
thrown [s\open\src\hotspot\share\interpreter\linkResolver.cpp, line 804]
Event: 2.048 Thread 0x000002035d1daed0 Exception <a 'java/lang/NoSuchMethodError'{0x0000000084a11760}: 'java.lang.Object java.lang.invoke.DirectMethodHandle$Holder.newInvokeSpecial(java.lang.Object, java.lang.Object, java.lang.Object, java.lang.Object, java.lang.Object, java.lang.Object)'> (0x0000000084a11760) 
thrown [s\open\src\hotspot\share\interpreter\linkResolver.cpp, line 804]
Event: 2.104 Thread 0x000002035d1daed0 Exception <a 'java/lang/NoSuchMethodError'{0x00000000848fd468}: 'void java.lang.invoke.DelegatingMethodHandle$Holder.reinvoke_L(java.lang.Object, java.lang.Object, java.lang.Object, java.lang.Object, java.lang.Object, java.lang.Object, java.lang.Object, java.lang.Object, java.lang.Object, java.lang.Object)'> (0x00000000848fd468) 
thrown [s\open\src\hotspot\share\interpreter\linkResolver.cpp, line 804]
Event: 2.104 Thread 0x000002035d1daed0 Exception <a 'java/lang/NoSuchMethodError'{0x000000008470f510}: 'java.lang.Object java.lang.invoke.Invokers$Holder.invoker(java.lang.Object, java.lang.Object, java.lang.Object, java.lang.Object, java.lang.Object, java.lang.Object, java.lang.Object, java.lang.Object, java.lang.Object, java.lang.Object)'> (0x000000008470f510) 
thrown [s\open\src\hotspot\share\interpreter\linkResolver.cpp, line 804]
Event: 2.225 Thread 0x000002035d1daed0 Exception <a 'java/lang/NoSuchMethodError'{0x00000000842df280}: 'void java.lang.invoke.DirectMethodHandle$Holder.invokeInterface(java.lang.Object, java.lang.Object)'> (0x00000000842df280) 
thrown [s\open\src\hotspot\share\interpreter\linkResolver.cpp, line 804]
Event: 2.225 Thread 0x000002035d1daed0 Exception <a 'java/lang/IncompatibleClassChangeError'{0x00000000842e7498}: Found class java.lang.Object, but interface was expected> (0x00000000842e7498) 
thrown [s\open\src\hotspot\share\interpreter\linkResolver.cpp, line 871]
Event: 2.229 Thread 0x000002035d1daed0 Exception <a 'java/lang/NoSuchMethodError'{0x000000008411eaf8}: 'java.lang.Object java.lang.invoke.DirectMethodHandle$Holder.newInvokeSpecial(java.lang.Object, java.lang.Object, java.lang.Object, java.lang.Object, java.lang.Object, java.lang.Object, java.lang.Object, java.lang.Object)'> (0x000000008411eaf8) 
thrown [s\open\src\hotspot\share\interpreter\linkResolver.cpp, line 804]
Event: 2.254 Thread 0x000002035d1daed0 Exception <a 'java/lang/NoSuchMethodError'{0x000000008406c420}: 'java.lang.Object java.lang.invoke.DirectMethodHandle$Holder.newInvokeSpecial(java.lang.Object, java.lang.Object, int)'> (0x000000008406c420) 
thrown [s\open\src\hotspot\share\interpreter\linkResolver.cpp, line 804]
Event: 2.345 Thread 0x000002035d1daed0 Exception <a 'java/lang/NoSuchMethodError'{0x0000000083c4b498}: 'java.lang.Object java.lang.invoke.DirectMethodHandle$Holder.invokeVirtual(java.lang.Object, java.lang.Object, java.lang.Object, java.lang.Object, java.lang.Object, java.lang.Object, java.lang.Object, java.lang.Object)'> (0x0000000083c4b498) 
thrown [s\open\src\hotspot\share\interpreter\linkResolver.cpp, line 804]
Event: 2.361 Thread 0x000002035d1daed0 Exception <a 'java/lang/NoSuchMethodError'{0x0000000083b16090}: 'java.lang.Object java.lang.invoke.Invokers$Holder.invoker(java.lang.Object, java.lang.Object)'> (0x0000000083b16090) 
thrown [s\open\src\hotspot\share\interpreter\linkResolver.cpp, line 804]
Event: 2.364 Thread 0x000002035d1daed0 Exception <a 'java/lang/NoSuchMethodError'{0x0000000083b487b8}: 'java.lang.Object java.lang.invoke.DirectMethodHandle$Holder.invokeVirtual(java.lang.Object, java.lang.Object, java.lang.Object, java.lang.Object, java.lang.Object, java.lang.Object, java.lang.Object, java.lang.Object, java.lang.Object, java.lang.Object)'> (0x0000000083b487b8) 
thrown [s\open\src\hotspot\share\interpreter\linkResolver.cpp, line 804]
Event: 2.378 Thread 0x000002035d1daed0 Exception <a 'java/lang/NoSuchMethodError'{0x0000000083a07ae8}: 'void java.lang.invoke.DirectMethodHandle$Holder.invokeStaticInit(java.lang.Object, java.lang.Object, java.lang.Object, java.lang.Object)'> (0x0000000083a07ae8) 
thrown [s\open\src\hotspot\share\interpreter\linkResolver.cpp, line 804]

VM Operations (20 events):
Event: 0.875 Executing safepoint VM operation: G1CollectForAllocation (G1 Evacuation Pause)
Event: 0.878 Executing safepoint VM operation: G1CollectForAllocation (G1 Evacuation Pause) done
Event: 1.095 Executing non-safepoint VM operation: HandshakeAllThreads (Deoptimize)
Event: 1.095 Executing non-safepoint VM operation: HandshakeAllThreads (Deoptimize) done
Event: 1.133 Executing non-safepoint VM operation: HandshakeAllThreads (Deoptimize)
Event: 1.133 Executing non-safepoint VM operation: HandshakeAllThreads (Deoptimize) done
Event: 1.231 Executing non-safepoint VM operation: HandshakeAllThreads (Deoptimize)
Event: 1.231 Executing non-safepoint VM operation: HandshakeAllThreads (Deoptimize) done
Event: 1.311 Executing non-safepoint VM operation: HandshakeAllThreads (Deoptimize)
Event: 1.311 Executing non-safepoint VM operation: HandshakeAllThreads (Deoptimize) done
Event: 1.493 Executing non-safepoint VM operation: HandshakeAllThreads (Deoptimize)
Event: 1.493 Executing non-safepoint VM operation: HandshakeAllThreads (Deoptimize) done
Event: 1.568 Executing non-safepoint VM operation: HandshakeAllThreads (Deoptimize)
Event: 1.568 Executing non-safepoint VM operation: HandshakeAllThreads (Deoptimize) done
Event: 1.658 Executing non-safepoint VM operation: HandshakeAllThreads (Deoptimize)
Event: 1.658 Executing non-safepoint VM operation: HandshakeAllThreads (Deoptimize) done
Event: 1.778 Executing safepoint VM operation: G1CollectForAllocation (G1 Evacuation Pause)
Event: 1.786 Executing safepoint VM operation: G1CollectForAllocation (G1 Evacuation Pause) done
Event: 2.078 Executing non-safepoint VM operation: HandshakeAllThreads (Deoptimize)
Event: 2.078 Executing non-safepoint VM operation: HandshakeAllThreads (Deoptimize) done

Memory protections (0 events):
No events

Nmethod flushes (0 events):
No events

Events (20 events):
Event: 0.044 Thread 0x00000203370eff80 JVMTI - enter start phase
Event: 0.044 Thread 0x00000203370eff80 JVMTI - enter live phase
Event: 0.050 Thread 0x00000203370eff80 Thread added: 0x0000020356c6e090
Event: 0.066 Thread 0x00000203370eff80 Thread added: 0x0000020356ce5f50
Event: 0.139 Thread 0x0000020356a40c40 Thread added: 0x0000020356dde340
Event: 1.235 Thread 0x00000203370eff80 Thread added: 0x000002035cd8a0d0
Event: 1.523 Thread 0x00000203370eff80 Thread added: 0x000002035d30bde0
Event: 1.632 Thread 0x00000203370eff80 Thread added: 0x000002035d58f340
Event: 1.643 Thread 0x000002035d30bde0 Thread added: 0x000002035d59a620
Event: 1.731 Thread 0x000002035d30bde0 Thread added: 0x000002035d1c6c50
Event: 1.734 Thread 0x000002035d1c6c50 Thread added: 0x000002035d1d58e0
Event: 1.769 Thread 0x0000020356dde340 Thread exited: 0x0000020356dde340
Event: 1.792 Thread 0x000002035d1c6c50 Thread added: 0x000002035d1d9760
Event: 1.801 Thread 0x000002035d1c6c50 Thread added: 0x000002035d1daed0
Event: 1.813 Thread 0x000002035d1daed0 Thread added: 0x000002035d202ab0
Event: 1.832 Thread 0x000002035d1daed0 Thread added: 0x000002035d203280
Event: 1.840 Thread 0x000002035d1daed0 Thread added: 0x000002035d204220
Event: 2.253 Thread 0x000002035d1daed0 Thread added: 0x000002035d206160
Event: 2.262 Thread 0x000002035d1daed0 Thread added: 0x000002035d751750
Event: 2.350 Thread 0x000002035d1daed0 Thread added: 0x000002035d754630


Dynamic libraries:
0x00007ff607910000 - 0x00007ff607920000 	C:\Program Files\Java\jdk-26.0.2\bin\java.exe
0x00007ff8263e0000 - 0x00007ff826647000 	C:\windows\SYSTEM32\ntdll.dll
0x00007ff824d80000 - 0x00007ff824e4b000 	C:\windows\System32\KERNEL32.DLL
0x00007ff8235e0000 - 0x00007ff8239e2000 	C:\windows\System32\KERNELBASE.dll
0x00007ff823fa0000 - 0x00007ff8240ec000 	C:\windows\System32\ucrtbase.dll
0x00007fffeea30000 - 0x00007fffeea4e000 	C:\Program Files\Java\jdk-26.0.2\bin\VCRUNTIME140.dll
0x00007fffeea10000 - 0x00007fffeea27000 	C:\Program Files\Java\jdk-26.0.2\bin\jli.dll
0x00007ff825350000 - 0x00007ff82551f000 	C:\windows\System32\USER32.dll
0x00007ff823a80000 - 0x00007ff823aa7000 	C:\windows\System32\win32u.dll
0x00007ff825c10000 - 0x00007ff825c3b000 	C:\windows\System32\GDI32.dll
0x00007ff80a530000 - 0x00007ff80a7c0000 	C:\windows\WinSxS\amd64_microsoft.windows.common-controls_6595b64144ccf1df_6.0.26100.9278_none_3e0d1ba8e3303201\COMCTL32.dll
0x00007ff823e70000 - 0x00007ff823f99000 	C:\windows\System32\gdi32full.dll
0x00007ff8262f0000 - 0x00007ff826399000 	C:\windows\System32\msvcrt.dll
0x00007ff823dc0000 - 0x00007ff823e63000 	C:\windows\System32\msvcp_win.dll
0x00007ff824d40000 - 0x00007ff824d71000 	C:\windows\System32\IMM32.DLL
0x00007ff800110000 - 0x00007ff80011c000 	C:\Program Files\Java\jdk-26.0.2\bin\vcruntime140_1.dll
0x00007fffd8540000 - 0x00007fffd85cd000 	C:\Program Files\Java\jdk-26.0.2\bin\msvcp140.dll
0x00007fff5f9e0000 - 0x00007fff608b1000 	C:\Program Files\Java\jdk-26.0.2\bin\server\jvm.dll
0x00007ff824c70000 - 0x00007ff824d2c000 	C:\windows\System32\ADVAPI32.dll
0x00007ff8257b0000 - 0x00007ff825859000 	C:\windows\System32\sechost.dll
0x00007ff824190000 - 0x00007ff8242a8000 	C:\windows\System32\RPCRT4.dll
0x00007ff824f20000 - 0x00007ff824fa0000 	C:\windows\System32\WS2_32.dll
0x00007ff81d990000 - 0x00007ff81d9c6000 	C:\windows\SYSTEM32\WINMM.dll
0x00007ff823440000 - 0x00007ff82349e000 	C:\windows\SYSTEM32\POWRPROF.dll
0x00007ff811920000 - 0x00007ff81192b000 	C:\windows\SYSTEM32\VERSION.dll
0x00007ff823420000 - 0x00007ff823435000 	C:\windows\SYSTEM32\UMPDC.dll
0x00007ff8222b0000 - 0x00007ff8222cb000 	C:\windows\SYSTEM32\kernel.appcore.dll
0x00007fffffdf0000 - 0x00007fffffdfa000 	C:\Program Files\Java\jdk-26.0.2\bin\jimage.dll
0x00007ff8209f0000 - 0x00007ff820c3c000 	C:\windows\SYSTEM32\DBGHELP.DLL
0x00007ff825880000 - 0x00007ff825c05000 	C:\windows\System32\combase.dll
0x00007ff825650000 - 0x00007ff825729000 	C:\windows\System32\OLEAUT32.dll
0x00007ffff1260000 - 0x00007ffff129b000 	C:\windows\SYSTEM32\dbgcore.DLL
0x00007ff823b70000 - 0x00007ff823c1c000 	C:\windows\System32\bcryptPrimitives.dll
0x00007ffffeeb0000 - 0x00007ffffeec0000 	C:\Program Files\Java\jdk-26.0.2\bin\instrument.dll
0x00007ffffbad0000 - 0x00007ffffbaef000 	C:\Program Files\Java\jdk-26.0.2\bin\java.dll
0x00007ff8251b0000 - 0x00007ff82534a000 	C:\windows\System32\ole32.dll
0x00007ff8242f0000 - 0x00007ff824a88000 	C:\windows\System32\SHELL32.dll
0x00007ff821010000 - 0x00007ff8218be000 	C:\windows\SYSTEM32\windows.storage.dll
0x00007ff8261f0000 - 0x00007ff8262eb000 	C:\windows\System32\SHCORE.dll
0x00007ff824e50000 - 0x00007ff824eb6000 	C:\windows\System32\shlwapi.dll
0x00007ff823500000 - 0x00007ff823529000 	C:\windows\SYSTEM32\profapi.dll
0x00007fffef470000 - 0x00007fffef486000 	C:\Program Files\Java\jdk-26.0.2\bin\zip.dll
0x00007fffeef50000 - 0x00007fffeef62000 	C:\Program Files\Java\jdk-26.0.2\bin\net.dll
0x00007ff822870000 - 0x00007ff8228dc000 	C:\windows\system32\mswsock.dll
0x00007fffe88c0000 - 0x00007fffe88d6000 	C:\Program Files\Java\jdk-26.0.2\bin\nio.dll
0x00007ffffecb0000 - 0x00007ffffecc0000 	C:\Program Files\Java\jdk-26.0.2\bin\verify.dll
0x00007ff8009d0000 - 0x00007ff8009f7000 	C:\Users\NGUYEN THUY NGAN\.gradle\native\660c5614fbf4a5f2a75b1949f50a0caf5cd603558e7d8a26e50b933a0cfb79d1\windows-amd64\native-platform.dll
0x00007fffef380000 - 0x00007fffef3f7000 	C:\Users\NGUYEN THUY NGAN\.gradle\native\0.2.8\x86_64-windows-gnu\gradle-fileevents.dll
0x00007ffffe920000 - 0x00007ffffe92a000 	C:\Program Files\Java\jdk-26.0.2\bin\management.dll
0x00007fffeec70000 - 0x00007fffeec7c000 	C:\Program Files\Java\jdk-26.0.2\bin\management_ext.dll
0x00007ff8242b0000 - 0x00007ff8242b8000 	C:\windows\System32\PSAPI.DLL
0x00007ff821c80000 - 0x00007ff821cb3000 	C:\windows\SYSTEM32\IPHLPAPI.DLL
0x00007ff825040000 - 0x00007ff82504a000 	C:\windows\System32\NSI.dll
0x00007fffeec10000 - 0x00007fffeec19000 	C:\Program Files\Java\jdk-26.0.2\bin\extnet.dll
0x00007ff822b80000 - 0x00007ff822b9b000 	C:\windows\SYSTEM32\CRYPTSP.dll
0x00007ff822210000 - 0x00007ff822249000 	C:\windows\system32\rsaenh.dll
0x00007ff822920000 - 0x00007ff822954000 	C:\windows\SYSTEM32\USERENV.dll
0x00007ff8234d0000 - 0x00007ff8234fa000 	C:\windows\SYSTEM32\bcrypt.dll
0x00007ff822b60000 - 0x00007ff822b6c000 	C:\windows\SYSTEM32\CRYPTBASE.dll
0x00007fffee8f0000 - 0x00007fffee8fe000 	C:\Program Files\Java\jdk-26.0.2\bin\sunmscapi.dll
0x00007ff823c30000 - 0x00007ff823dae000 	C:\windows\System32\CRYPT32.dll
0x00007ff822da0000 - 0x00007ff822dd0000 	C:\windows\SYSTEM32\ncrypt.dll
0x00007ff822d50000 - 0x00007ff822d8f000 	C:\windows\SYSTEM32\NTASN1.dll
0x00007ffff1250000 - 0x00007ffff1258000 	C:\windows\system32\wshunix.dll

JVMTI agents:
C:\Users\NGUYEN THUY NGAN\.gradle\wrapper\dists\gradle-9.5.0-bin\bvnork1r7n8i6kp5cnkibsc9q\gradle-9.5.0\lib\agents\gradle-instrumentation-agent-9.5.0.jar path:C:\Program Files\Java\jdk-26.0.2\bin\instrument.dll, loaded, initialized, instrumentlib options:none

dbghelp: loaded successfully - version: 4.0.5 - missing functions: none
symbol engine: initialized successfully - sym options: 0x614 - pdb path: .;C:\Program Files\Java\jdk-26.0.2\bin;C:\windows\SYSTEM32;C:\windows\WinSxS\amd64_microsoft.windows.common-controls_6595b64144ccf1df_6.0.26100.9278_none_3e0d1ba8e3303201;C:\Program Files\Java\jdk-26.0.2\bin\server;C:\Users\NGUYEN THUY NGAN\.gradle\native\660c5614fbf4a5f2a75b1949f50a0caf5cd603558e7d8a26e50b933a0cfb79d1\windows-amd64;C:\Users\NGUYEN THUY NGAN\.gradle\native\0.2.8\x86_64-windows-gnu

VM Arguments:
jvm_args: --add-opens=java.base/java.lang=ALL-UNNAMED --add-opens=java.base/java.lang.invoke=ALL-UNNAMED --add-opens=java.base/java.util=ALL-UNNAMED --add-opens=java.prefs/java.util.prefs=ALL-UNNAMED --add-exports=jdk.compiler/com.sun.tools.javac.api=ALL-UNNAMED --add-exports=jdk.compiler/com.sun.tools.javac.util=ALL-UNNAMED --add-opens=java.base/java.nio.charset=ALL-UNNAMED --add-opens=java.base/java.net=ALL-UNNAMED --add-opens=java.base/java.util.concurrent=ALL-UNNAMED --add-opens=java.base/java.util.concurrent.atomic=ALL-UNNAMED --add-opens=java.xml/javax.xml.namespace=ALL-UNNAMED --add-opens=java.base/java.time=ALL-UNNAMED --enable-native-access=ALL-UNNAMED -Xmx2048m -Dfile.encoding=UTF-8 -Duser.country=US -Duser.language=en -Duser.variant -javaagent:C:\Users\NGUYEN THUY NGAN\.gradle\wrapper\dists\gradle-9.5.0-bin\bvnork1r7n8i6kp5cnkibsc9q\gradle-9.5.0\lib\agents\gradle-instrumentation-agent-9.5.0.jar 
java_command: org.gradle.launcher.daemon.bootstrap.GradleDaemon 9.5.0
java_class_path (initial): C:\Users\NGUYEN THUY NGAN\.gradle\wrapper\dists\gradle-9.5.0-bin\bvnork1r7n8i6kp5cnkibsc9q\gradle-9.5.0\lib\gradle-daemon-main-9.5.0.jar
Launcher Type: SUN_STANDARD

[Global flags]
     bool AOTAdapterCaching                        = false                                  {diagnostic} {ergonomic}
     bool AOTInvokeDynamicLinking                  = false                                  {diagnostic} {ergonomic}
     bool AOTRecordTraining                        = false                                  {diagnostic} {ergonomic}
     bool AOTReplayTraining                        = false                                  {diagnostic} {ergonomic}
     bool AOTStubCaching                           = false                                  {diagnostic} {ergonomic}
     intx CICompilerCount                          = 4                                         {product} {ergonomic}
     uint ConcGCThreads                            = 3                                         {product} {ergonomic}
     uint G1ConcRefinementThreads                  = 10                                        {product} {ergonomic}
     uint G1EagerReclaimRemSetThreshold            = 10                                   {experimental} {ergonomic}
   size_t G1HeapRegionSize                         = 1048576                                   {product} {ergonomic}
     uint G1RemSetArrayOfCardsEntries              = 10                                   {experimental} {ergonomic}
     uint G1RemSetHowlMaxNumBuckets                = 8                                    {experimental} {ergonomic}
     uint G1RemSetHowlNumBuckets                   = 4                                    {experimental} {ergonomic}
   size_t InitialHeapSize                          = 8388608                                   {product} {ergonomic}
     bool IntelJccErratumMitigation                = false                             {ARCH diagnostic} {ergonomic}
   size_t MarkStackSize                            = 4194304                                   {product} {ergonomic}
   size_t MarkStackSizeMax                         = 536870912                                 {product} {ergonomic}
   size_t MaxHeapSize                              = 2147483648                                {product} {command line}
   size_t MaxNewSize                               = 1287651328                                {product} {ergonomic}
 uint64_t MaxRAM                                   = 16849256448                               {product} {ergonomic}
   size_t MinHeapDeltaBytes                        = 1048576                                   {product} {ergonomic}
   size_t MinHeapSize                              = 8388608                                   {product} {ergonomic}
   size_t NonNMethodCodeHeapSize                   = 5898240                                {pd product} {ergonomic}
   size_t NonProfiledCodeHeapSize                  = 122945536                              {pd product} {ergonomic}
   size_t ProfiledCodeHeapSize                     = 122945536                              {pd product} {ergonomic}
   size_t ReservedCodeCacheSize                    = 251789312                              {pd product} {ergonomic}
     bool SegmentedCodeCache                       = true                                      {product} {ergonomic}
   size_t SoftMaxHeapSize                          = 2147483648                             {manageable} {ergonomic}
     bool UseCompressedOops                        = true                           {product lp64_product} {ergonomic}
     bool UseCondCardMark                          = true                                      {product} {ergonomic}
     bool UseFastUnorderedTimeStamps               = true                                 {experimental} {ergonomic}
     bool UseG1GC                                  = true                                      {product} {ergonomic}
     bool UseLargePagesIndividualAllocation        = false                                  {pd product} {ergonomic}
      int X86ICacheSync                            = 3                                 {ARCH diagnostic} {ergonomic}

Logging:
Log output configuration:
 #0: stdout all=warning uptime,level,tags foldmultilines=false
 #1: stderr all=off uptime,level,tags foldmultilines=false

Release file:
IMPLEMENTOR="Oracle Corporation" 
JAVA_RUNTIME_VERSION="26.0.2+10-55" 
JAVA_VERSION="26.0.2" 
JAVA_VERSION_DATE="2026-07-21" 
LIBC="default" 
MODULES="java.base java.compiler java.datatransfer java.xml java.prefs java.desktop java.instrument java.logging java.management java.security.sasl java.naming java.rmi java.management.rmi java.net.http java.scripting java.security.jgss java.transaction.xa java.sql java.sql.rowset java.xml.crypto java.se java.smartcardio jdk.accessibility jdk.internal.jvmstat jdk.attach jdk.charsets jdk.internal.opt jdk.zipfs jdk.compiler jdk.crypto.cryptoki jdk.crypto.ec jdk.crypto.mscapi jdk.dynalink jdk.internal.ed jdk.editpad jdk.internal.vm.ci jdk.graal.compiler jdk.graal.compiler.management jdk.hotspot.agent jdk.httpserver jdk.incubator.vector jdk.internal.le jdk.internal.md jdk.jartool jdk.javadoc jdk.jcmd jdk.management jdk.management.agent jdk.jconsole jdk.jdeps jdk.jdwp.agent jdk.jdi jdk.jfr jdk.jlink jdk.jpackage jdk.jshell jdk.jstatd jdk.localedata jdk.management.jfr jdk.naming.dns jdk.naming.rmi jdk.net jdk.nio.mapmode jdk.sctp jdk.security.auth jdk.security.jgss jdk.unsupported jdk.unsupported.desktop jdk.xml.dom" 
OS_ARCH="x86_64" 
OS_NAME="Windows" 
SOURCE=".:git:28b9aeff05f1 open:git:fa67dfdcec4b" 

Environment Variables:
PATH=C:\Program Files\Common Files\Oracle\Java\javapath;C:\windows\system32;C:\windows;C:\windows\System32\Wbem;C:\windows\System32\WindowsPowerShell\v1.0\;C:\windows\System32\OpenSSH\;C:\Program Files\dotnet\;D:\M?NG MÁY TÍNH\Git\cmd;C:\Program Files\Tailscale\;C:\Program Files\nodejs\;C:\Users\NGUYEN THUY NGAN\AppData\Local\Programs\Python\Python312\Scripts\;C:\Users\NGUYEN THUY NGAN\AppData\Local\Programs\Python\Python312\;C:\Users\NGUYEN THUY NGAN\AppData\Local\Programs\Python\Launcher\;C:\Users\NGUYEN THUY NGAN\AppData\Local\Microsoft\WindowsApps;C:\Users\NGUYEN THUY NGAN\AppData\Local\Programs\Microsoft VS Code\bin;C:\Users\NGUYEN THUY NGAN\AppData\Local\Programs\Antigravity\bin;C:\Users\NGUYEN THUY NGAN\AppData\Roaming\npm;C:\Users\NGUYEN THUY NGAN\AppData\Local\Programs\Antigravity IDE\bin;C:\Users\NGUYEN THUY NGAN\OneDrive\Desktop\MOBILE\IntelliJ IDEA 2026.2.1\bin
USERNAME=NGUYEN THUY NGAN
OS=Windows_NT
PROCESSOR_IDENTIFIER=Intel64 Family 6 Model 186 Stepping 3, GenuineIntel
TMP=C:\Users\NGUYEN~1\AppData\Local\Temp
TEMP=C:\Users\NGUYEN~1\AppData\Local\Temp




Compilation memory statistics disabled.

Periodic native trim disabled

---------------  S Y S T E M  ---------------

OS:
 Windows 11 , 64 bit Build 26100 (10.0.26100.9444)
OS uptime: 4 days 5:34 hours
Hyper-V role detected

CPU: total 12 (initial active 12) (hybrid) family 6 model 186 stepping 3 microcode 0x6134, cx8, cmov, fxsr, ht, mmx, 3dnowpref, sse, sse2, sse3, ssse3, sse4.1, sse4.2, popcnt, lzcnt, tsc, tscinvbit, avx, avx2, aes, erms, clmul, bmi1, bmi2, adx, sha, fma, vzeroupper, clflush, clflushopt, clwb, hv, serialize, rdtscp, rdpid, fsrm, gfni, f16c, cet_ibt, cet_ss, hybrid
Processor Information for processor 0
  Max Mhz: 1700, Current Mhz: 1700, Mhz Limit: 1700
Processor Information for processor 1
  Max Mhz: 1700, Current Mhz: 1700, Mhz Limit: 1700
Processor Information for processor 2
  Max Mhz: 1700, Current Mhz: 1700, Mhz Limit: 1700
Processor Information for processor 3
  Max Mhz: 1700, Current Mhz: 1700, Mhz Limit: 1700
Processor Information for processor 4
  Max Mhz: 1700, Current Mhz: 1700, Mhz Limit: 1700
Processor Information for processor 5
  Max Mhz: 1700, Current Mhz: 1700, Mhz Limit: 1700
Processor Information for processor 6
  Max Mhz: 1700, Current Mhz: 1700, Mhz Limit: 1700
Processor Information for processor 7
  Max Mhz: 1700, Current Mhz: 1558, Mhz Limit: 1700
Processor Information for processor 8
  Max Mhz: 1700, Current Mhz: 1700, Mhz Limit: 1700
Processor Information for processor 9
  Max Mhz: 1700, Current Mhz: 1700, Mhz Limit: 1700
Processor Information for processor 10
  Max Mhz: 1700, Current Mhz: 1558, Mhz Limit: 1700
Processor Information for processor 11
  Max Mhz: 1700, Current Mhz: 1700, Mhz Limit: 1700

Memory: 4k page, system-wide physical 16068M (2417M free)
TotalPageFile size 22212M (AvailPageFile size 12M)
current process WorkingSet (physical memory assigned to process): 196M, peak: 196M
current process commit charge ("private bytes"): 261M, peak: 279M

vm_info: Java HotSpot(TM) 64-Bit Server VM (26.0.2+10-55) for windows-amd64 JRE (26.0.2+10-55), built on 2026-06-17T09:18:01Z with MS VC++ 17.13 (VS2022)

END.
