#
# There is insufficient memory for the Java Runtime Environment to continue.
# Native memory allocation (malloc) failed to allocate 21399896 bytes. Error detail: Chunk::new
# Possible reasons:
#   The system is out of physical RAM or swap space
#   This process is running with CompressedOops enabled, and the Java Heap may be blocking the growth of the native heap
# Possible solutions:
#   Reduce memory load on the system
#   Increase physical memory or swap space
#   Check if swap backing store is full
#   Decrease Java heap size (-Xmx/-Xms)
#   Decrease number of Java threads
#   Decrease Java thread stack sizes (-Xss)
#   Set larger code cache with -XX:ReservedCodeCacheSize=
#   JVM is running with Unscaled Compressed Oops mode in which the Java heap is
#     placed in the first 4GB address space. The Java Heap base address is the
#     maximum limit for the native heap growth. Please use -XX:HeapBaseMinAddress
#     to set the Java Heap base and to place the Java Heap above 4GB virtual address.
# This output file may be truncated or incomplete.
#
#  Out of Memory Error (arena.cpp:193), pid=19260, tid=5996
#
# JRE version: Java(TM) SE Runtime Environment (26.0.2+10) (build 26.0.2+10-55)
# Java VM: Java HotSpot(TM) 64-Bit Server VM (26.0.2+10-55, mixed mode, sharing, tiered, compressed oops, compressed class ptrs, g1 gc, windows-amd64)
# No core dump will be written. Minidumps are not enabled by default on client versions of Windows
#

---------------  S U M M A R Y ------------

Command Line: --add-opens=java.base/java.lang=ALL-UNNAMED --add-opens=java.base/java.lang.invoke=ALL-UNNAMED --add-opens=java.base/java.util=ALL-UNNAMED --add-opens=java.prefs/java.util.prefs=ALL-UNNAMED --add-exports=jdk.compiler/com.sun.tools.javac.api=ALL-UNNAMED --add-exports=jdk.compiler/com.sun.tools.javac.util=ALL-UNNAMED --add-opens=java.base/java.nio.charset=ALL-UNNAMED --add-opens=java.base/java.net=ALL-UNNAMED --add-opens=java.base/java.util.concurrent=ALL-UNNAMED --add-opens=java.base/java.util.concurrent.atomic=ALL-UNNAMED --add-opens=java.xml/javax.xml.namespace=ALL-UNNAMED --add-opens=java.base/java.time=ALL-UNNAMED --enable-native-access=ALL-UNNAMED -Xmx2048m -Dfile.encoding=UTF-8 -Duser.country=US -Duser.language=en -Duser.variant -javaagent:C:\Users\NGUYEN THUY NGAN\.gradle\wrapper\dists\gradle-9.5.0-bin\bvnork1r7n8i6kp5cnkibsc9q\gradle-9.5.0\lib\agents\gradle-instrumentation-agent-9.5.0.jar org.gradle.launcher.daemon.bootstrap.GradleDaemon 9.5.0

Host: 13th Gen Intel(R) Core(TM) i7-1355U, 12 cores, 15G,  Windows 11 , 64 bit Build 26100 (10.0.26100.9444)
Time: Tue Sep 15 14:47:04 2026 SE Asia Standard Time elapsed time: 2.460655 seconds (0d 0h 0m 2s)

---------------  T H R E A D  ---------------

Current thread (0x000002a1f203af40):  JavaThread "C2 CompilerThread2" daemon [_thread_in_native, id=5996, stack(0x000000b2db300000,0x000000b2db400000) (1024K)]


Current CompileTask:
C2:2460 2926       4       jdk.internal.classfile.impl.StackMapGenerator::processBlock (2767 bytes)

Stack: [0x000000b2db300000,0x000000b2db400000]
Native frames: (J=compiled Java code, j=interpreted, Vv=VM code, C=native code)
V  [jvm.dll+0x7d6ea9]  (no source info available)
V  [jvm.dll+0x7a4dcd]  (no source info available)
V  [jvm.dll+0x9b2390]  (no source info available)
V  [jvm.dll+0x9b47e1]  (no source info available)
V  [jvm.dll+0x9b4ef3]  (no source info available)
V  [jvm.dll+0x30f4d6]  (no source info available)
V  [jvm.dll+0x11ddb6]  (no source info available)
V  [jvm.dll+0x11e0de]  (no source info available)
V  [jvm.dll+0x1b00f6]  (no source info available)
V  [jvm.dll+0x3cc262]  (no source info available)
V  [jvm.dll+0x7dfaa2]  (no source info available)
V  [jvm.dll+0x2d2947]  (no source info available)
V  [jvm.dll+0x2d18bf]  (no source info available)
V  [jvm.dll+0x246d30]  (no source info available)
V  [jvm.dll+0x2e19dc]  (no source info available)
V  [jvm.dll+0x2dfbbd]  (no source info available)
V  [jvm.dll+0x4a5a61]  (no source info available)
V  [jvm.dll+0x950d59]  (no source info available)
V  [jvm.dll+0x7d8988]  (no source info available)
C  [ucrtbase.dll+0x2cd30]  (no source info available)
C  [KERNEL32.DLL+0x2cd87]  (no source info available)
C  [ntdll.dll+0xacaec]  (no source info available)

Lock stack of current Java thread (top to bottom):


---------------  P R O C E S S  ---------------

Threads class SMR info:
_java_thread_list=0x000002a1f430ead0, length=27, elements={
0x000002a1cfe52130, 0x000002a1ed9a2330, 0x000002a1ed9a2d80, 0x000002a1ed9a3bd0,
0x000002a1ed9a78f0, 0x000002a1ed9d0d30, 0x000002a1ed9d38f0, 0x000002a1ed9da800,
0x000002a1ed9de420, 0x000002a1edb2c700, 0x000002a1edc0ec20, 0x000002a1edc7ffb0,
0x000002a1f203af40, 0x000002a1f3f08850, 0x000002a1f4209e50, 0x000002a1f4222030,
0x000002a1f41c5950, 0x000002a1f407e730, 0x000002a1f407c7f0, 0x000002a1f407c020,
0x000002a1f4083550, 0x000002a1f43ec020, 0x000002a1f43eb080, 0x000002a1f43efea0,
0x000002a1f43f1de0, 0x000002a1f43ee730, 0x000002a1f56c05e0
}

Java Threads: ( => current thread )
  0x000002a1cfe52130 JavaThread "main"                              [_thread_blocked, id=33696, stack(0x000000b2d9e00000,0x000000b2d9f00000) (1024K)]
  0x000002a1ed9a2330 JavaThread "Reference Handler"          daemon [_thread_blocked, id=6640, stack(0x000000b2da700000,0x000000b2da800000) (1024K)]
  0x000002a1ed9a2d80 JavaThread "Finalizer"                  daemon [_thread_blocked, id=9620, stack(0x000000b2da800000,0x000000b2da900000) (1024K)]
  0x000002a1ed9a3bd0 JavaThread "Signal Dispatcher"          daemon [_thread_blocked, id=16116, stack(0x000000b2da900000,0x000000b2daa00000) (1024K)]
  0x000002a1ed9a78f0 JavaThread "Attach Listener"            daemon [_thread_blocked, id=28900, stack(0x000000b2daa00000,0x000000b2dab00000) (1024K)]
  0x000002a1ed9d0d30 JavaThread "Service Thread"             daemon [_thread_blocked, id=26272, stack(0x000000b2dab00000,0x000000b2dac00000) (1024K)]
  0x000002a1ed9d38f0 JavaThread "Monitor Deflation Thread"   daemon [_thread_blocked, id=904, stack(0x000000b2dac00000,0x000000b2dad00000) (1024K)]
  0x000002a1ed9da800 JavaThread "C2 CompilerThread0"         daemon [_thread_in_native, id=14036, stack(0x000000b2dad00000,0x000000b2dae00000) (1024K)]
  0x000002a1ed9de420 JavaThread "C1 CompilerThread0"         daemon [_thread_in_native, id=1036, stack(0x000000b2dae00000,0x000000b2daf00000) (1024K)]
  0x000002a1edb2c700 JavaThread "C2 CompilerThread1"         daemon [_thread_in_native, id=30184, stack(0x000000b2daf00000,0x000000b2db000000) (1024K)]
  0x000002a1edc0ec20 JavaThread "Common-Cleaner"             daemon [_thread_blocked, id=10828, stack(0x000000b2db000000,0x000000b2db100000) (1024K)]
  0x000002a1edc7ffb0 JavaThread "Notification Thread"        daemon [_thread_blocked, id=24244, stack(0x000000b2db100000,0x000000b2db200000) (1024K)]
=>0x000002a1f203af40 JavaThread "C2 CompilerThread2"         daemon [_thread_in_native, id=5996, stack(0x000000b2db300000,0x000000b2db400000) (1024K)]
  0x000002a1f3f08850 JavaThread "Daemon health stats"               [_thread_blocked, id=30856, stack(0x000000b2db600000,0x000000b2db700000) (1024K)]
  0x000002a1f4209e50 JavaThread "Incoming local TCP Connector on port 49859"        [_thread_in_native, id=4856, stack(0x000000b2db700000,0x000000b2db800000) (1024K)]
  0x000002a1f4222030 JavaThread "InnocuousThread-1"          daemon [_thread_blocked, id=26812, stack(0x000000b2db800000,0x000000b2db900000) (1024K)]
  0x000002a1f41c5950 JavaThread "Daemon periodic checks"            [_thread_blocked, id=30448, stack(0x000000b2db900000,0x000000b2dba00000) (1024K)]
  0x000002a1f407e730 JavaThread "Daemon"                            [_thread_blocked, id=28064, stack(0x000000b2dba00000,0x000000b2dbb00000) (1024K)]
  0x000002a1f407c7f0 JavaThread "Handler for socket connection from /127.0.0.1:49859 to /127.0.0.1:49860"        [_thread_in_native, id=2852, stack(0x000000b2dbb00000,0x000000b2dbc00000) (1024K)]
  0x000002a1f407c020 JavaThread "Cancel handler"                    [_thread_blocked, id=23216, stack(0x000000b2dbc00000,0x000000b2dbd00000) (1024K)]
  0x000002a1f4083550 JavaThread "Daemon worker"                     [_thread_in_Java, id=18288, stack(0x000000b2dbd00000,0x000000b2dbe00000) (1024K)]
  0x000002a1f43ec020 JavaThread "Asynchronous log dispatcher for DefaultDaemonConnection: socket connection from /127.0.0.1:49859 to /127.0.0.1:49860"        [_thread_blocked, id=29252, stack(0x000000b2dc600000,0x000000b2dc700000) (1024K)]
  0x000002a1f43eb080 JavaThread "Stdin handler"                     [_thread_blocked, id=31988, stack(0x000000b2dc700000,0x000000b2dc800000) (1024K)]
  0x000002a1f43efea0 JavaThread "Daemon client event forwarder"        [_thread_blocked, id=18440, stack(0x000000b2dc800000,0x000000b2dc900000) (1024K)]
  0x000002a1f43f1de0 JavaThread "Cache worker for journal cache (C:\Users\NGUYEN THUY NGAN\.gradle\caches\journal-1)"        [_thread_blocked, id=34360, stack(0x000000b2dc900000,0x000000b2dca00000) (1024K)]
  0x000002a1f43ee730 JavaThread "File lock request listener"        [_thread_in_native, id=7668, stack(0x000000b2dca00000,0x000000b2dcb00000) (1024K)]
  0x000002a1f56c05e0 JavaThread "Cache worker for file hash cache (C:\Users\NGUYEN THUY NGAN\.gradle\caches\9.5.0\fileHashes)"        [_thread_blocked, id=884, stack(0x000000b2dcb00000,0x000000b2dcc00000) (1024K)]
Total: 27

Other Threads:
  0x000002a1ed98eec0 VMThread "VM Thread"                           [id=22296, stack(0x000000b2da600000,0x000000b2da700000) (1024K)]
  0x000002a1ed97fc40 WatcherThread "VM Periodic Task Thread"        [id=15692, stack(0x000000b2da500000,0x000000b2da600000) (1024K)]
  0x000002a1cfe8f980 WorkerThread "GC Thread#0"                     [id=23996, stack(0x000000b2d9f00000,0x000000b2da000000) (1024K)]
  0x000002a1edce6b90 WorkerThread "GC Thread#1"                     [id=11776, stack(0x000000b2db200000,0x000000b2db300000) (1024K)]
  0x000002a1f4038130 WorkerThread "GC Thread#2"                     [id=11364, stack(0x000000b2dbe00000,0x000000b2dbf00000) (1024K)]
  0x000002a1f4038580 WorkerThread "GC Thread#3"                     [id=9520, stack(0x000000b2dbf00000,0x000000b2dc000000) (1024K)]
  0x000002a1f4038e20 WorkerThread "GC Thread#4"                     [id=14620, stack(0x000000b2dc000000,0x000000b2dc100000) (1024K)]
  0x000002a1f40396c0 WorkerThread "GC Thread#5"                     [id=15520, stack(0x000000b2dc100000,0x000000b2dc200000) (1024K)]
  0x000002a1f40389d0 WorkerThread "GC Thread#6"                     [id=30324, stack(0x000000b2dc200000,0x000000b2dc300000) (1024K)]
  0x000002a1f4036300 WorkerThread "GC Thread#7"                     [id=31080, stack(0x000000b2dc300000,0x000000b2dc400000) (1024K)]
  0x000002a1f4037890 WorkerThread "GC Thread#8"                     [id=13740, stack(0x000000b2dc400000,0x000000b2dc500000) (1024K)]
  0x000002a1f403a3b0 WorkerThread "GC Thread#9"                     [id=12224, stack(0x000000b2dc500000,0x000000b2dc600000) (1024K)]
  0x000002a1cfea9250 ConcurrentGCThread "G1 Main Marker"            [id=4688, stack(0x000000b2da000000,0x000000b2da100000) (1024K)]
  0x000002a1cfea9dd0 WorkerThread "G1 Conc#0"                       [id=17292, stack(0x000000b2da100000,0x000000b2da200000) (1024K)]
  0x000002a1edca65a0 WorkerThread "G1 Conc#1"                       [id=18296, stack(0x000000b2db400000,0x000000b2db500000) (1024K)]
  0x000002a1edca69f0 WorkerThread "G1 Conc#2"                       [id=31512, stack(0x000000b2db500000,0x000000b2db600000) (1024K)]
  0x000002a1cfef4be0 WorkerThread "G1 Refinement Workers#0"         [id=12356, stack(0x000000b2da300000,0x000000b2da400000) (1024K)]
  0x000002a1cfef4020 ConcurrentGCThread "G1 Refine Control"         [id=10844, stack(0x000000b2da200000,0x000000b2da300000) (1024K)]
  0x000002a1cfef5750 ConcurrentGCThread "G1 Service"                [id=6656, stack(0x000000b2da400000,0x000000b2da500000) (1024K)]
Total: 19

Threads with active compile tasks:
C2 CompilerThread0  2598 3046       4       jdk.internal.classfile.impl.AbstractPoolEntry$AbstractRefsEntry::writeTo (27 bytes)
C2 CompilerThread1  2598 2924   !   4       java.lang.ClassLoader::loadClass (121 bytes)
C2 CompilerThread2  2598 2926       4       jdk.internal.classfile.impl.StackMapGenerator::processBlock (2767 bytes)
Total: 3

VM state: not at safepoint (normal execution)

VM Mutex/Monitor currently owned by a thread: None

Heap address: 0x0000000080000000, size: 2048 MB, Compressed Oops mode: 32-bit

CDS archive(s) mapped at: [0x000000003e000000-0x000000003ede0000-0x000000003ede0000), size 14548992, SharedBaseAddress: 0x000000003e000000, ArchiveRelocationMode: 1.
Compressed class space mapped at: 0x000000003f000000-0x000000007f000000, reserved size: 1073741824
UseCompressedClassPointers 1, UseCompactObjectHeaders 0
Narrow klass pointer bits 32, Max shift 3
Narrow klass base: 0x000000003e000000, Narrow klass shift: 0
Encoding Range: [0x000000003e000000 - 0x000000013e000000), (4294967296 bytes)
Klass Range:    [0x000000003e000000 - 0x000000007f000000), (1090519040 bytes)
Klass ID Range:  [8 - 1090519033) (1090519025)
Protection zone: [0x000000003e000000 - 0x000000003e010000), (65536 bytes)

GC Precious Log:
 CardTable entry size: 512
 Card Set container configuration: InlinePtr #cards 5 size 8 Array Of Cards #cards 10 size 36 Howl #buckets 4 coarsen threshold 1843 Howl Bitmap #cards 512 size 80 coarsen threshold 460 Card regions per heap region 1 cards per card region 2048
 CPUs: 12 total, 12 available
 Memory: 16068M
 Large Page Support: Disabled
 NUMA Support: Disabled
 Compressed Oops: Enabled (32-bit)
 Heap Region Size: 1M
 Heap Min Capacity: 8M
 Heap Initial Capacity: 8M
 Heap Max Capacity: 2G
 Pre-touch: Disabled
 Parallel Workers: 10
 Concurrent Workers: 3
 Concurrent Refinement Workers: 10
 Periodic GC: Disabled

Heap:
 garbage-first heap   total reserved 2097152K, committed 95232K, used 55713K [0x0000000080000000, 0x0000000100000000)
  region size 1M, 34 eden (34M), 6 survivor (6M), 11 old (11M), 5 humongous (5M), 37 free (37M)

Heap Regions: E=young(eden), S=young(survivor), O=old, HS=humongous(starts), HC=humongous(continues), CS=collection set, F=free, TAMS=top-at-mark-start, PB=parsable bottom
|    0|0x0000000080000000, 0x0000000080100000, 0x0000000080100000|100%| O|  |TAMS 0x0000000080000000| PB 0x0000000080000000| Untracked |  0
|    1|0x0000000080100000, 0x0000000080200000, 0x0000000080200000|100%| O|  |TAMS 0x0000000080100000| PB 0x0000000080100000| Untracked |  0
|    2|0x0000000080200000, 0x0000000080300000, 0x0000000080300000|100%| O|  |TAMS 0x0000000080200000| PB 0x0000000080200000| Untracked |  0
|    3|0x0000000080300000, 0x0000000080400000, 0x0000000080400000|100%| O|  |TAMS 0x0000000080300000| PB 0x0000000080300000| Untracked |  0
|    4|0x0000000080400000, 0x0000000080500000, 0x0000000080500000|100%| O|  |TAMS 0x0000000080400000| PB 0x0000000080400000| Untracked |  0
|    5|0x0000000080500000, 0x0000000080600000, 0x0000000080600000|100%|HS|  |TAMS 0x0000000080500000| PB 0x0000000080500000| Complete  |  0
|    6|0x0000000080600000, 0x0000000080700000, 0x0000000080700000|100%|HC|  |TAMS 0x0000000080600000| PB 0x0000000080600000| Complete  |  0
|    7|0x0000000080700000, 0x0000000080800000, 0x0000000080800000|100%|HC|  |TAMS 0x0000000080700000| PB 0x0000000080700000| Complete  |  0
|    8|0x0000000080800000, 0x0000000080900000, 0x0000000080900000|100%|HC|  |TAMS 0x0000000080800000| PB 0x0000000080800000| Complete  |  0
|    9|0x0000000080900000, 0x0000000080a00000, 0x0000000080a00000|100%| O|  |TAMS 0x0000000080900000| PB 0x0000000080900000| Untracked |  0
|   10|0x0000000080a00000, 0x0000000080b00000, 0x0000000080b00000|100%| O|  |TAMS 0x0000000080a00000| PB 0x0000000080a00000| Untracked |  0
|   11|0x0000000080b00000, 0x0000000080c00000, 0x0000000080c00000|100%|HS|  |TAMS 0x0000000080b00000| PB 0x0000000080b00000| Complete  |  0
|   12|0x0000000080c00000, 0x0000000080c00000, 0x0000000080d00000|  0%| F|  |TAMS 0x0000000080c00000| PB 0x0000000080c00000| Untracked |  0
|   13|0x0000000080d00000, 0x0000000080e00000, 0x0000000080e00000|100%| O|  |TAMS 0x0000000080d00000| PB 0x0000000080d00000| Untracked |  0
|   14|0x0000000080e00000, 0x0000000080f00000, 0x0000000080f00000|100%| O|  |TAMS 0x0000000080e00000| PB 0x0000000080e00000| Untracked |  0
|   15|0x0000000080f00000, 0x0000000080f00000, 0x0000000081000000|  0%| F|  |TAMS 0x0000000080f00000| PB 0x0000000080f00000| Untracked |  0
|   16|0x0000000081000000, 0x0000000081000000, 0x0000000081100000|  0%| F|  |TAMS 0x0000000081000000| PB 0x0000000081000000| Untracked |  0
|   17|0x0000000081100000, 0x0000000081100000, 0x0000000081200000|  0%| F|  |TAMS 0x0000000081100000| PB 0x0000000081100000| Untracked |  0
|   18|0x0000000081200000, 0x0000000081200000, 0x0000000081300000|  0%| F|  |TAMS 0x0000000081200000| PB 0x0000000081200000| Untracked |  0
|   19|0x0000000081300000, 0x0000000081300000, 0x0000000081400000|  0%| F|  |TAMS 0x0000000081300000| PB 0x0000000081300000| Untracked |  0
|   20|0x0000000081400000, 0x0000000081400000, 0x0000000081500000|  0%| F|  |TAMS 0x0000000081400000| PB 0x0000000081400000| Untracked |  0
|   21|0x0000000081500000, 0x0000000081500000, 0x0000000081600000|  0%| F|  |TAMS 0x0000000081500000| PB 0x0000000081500000| Untracked |  0
|   22|0x0000000081600000, 0x0000000081600000, 0x0000000081700000|  0%| F|  |TAMS 0x0000000081600000| PB 0x0000000081600000| Untracked |  0
|   23|0x0000000081700000, 0x0000000081700000, 0x0000000081800000|  0%| F|  |TAMS 0x0000000081700000| PB 0x0000000081700000| Untracked |  0
|   24|0x0000000081800000, 0x0000000081800000, 0x0000000081900000|  0%| F|  |TAMS 0x0000000081800000| PB 0x0000000081800000| Untracked |  0
|   25|0x0000000081900000, 0x0000000081900000, 0x0000000081a00000|  0%| F|  |TAMS 0x0000000081900000| PB 0x0000000081900000| Untracked |  0
|   26|0x0000000081a00000, 0x0000000081a00000, 0x0000000081b00000|  0%| F|  |TAMS 0x0000000081a00000| PB 0x0000000081a00000| Untracked |  0
|   27|0x0000000081b00000, 0x0000000081b00000, 0x0000000081c00000|  0%| F|  |TAMS 0x0000000081b00000| PB 0x0000000081b00000| Untracked |  0
|   28|0x0000000081c00000, 0x0000000081c00000, 0x0000000081d00000|  0%| F|  |TAMS 0x0000000081c00000| PB 0x0000000081c00000| Untracked |  0
|   29|0x0000000081d00000, 0x0000000081d00000, 0x0000000081e00000|  0%| F|  |TAMS 0x0000000081d00000| PB 0x0000000081d00000| Untracked |  0
|   30|0x0000000081e00000, 0x0000000081e00000, 0x0000000081f00000|  0%| F|  |TAMS 0x0000000081e00000| PB 0x0000000081e00000| Untracked |  0
|   31|0x0000000081f00000, 0x0000000081f00000, 0x0000000082000000|  0%| F|  |TAMS 0x0000000081f00000| PB 0x0000000081f00000| Untracked |  0
|   32|0x0000000082000000, 0x0000000082000000, 0x0000000082100000|  0%| F|  |TAMS 0x0000000082000000| PB 0x0000000082000000| Untracked |  0
|   33|0x0000000082100000, 0x0000000082100000, 0x0000000082200000|  0%| F|  |TAMS 0x0000000082100000| PB 0x0000000082100000| Untracked |  0
|   34|0x0000000082200000, 0x0000000082200000, 0x0000000082300000|  0%| F|  |TAMS 0x0000000082200000| PB 0x0000000082200000| Untracked |  0
|   35|0x0000000082300000, 0x0000000082300000, 0x0000000082400000|  0%| F|  |TAMS 0x0000000082300000| PB 0x0000000082300000| Untracked |  0
|   36|0x0000000082400000, 0x0000000082400000, 0x0000000082500000|  0%| F|  |TAMS 0x0000000082400000| PB 0x0000000082400000| Untracked |  0
|   37|0x0000000082500000, 0x0000000082500000, 0x0000000082600000|  0%| F|  |TAMS 0x0000000082500000| PB 0x0000000082500000| Untracked |  0
|   38|0x0000000082600000, 0x0000000082600000, 0x0000000082700000|  0%| F|  |TAMS 0x0000000082600000| PB 0x0000000082600000| Untracked |  0
|   39|0x0000000082700000, 0x0000000082700000, 0x0000000082800000|  0%| F|  |TAMS 0x0000000082700000| PB 0x0000000082700000| Untracked |  0
|   40|0x0000000082800000, 0x0000000082800000, 0x0000000082900000|  0%| F|  |TAMS 0x0000000082800000| PB 0x0000000082800000| Untracked |  0
|   41|0x0000000082900000, 0x0000000082900000, 0x0000000082a00000|  0%| F|  |TAMS 0x0000000082900000| PB 0x0000000082900000| Untracked |  0
|   42|0x0000000082a00000, 0x0000000082a00000, 0x0000000082b00000|  0%| F|  |TAMS 0x0000000082a00000| PB 0x0000000082a00000| Untracked |  0
|   43|0x0000000082b00000, 0x0000000082bd5c00, 0x0000000082c00000| 83%| S|CS|TAMS 0x0000000082b00000| PB 0x0000000082b00000| Complete  |  0
|   44|0x0000000082c00000, 0x0000000082d00000, 0x0000000082d00000|100%| S|CS|TAMS 0x0000000082c00000| PB 0x0000000082c00000| Complete  |  0
|   45|0x0000000082d00000, 0x0000000082e00000, 0x0000000082e00000|100%| S|CS|TAMS 0x0000000082d00000| PB 0x0000000082d00000| Complete  |  0
|   46|0x0000000082e00000, 0x0000000082f00000, 0x0000000082f00000|100%| S|CS|TAMS 0x0000000082e00000| PB 0x0000000082e00000| Complete  |  0
|   47|0x0000000082f00000, 0x0000000083000000, 0x0000000083000000|100%| S|CS|TAMS 0x0000000082f00000| PB 0x0000000082f00000| Complete  |  0
|   48|0x0000000083000000, 0x0000000083100000, 0x0000000083100000|100%| S|CS|TAMS 0x0000000083000000| PB 0x0000000083000000| Complete  |  0
|   49|0x0000000083100000, 0x0000000083100000, 0x0000000083200000|  0%| F|  |TAMS 0x0000000083100000| PB 0x0000000083100000| Untracked |  0
|   50|0x0000000083200000, 0x0000000083200000, 0x0000000083300000|  0%| F|  |TAMS 0x0000000083200000| PB 0x0000000083200000| Untracked |  0
|   51|0x0000000083300000, 0x0000000083300000, 0x0000000083400000|  0%| F|  |TAMS 0x0000000083300000| PB 0x0000000083300000| Untracked |  0
|   52|0x0000000083400000, 0x0000000083400000, 0x0000000083500000|  0%| F|  |TAMS 0x0000000083400000| PB 0x0000000083400000| Untracked |  0
|   53|0x0000000083500000, 0x0000000083500000, 0x0000000083600000|  0%| F|  |TAMS 0x0000000083500000| PB 0x0000000083500000| Untracked |  0
|   54|0x0000000083600000, 0x0000000083600000, 0x0000000083700000|  0%| F|  |TAMS 0x0000000083600000| PB 0x0000000083600000| Untracked |  0
|   55|0x0000000083700000, 0x0000000083700000, 0x0000000083800000|  0%| F|  |TAMS 0x0000000083700000| PB 0x0000000083700000| Untracked |  0
|   56|0x0000000083800000, 0x0000000083874840, 0x0000000083900000| 45%| E|CS|TAMS 0x0000000083800000| PB 0x0000000083800000| Complete  |  0
|   57|0x0000000083900000, 0x0000000083a00000, 0x0000000083a00000|100%| E|CS|TAMS 0x0000000083900000| PB 0x0000000083900000| Complete  |  0
|   58|0x0000000083a00000, 0x0000000083b00000, 0x0000000083b00000|100%| E|CS|TAMS 0x0000000083a00000| PB 0x0000000083a00000| Complete  |  0
|   59|0x0000000083b00000, 0x0000000083c00000, 0x0000000083c00000|100%| E|CS|TAMS 0x0000000083b00000| PB 0x0000000083b00000| Complete  |  0
|   60|0x0000000083c00000, 0x0000000083d00000, 0x0000000083d00000|100%| E|CS|TAMS 0x0000000083c00000| PB 0x0000000083c00000| Complete  |  0
|   61|0x0000000083d00000, 0x0000000083e00000, 0x0000000083e00000|100%| E|CS|TAMS 0x0000000083d00000| PB 0x0000000083d00000| Complete  |  0
|   62|0x0000000083e00000, 0x0000000083f00000, 0x0000000083f00000|100%| E|CS|TAMS 0x0000000083e00000| PB 0x0000000083e00000| Complete  |  0
|   63|0x0000000083f00000, 0x0000000084000000, 0x0000000084000000|100%| E|CS|TAMS 0x0000000083f00000| PB 0x0000000083f00000| Complete  |  0
|   64|0x0000000084000000, 0x0000000084100000, 0x0000000084100000|100%| E|CS|TAMS 0x0000000084000000| PB 0x0000000084000000| Complete  |  0
|   65|0x0000000084100000, 0x0000000084200000, 0x0000000084200000|100%| E|CS|TAMS 0x0000000084100000| PB 0x0000000084100000| Complete  |  0
|   66|0x0000000084200000, 0x0000000084300000, 0x0000000084300000|100%| E|CS|TAMS 0x0000000084200000| PB 0x0000000084200000| Complete  |  0
|   67|0x0000000084300000, 0x0000000084400000, 0x0000000084400000|100%| E|CS|TAMS 0x0000000084300000| PB 0x0000000084300000| Complete  |  0
|   68|0x0000000084400000, 0x0000000084500000, 0x0000000084500000|100%| E|CS|TAMS 0x0000000084400000| PB 0x0000000084400000| Complete  |  0
|   69|0x0000000084500000, 0x0000000084600000, 0x0000000084600000|100%| E|CS|TAMS 0x0000000084500000| PB 0x0000000084500000| Complete  |  0
|   70|0x0000000084600000, 0x0000000084700000, 0x0000000084700000|100%| E|CS|TAMS 0x0000000084600000| PB 0x0000000084600000| Complete  |  0
|   71|0x0000000084700000, 0x0000000084800000, 0x0000000084800000|100%| E|CS|TAMS 0x0000000084700000| PB 0x0000000084700000| Complete  |  0
|   72|0x0000000084800000, 0x0000000084900000, 0x0000000084900000|100%| E|CS|TAMS 0x0000000084800000| PB 0x0000000084800000| Complete  |  0
|   73|0x0000000084900000, 0x0000000084a00000, 0x0000000084a00000|100%| E|CS|TAMS 0x0000000084900000| PB 0x0000000084900000| Complete  |  0
|   74|0x0000000084a00000, 0x0000000084b00000, 0x0000000084b00000|100%| E|CS|TAMS 0x0000000084a00000| PB 0x0000000084a00000| Complete  |  0
|   75|0x0000000084b00000, 0x0000000084c00000, 0x0000000084c00000|100%| E|CS|TAMS 0x0000000084b00000| PB 0x0000000084b00000| Complete  |  0
|   76|0x0000000084c00000, 0x0000000084d00000, 0x0000000084d00000|100%| E|CS|TAMS 0x0000000084c00000| PB 0x0000000084c00000| Complete  |  0
|   77|0x0000000084d00000, 0x0000000084e00000, 0x0000000084e00000|100%| E|CS|TAMS 0x0000000084d00000| PB 0x0000000084d00000| Complete  |  0
|   78|0x0000000084e00000, 0x0000000084f00000, 0x0000000084f00000|100%| E|CS|TAMS 0x0000000084e00000| PB 0x0000000084e00000| Complete  |  0
|   79|0x0000000084f00000, 0x0000000085000000, 0x0000000085000000|100%| E|CS|TAMS 0x0000000084f00000| PB 0x0000000084f00000| Complete  |  0
|   80|0x0000000085000000, 0x0000000085100000, 0x0000000085100000|100%| E|CS|TAMS 0x0000000085000000| PB 0x0000000085000000| Complete  |  0
|   81|0x0000000085100000, 0x0000000085200000, 0x0000000085200000|100%| E|CS|TAMS 0x0000000085100000| PB 0x0000000085100000| Complete  |  0
|   82|0x0000000085200000, 0x0000000085300000, 0x0000000085300000|100%| E|CS|TAMS 0x0000000085200000| PB 0x0000000085200000| Complete  |  0
|   83|0x0000000085300000, 0x0000000085400000, 0x0000000085400000|100%| E|CS|TAMS 0x0000000085300000| PB 0x0000000085300000| Complete  |  0
|   84|0x0000000085400000, 0x0000000085500000, 0x0000000085500000|100%| E|CS|TAMS 0x0000000085400000| PB 0x0000000085400000| Complete  |  0
|   85|0x0000000085500000, 0x0000000085600000, 0x0000000085600000|100%| E|CS|TAMS 0x0000000085500000| PB 0x0000000085500000| Complete  |  0
|   86|0x0000000085600000, 0x0000000085700000, 0x0000000085700000|100%| E|CS|TAMS 0x0000000085600000| PB 0x0000000085600000| Complete  |  0
|   87|0x0000000085700000, 0x0000000085800000, 0x0000000085800000|100%| E|CS|TAMS 0x0000000085700000| PB 0x0000000085700000| Complete  |  0
|   88|0x0000000085800000, 0x0000000085900000, 0x0000000085900000|100%| E|CS|TAMS 0x0000000085800000| PB 0x0000000085800000| Complete  |  0
|   89|0x0000000085900000, 0x0000000085a00000, 0x0000000085a00000|100%| E|CS|TAMS 0x0000000085900000| PB 0x0000000085900000| Complete  |  0
| 2045|0x00000000ffd00000, 0x00000000ffd92970, 0x00000000ffe00000| 57%| O|  |TAMS 0x00000000ffd00000| PB 0x00000000ffd00000| Untracked |  0
| 2046|0x00000000ffe00000, 0x00000000fff00000, 0x00000000fff00000|100%| O|  |TAMS 0x00000000ffe00000| PB 0x00000000ffe00000| Untracked |  0
| 2047|0x00000000fff00000, 0x0000000100000000, 0x0000000100000000|100%| E|CS|TAMS 0x00000000fff00000| PB 0x00000000fff00000| Complete  |  0

Card table byte_map: [0x000002a1e8580000,0x000002a1e8980000] _byte_map_base: 0x000002a1e8180000
Refinement table byte_map: [0x000002a1e8980000,0x000002a1e8d80000] _byte_map_base: 0x000002a1e8580000

Marking Bits: (CMBitMap*) 0x000002a1cfe90100
 Bits: [0x000002a1e8d80000, 0x000002a1ead80000)

Polling page: 0x000002a1cdcf0000

Metaspace:
Metaspace        used 16523K, committed 16960K, reserved 1114112K
 class space     used 2331K, committed 2496K, reserved 1048576K

Usage:
  Non-class:     13.86 MB used.
      Class:      2.28 MB used.
       Both:     16.14 MB used.

Virtual space:
  Non-class space:       64.00 MB reserved,      14.12 MB ( 22%) committed,  1 nodes.
      Class space:        1.00 GB reserved,       2.44 MB ( <1%) committed,  1 nodes.
             Both:        1.06 GB reserved,      16.56 MB (  2%) committed. 

Chunk freelists:
   Non-Class:  1.16 MB
       Class:  13.57 MB
        Both:  14.73 MB

MaxMetaspaceSize: unlimited
CompressedClassSpaceSize: 1.00 GB
Initial GC threshold: 21.00 MB
Current GC threshold: 21.00 MB
CDS: on
 - commit_granule_bytes: 65536.
 - commit_granule_words: 8192.
 - virtual_space_node_default_size: 8388608.
 - enlarge_chunks_in_place: 1.
UseCompressedClassPointers 1, UseCompactObjectHeaders 0
Narrow klass pointer bits 32, Max shift 3
Narrow klass base: 0x000000003e000000, Narrow klass shift: 0
Encoding Range: [0x000000003e000000 - 0x000000013e000000), (4294967296 bytes)
Klass Range:    [0x000000003e000000 - 0x000000007f000000), (1090519040 bytes)
Klass ID Range:  [8 - 1090519033) (1090519025)
Protection zone: [0x000000003e000000 - 0x000000003e010000), (65536 bytes)


Internal statistics:

num_allocs_failed_limit: 0.
num_arena_births: 572.
num_arena_deaths: 0.
num_vsnodes_births: 2.
num_vsnodes_deaths: 0.
num_space_committed: 265.
num_space_uncommitted: 0.
num_chunks_returned_to_freelist: 0.
num_chunks_taken_from_freelist: 1148.
num_chunk_merges: 0.
num_chunk_splits: 745.
num_chunks_enlarged: 516.
num_inconsistent_stats: 0.

CodeHeap 'non-profiled nmethods': size=120064Kb used=1012Kb max_used=1012Kb free=119051Kb
 bounds [0x000002a1e05e0000, 0x000002a1e0850000, 0x000002a1e7b20000]
CodeHeap 'profiled nmethods': size=120064Kb used=4742Kb max_used=4742Kb free=115321Kb
 bounds [0x000002a1d8b00000, 0x000002a1d8fb0000, 0x000002a1e0040000]
CodeHeap 'non-nmethods': size=5760Kb used=1487Kb max_used=1514Kb free=4272Kb
 bounds [0x000002a1e0040000, 0x000002a1e02b0000, 0x000002a1e05e0000]
CodeCache: size=245888Kb, used=7241Kb, max_used=7268Kb, free=238644Kb
 total_blobs=3643, nmethods=3044, adapters=501, full_count=0
Compilation: enabled, stopped_count=0, restarted_count=0

Compilation events (20 events):
Event: 2.423 Thread 0x000002a1ed9de420 2981       1       java.util.concurrent.atomic.AtomicInteger::get (5 bytes)
Event: 2.423 Thread 0x000002a1ed9de420 nmethod 2981 0x000002a1e06db188 code [0x000002a1e06db280, 0x000002a1e06db338]
Event: 2.427 Thread 0x000002a1ed9de420 2982       3       java.lang.invoke.MethodType::genericMethodType (6 bytes)
Event: 2.427 Thread 0x000002a1ed9de420 nmethod 2982 0x000002a1d8f7c908 code [0x000002a1d8f7ca00, 0x000002a1d8f7cb10]
Event: 2.439 Thread 0x000002a1ed9de420 2983       3       org.gradle.internal.collect.ArrayIterator::next (37 bytes)
Event: 2.439 Thread 0x000002a1ed9de420 nmethod 2983 0x000002a1d8f7cc08 code [0x000002a1d8f7cd00, 0x000002a1d8f7cf38]
Event: 2.439 Thread 0x000002a1ed9de420 2985       3       jdk.internal.constant.ConstantUtils::validateClassOrPackageName (123 bytes)
Event: 2.442 Thread 0x000002a1ed9da800 2988       4       java.lang.invoke.LambdaForm$Name::withIndex (35 bytes)
Event: 2.443 Thread 0x000002a1ed9de420 nmethod 2985 0x000002a1d8f7cf88 code [0x000002a1d8f7d080, 0x000002a1d8f81418]
Event: 2.443 Thread 0x000002a1ed9de420 2986       3       java.lang.invoke.LambdaFormBuffer::indexOf (25 bytes)
Event: 2.443 Thread 0x000002a1ed9de420 nmethod 2986 0x000002a1d8f81488 code [0x000002a1d8f81580, 0x000002a1d8f81760]
Event: 2.443 Thread 0x000002a1ed9de420 2987       3       jdk.internal.classfile.impl.UnboundAttribute$UnboundRuntimeVisibleAnnotationsAttribute::attributeName (4 bytes)
Event: 2.443 Thread 0x000002a1ed9de420 nmethod 2987 0x000002a1d8f81788 code [0x000002a1d8f81880, 0x000002a1d8f81980]
Event: 2.443 Thread 0x000002a1ed9de420 2989       3       jdk.internal.classfile.impl.UnboundAttribute::writeTo (6 bytes)
Event: 2.444 Thread 0x000002a1ed9da800 nmethod 2988 0x000002a1e06db788 code [0x000002a1e06db880, 0x000002a1e06db988]
Event: 2.444 Thread 0x000002a1ed9de420 nmethod 2989 0x000002a1d8f81a88 code [0x000002a1d8f81b80, 0x000002a1d8f81e28]
Event: 2.444 Thread 0x000002a1ed9de420 2990   !   3       java.lang.invoke.LambdaForm::compileToBytecode (164 bytes)
Event: 2.445 Thread 0x000002a1ed9de420 nmethod 2990 0x000002a1d8f81e88 code [0x000002a1d8f81f80, 0x000002a1d8f82878]
Event: 2.449 Thread 0x000002a1ed9de420 2991       3       java.lang.String::<init> (74 bytes)
Event: 2.450 Thread 0x000002a1ed9de420 nmethod 2991 0x000002a1d8f82888 code [0x000002a1d8f82980, 0x000002a1d8f82f10]

GC Heap Usage History (20 events):
Event: 0.246 {heap Before GC invocations=0 (full 0):
 garbage-first heap   total reserved 2097152K, committed 10240K, used 5283K [0x0000000080000000, 0x0000000100000000)
  region size 1M, 4 eden (4M), 0 survivor (0M), 2 old (2M), 0 humongous (0M), 4 free (4M)
}
Event: 0.249 {heap After GC invocations=1 (full 0):
 garbage-first heap   total reserved 2097152K, committed 10240K, used 1987K [0x0000000080000000, 0x0000000100000000)
  region size 1M, 0 eden (0M), 1 survivor (1M), 2 old (2M), 0 humongous (0M), 7 free (7M)
}
Event: 0.285 {heap Before GC invocations=1 (full 0):
 garbage-first heap   total reserved 2097152K, committed 10240K, used 4035K [0x0000000080000000, 0x0000000100000000)
  region size 1M, 3 eden (3M), 1 survivor (1M), 2 old (2M), 0 humongous (0M), 4 free (4M)
}
Event: 0.287 {heap After GC invocations=2 (full 0):
 garbage-first heap   total reserved 2097152K, committed 10240K, used 1969K [0x0000000080000000, 0x0000000100000000)
  region size 1M, 0 eden (0M), 1 survivor (1M), 3 old (3M), 0 humongous (0M), 6 free (6M)
}
Event: 0.330 {heap Before GC invocations=2 (full 0):
 garbage-first heap   total reserved 2097152K, committed 10240K, used 5041K [0x0000000080000000, 0x0000000100000000)
  region size 1M, 3 eden (3M), 1 survivor (1M), 3 old (3M), 0 humongous (0M), 3 free (3M)
}
Event: 0.331 {heap After GC invocations=3 (full 0):
 garbage-first heap   total reserved 2097152K, committed 10240K, used 2031K [0x0000000080000000, 0x0000000100000000)
  region size 1M, 0 eden (0M), 1 survivor (1M), 3 old (3M), 0 humongous (0M), 6 free (6M)
}
Event: 0.401 {heap Before GC invocations=3 (full 0):
 garbage-first heap   total reserved 2097152K, committed 10240K, used 4079K [0x0000000080000000, 0x0000000100000000)
  region size 1M, 3 eden (3M), 1 survivor (1M), 3 old (3M), 0 humongous (0M), 3 free (3M)
}
Event: 0.403 {heap After GC invocations=4 (full 0):
 garbage-first heap   total reserved 2097152K, committed 30720K, used 4195K [0x0000000080000000, 0x0000000100000000)
  region size 1M, 0 eden (0M), 1 survivor (1M), 4 old (4M), 0 humongous (0M), 25 free (25M)
}
Event: 0.804 {heap Before GC invocations=4 (full 0):
 garbage-first heap   total reserved 2097152K, committed 30720K, used 19555K [0x0000000080000000, 0x0000000100000000)
  region size 1M, 12 eden (12M), 1 survivor (1M), 4 old (4M), 4 humongous (4M), 9 free (9M)
}
Event: 0.809 {heap After GC invocations=5 (full 0):
 garbage-first heap   total reserved 2097152K, committed 30720K, used 12443K [0x0000000080000000, 0x0000000100000000)
  region size 1M, 0 eden (0M), 2 survivor (2M), 7 old (7M), 4 humongous (4M), 17 free (17M)
}
Event: 0.954 {heap Before GC invocations=5 (full 0):
 garbage-first heap   total reserved 2097152K, committed 30720K, used 19611K [0x0000000080000000, 0x0000000100000000)
  region size 1M, 7 eden (7M), 2 survivor (2M), 7 old (7M), 4 humongous (4M), 10 free (10M)
}
Event: 0.958 {heap After GC invocations=6 (full 0):
 garbage-first heap   total reserved 2097152K, committed 30720K, used 13145K [0x0000000080000000, 0x0000000100000000)
  region size 1M, 0 eden (0M), 1 survivor (1M), 9 old (9M), 4 humongous (4M), 16 free (16M)
}
Event: 1.008 {heap Before GC invocations=6 (full 0):
 garbage-first heap   total reserved 2097152K, committed 30720K, used 21337K [0x0000000080000000, 0x0000000100000000)
  region size 1M, 8 eden (8M), 1 survivor (1M), 9 old (9M), 4 humongous (4M), 8 free (8M)
}
Event: 1.011 {heap After GC invocations=7 (full 0):
 garbage-first heap   total reserved 2097152K, committed 30720K, used 13341K [0x0000000080000000, 0x0000000100000000)
  region size 1M, 0 eden (0M), 1 survivor (1M), 9 old (9M), 4 humongous (4M), 16 free (16M)
}
Event: 1.078 {heap Before GC invocations=7 (full 0):
 garbage-first heap   total reserved 2097152K, committed 30720K, used 21533K [0x0000000080000000, 0x0000000100000000)
  region size 1M, 9 eden (9M), 1 survivor (1M), 9 old (9M), 4 humongous (4M), 7 free (7M)
}
Event: 1.080 {heap After GC invocations=8 (full 0):
 garbage-first heap   total reserved 2097152K, committed 30720K, used 14006K [0x0000000080000000, 0x0000000100000000)
  region size 1M, 0 eden (0M), 2 survivor (2M), 9 old (9M), 4 humongous (4M), 15 free (15M)
}
Event: 1.226 {heap Before GC invocations=9 (full 0):
 garbage-first heap   total reserved 2097152K, committed 30720K, used 24246K [0x0000000080000000, 0x0000000100000000)
  region size 1M, 9 eden (9M), 2 survivor (2M), 9 old (9M), 6 humongous (6M), 4 free (4M)
}
Event: 1.232 {heap After GC invocations=10 (full 0):
 garbage-first heap   total reserved 2097152K, committed 95232K, used 17895K [0x0000000080000000, 0x0000000100000000)
  region size 1M, 0 eden (0M), 2 survivor (2M), 12 old (12M), 5 humongous (5M), 74 free (74M)
}
Event: 1.945 {heap Before GC invocations=10 (full 0):
 garbage-first heap   total reserved 2097152K, committed 95232K, used 59879K [0x0000000080000000, 0x0000000100000000)
  region size 1M, 41 eden (41M), 2 survivor (2M), 12 old (12M), 5 humongous (5M), 33 free (33M)
}
Event: 1.953 {heap After GC invocations=11 (full 0):
 garbage-first heap   total reserved 2097152K, committed 95232K, used 21921K [0x0000000080000000, 0x0000000100000000)
  region size 1M, 0 eden (0M), 6 survivor (6M), 11 old (11M), 5 humongous (5M), 71 free (71M)
}

Metaspace Usage History (20 events):
Event: 0.246 {metaspace Before GC invocations=0 (full 0):
 Metaspace       used 740K, committed 896K, reserved 1114112K
  class space    used 53K, committed 128K, reserved 1048576K
}
Event: 0.249 {metaspace After GC invocations=1 (full 0):
 Metaspace       used 740K, committed 896K, reserved 1114112K
  class space    used 53K, committed 128K, reserved 1048576K
}
Event: 0.285 {metaspace Before GC invocations=1 (full 0):
 Metaspace       used 768K, committed 896K, reserved 1114112K
  class space    used 53K, committed 128K, reserved 1048576K
}
Event: 0.287 {metaspace After GC invocations=2 (full 0):
 Metaspace       used 768K, committed 896K, reserved 1114112K
  class space    used 53K, committed 128K, reserved 1048576K
}
Event: 0.330 {metaspace Before GC invocations=2 (full 0):
 Metaspace       used 811K, committed 960K, reserved 1114112K
  class space    used 56K, committed 128K, reserved 1048576K
}
Event: 0.331 {metaspace After GC invocations=3 (full 0):
 Metaspace       used 811K, committed 960K, reserved 1114112K
  class space    used 56K, committed 128K, reserved 1048576K
}
Event: 0.401 {metaspace Before GC invocations=3 (full 0):
 Metaspace       used 1219K, committed 1408K, reserved 1114112K
  class space    used 99K, committed 192K, reserved 1048576K
}
Event: 0.403 {metaspace After GC invocations=4 (full 0):
 Metaspace       used 1219K, committed 1408K, reserved 1114112K
  class space    used 99K, committed 192K, reserved 1048576K
}
Event: 0.804 {metaspace Before GC invocations=4 (full 0):
 Metaspace       used 3651K, committed 3840K, reserved 1114112K
  class space    used 470K, committed 576K, reserved 1048576K
}
Event: 0.809 {metaspace After GC invocations=5 (full 0):
 Metaspace       used 3651K, committed 3840K, reserved 1114112K
  class space    used 470K, committed 576K, reserved 1048576K
}
Event: 0.954 {metaspace Before GC invocations=5 (full 0):
 Metaspace       used 4583K, committed 4800K, reserved 1114112K
  class space    used 597K, committed 704K, reserved 1048576K
}
Event: 0.958 {metaspace After GC invocations=6 (full 0):
 Metaspace       used 4583K, committed 4800K, reserved 1114112K
  class space    used 597K, committed 704K, reserved 1048576K
}
Event: 1.008 {metaspace Before GC invocations=6 (full 0):
 Metaspace       used 4607K, committed 4800K, reserved 1114112K
  class space    used 598K, committed 704K, reserved 1048576K
}
Event: 1.011 {metaspace After GC invocations=7 (full 0):
 Metaspace       used 4607K, committed 4800K, reserved 1114112K
  class space    used 598K, committed 704K, reserved 1048576K
}
Event: 1.078 {metaspace Before GC invocations=7 (full 0):
 Metaspace       used 4656K, committed 4864K, reserved 1114112K
  class space    used 598K, committed 704K, reserved 1048576K
}
Event: 1.080 {metaspace After GC invocations=8 (full 0):
 Metaspace       used 4656K, committed 4864K, reserved 1114112K
  class space    used 598K, committed 704K, reserved 1048576K
}
Event: 1.226 {metaspace Before GC invocations=9 (full 0):
 Metaspace       used 4733K, committed 4928K, reserved 1114112K
  class space    used 599K, committed 704K, reserved 1048576K
}
Event: 1.232 {metaspace After GC invocations=10 (full 0):
 Metaspace       used 4733K, committed 4928K, reserved 1114112K
  class space    used 599K, committed 704K, reserved 1048576K
}
Event: 1.945 {metaspace Before GC invocations=10 (full 0):
 Metaspace       used 10917K, committed 11264K, reserved 1114112K
  class space    used 1482K, committed 1664K, reserved 1048576K
}
Event: 1.953 {metaspace After GC invocations=11 (full 0):
 Metaspace       used 10917K, committed 11264K, reserved 1114112K
  class space    used 1482K, committed 1664K, reserved 1048576K
}

Dll operation events (20 events):
Event: 0.114 Attempting to load shared library C:\Program Files\Java\jdk-26.0.2\bin\nio.dll
Event: 0.114 Loaded shared library C:\Program Files\Java\jdk-26.0.2\bin\nio.dll
Event: 0.117 Attempting to load shared library C:\Program Files\Java\jdk-26.0.2\bin\zip.dll
Event: 0.117 Loaded shared library C:\Program Files\Java\jdk-26.0.2\bin\zip.dll
Event: 0.307 Attempting to load shared library C:\Program Files\Java\jdk-26.0.2\bin\jimage.dll
Event: 0.307 Loaded shared library C:\Program Files\Java\jdk-26.0.2\bin\jimage.dll
Event: 0.578 Attempting to load shared library C:\Program Files\Java\jdk-26.0.2\bin\verify.dll
Event: 0.578 Loaded shared library C:\Program Files\Java\jdk-26.0.2\bin\verify.dll
Event: 0.609 Attempting to load shared library C:\Users\NGUYEN THUY NGAN\.gradle\native\660c5614fbf4a5f2a75b1949f50a0caf5cd603558e7d8a26e50b933a0cfb79d1\windows-amd64\native-platform.dll
Event: 0.610 Loaded shared library C:\Users\NGUYEN THUY NGAN\.gradle\native\660c5614fbf4a5f2a75b1949f50a0caf5cd603558e7d8a26e50b933a0cfb79d1\windows-amd64\native-platform.dll
Event: 0.623 Attempting to load shared library C:\Users\NGUYEN THUY NGAN\.gradle\native\0.2.8\x86_64-windows-gnu\gradle-fileevents.dll
Event: 0.624 Loaded shared library C:\Users\NGUYEN THUY NGAN\.gradle\native\0.2.8\x86_64-windows-gnu\gradle-fileevents.dll
Event: 1.522 Attempting to load shared library C:\Program Files\Java\jdk-26.0.2\bin\management.dll
Event: 1.523 Loaded shared library C:\Program Files\Java\jdk-26.0.2\bin\management.dll
Event: 1.524 Attempting to load shared library C:\Program Files\Java\jdk-26.0.2\bin\management_ext.dll
Event: 1.525 Loaded shared library C:\Program Files\Java\jdk-26.0.2\bin\management_ext.dll
Event: 1.693 Attempting to load shared library C:\Program Files\Java\jdk-26.0.2\bin\extnet.dll
Event: 1.694 Loaded shared library C:\Program Files\Java\jdk-26.0.2\bin\extnet.dll
Event: 1.884 Attempting to load shared library C:\Program Files\Java\jdk-26.0.2\bin\sunmscapi.dll
Event: 1.887 Loaded shared library C:\Program Files\Java\jdk-26.0.2\bin\sunmscapi.dll

Deoptimization events (20 events):
Event: 2.122 Thread 0x000002a1f4083550 Uncommon trap: trap_request=0xffffff45 fr.pc=0x000002a1e06be5a4 relative=0x0000000000000224
Event: 2.122 Thread 0x000002a1f4083550 Uncommon trap: reason=unstable_if action=reinterpret pc=0x000002a1e06be5a4 method=java.util.HashMap.getNode(Ljava/lang/Object;)Ljava/util/HashMap$Node; @ 66 c2
Event: 2.122 Thread 0x000002a1f4083550 DEOPT PACKING pc=0x000002a1e06be5a4 sp=0x000000b2dbdfc590
Event: 2.122 Thread 0x000002a1f4083550 DEOPT UNPACKING pc=0x000002a1e0164882 sp=0x000000b2dbdfc4a0 mode 2
Event: 2.122 Thread 0x000002a1f4083550 Uncommon trap: trap_request=0xffffff45 fr.pc=0x000002a1e0634498 relative=0x0000000000000198
Event: 2.122 Thread 0x000002a1f4083550 Uncommon trap: reason=unstable_if action=reinterpret pc=0x000002a1e0634498 method=java.util.HashMap.getNode(Ljava/lang/Object;)Ljava/util/HashMap$Node; @ 66 c2
Event: 2.122 Thread 0x000002a1f4083550 DEOPT PACKING pc=0x000002a1e0634498 sp=0x000000b2dbdfc520
Event: 2.122 Thread 0x000002a1f4083550 DEOPT UNPACKING pc=0x000002a1e0164882 sp=0x000000b2dbdfc4a0 mode 2
Event: 2.129 Thread 0x000002a1f4083550 Uncommon trap: trap_request=0xffffffc6 fr.pc=0x000002a1e0641464 relative=0x0000000000000364
Event: 2.129 Thread 0x000002a1f4083550 Uncommon trap: reason=bimorphic_or_optimized_type_check action=maybe_recompile pc=0x000002a1e0641464 method=java.util.concurrent.ConcurrentHashMap.get(Ljava/lang/Object;)Ljava/lang/Object; @ 149 c2
Event: 2.129 Thread 0x000002a1f4083550 DEOPT PACKING pc=0x000002a1e0641464 sp=0x000000b2dbdfc250
Event: 2.129 Thread 0x000002a1f4083550 DEOPT UNPACKING pc=0x000002a1e0164882 sp=0x000000b2dbdfc1c0 mode 2
Event: 2.129 Thread 0x000002a1f4083550 Uncommon trap: trap_request=0xffffffc6 fr.pc=0x000002a1e0641464 relative=0x0000000000000364
Event: 2.129 Thread 0x000002a1f4083550 Uncommon trap: reason=bimorphic_or_optimized_type_check action=maybe_recompile pc=0x000002a1e0641464 method=java.util.concurrent.ConcurrentHashMap.get(Ljava/lang/Object;)Ljava/lang/Object; @ 149 c2
Event: 2.129 Thread 0x000002a1f4083550 DEOPT PACKING pc=0x000002a1e0641464 sp=0x000000b2dbdfbc90
Event: 2.129 Thread 0x000002a1f4083550 DEOPT UNPACKING pc=0x000002a1e0164882 sp=0x000000b2dbdfbc10 mode 2
Event: 2.334 Thread 0x000002a1f4083550 Uncommon trap: trap_request=0xffffffc6 fr.pc=0x000002a1e0641464 relative=0x0000000000000364
Event: 2.334 Thread 0x000002a1f4083550 Uncommon trap: reason=bimorphic_or_optimized_type_check action=maybe_recompile pc=0x000002a1e0641464 method=java.util.concurrent.ConcurrentHashMap.get(Ljava/lang/Object;)Ljava/lang/Object; @ 149 c2
Event: 2.334 Thread 0x000002a1f4083550 DEOPT PACKING pc=0x000002a1e0641464 sp=0x000000b2dbdfd7c0
Event: 2.334 Thread 0x000002a1f4083550 DEOPT UNPACKING pc=0x000002a1e0164882 sp=0x000000b2dbdfd730 mode 2

Classes loaded (20 events):
Event: 2.367 Loading class java/util/concurrent/locks/ReentrantLock$FairSync
Event: 2.367 Loading class java/util/concurrent/locks/ReentrantLock$FairSync done
Event: 2.378 Loading class java/net/DatagramPacket
Event: 2.378 Loading class java/net/DatagramPacket done
Event: 2.379 Loading class sun/nio/ch/DatagramChannelImpl$DatagramPackets
Event: 2.379 Loading class sun/nio/ch/DatagramChannelImpl$DatagramPackets done
Event: 2.395 Loading class java/util/TreeMap$KeySet
Event: 2.395 Loading class java/util/TreeMap$KeySet done
Event: 2.412 Loading class java/lang/Character$UnicodeBlock
Event: 2.413 Loading class java/lang/Character$Subset
Event: 2.413 Loading class java/lang/Character$Subset done
Event: 2.413 Loading class java/lang/Character$UnicodeBlock done
Event: 2.426 Loading class sun/security/provider/MD5
Event: 2.426 Loading class sun/security/provider/MD5 done
Event: 2.426 Loading class sun/security/provider/SHA5$SHA512
Event: 2.426 Loading class sun/security/provider/SHA5
Event: 2.426 Loading class sun/security/provider/SHA5 done
Event: 2.426 Loading class sun/security/provider/SHA5$SHA512 done
Event: 2.428 Loading class sun/security/provider/ByteArrayAccess$LE
Event: 2.428 Loading class sun/security/provider/ByteArrayAccess$LE done

Classes unloaded (0 events):
No events

Classes redefined (0 events):
No events

Internal exceptions (20 events):
Event: 1.807 Thread 0x000002a1cfe52130 Exception <a 'java/lang/NoSuchMethodError'{0x0000000083756c50}: 'java.lang.Object java.lang.invoke.Invokers$Holder.linkToTargetMethod(java.lang.Object, java.lang.Object, int, java.lang.Object)'> (0x0000000083756c50) 
thrown [s\open\src\hotspot\share\interpreter\linkResolver.cpp, line 804]
Event: 1.811 Thread 0x000002a1cfe52130 Exception <a 'java/lang/NoSuchMethodError'{0x0000000083780b30}: 'long java.lang.invoke.DirectMethodHandle$Holder.invokeSpecial(java.lang.Object, java.lang.Object)'> (0x0000000083780b30) 
thrown [s\open\src\hotspot\share\interpreter\linkResolver.cpp, line 804]
Event: 1.833 Thread 0x000002a1cfe52130 Exception <a 'java/lang/NoSuchMethodError'{0x0000000083682cc8}: 'int java.lang.invoke.DirectMethodHandle$Holder.invokeStatic(java.lang.Object, int, java.lang.Object)'> (0x0000000083682cc8) 
thrown [s\open\src\hotspot\share\interpreter\linkResolver.cpp, line 804]
Event: 1.840 Thread 0x000002a1cfe52130 Exception <a 'java/io/IOException'{0x00000000836c34d8}> (0x00000000836c34d8) 
thrown [s\open\src\hotspot\share\prims\jni.cpp, line 514]
Event: 1.846 Thread 0x000002a1cfe52130 Implicit null exception at 0x000002a1e061ebb6 to 0x000002a1e061f2a4
Event: 1.851 Thread 0x000002a1cfe52130 Exception <a 'java/lang/NoSuchMethodError'{0x0000000083542558}: 'java.lang.Object java.lang.invoke.DirectMethodHandle$Holder.newInvokeSpecial(java.lang.Object, java.lang.Object, java.lang.Object, java.lang.Object, java.lang.Object)'> (0x0000000083542558) 
thrown [s\open\src\hotspot\share\interpreter\linkResolver.cpp, line 804]
Event: 2.032 Thread 0x000002a1f4083550 Exception <a 'java/lang/NoSuchMethodError'{0x000000008555df18}: 'java.lang.Object java.lang.invoke.DirectMethodHandle$Holder.invokeVirtual(java.lang.Object, java.lang.Object, java.lang.Object, java.lang.Object, java.lang.Object, java.lang.Object, java.lang.Object)'> (0x000000008555df18) 
thrown [s\open\src\hotspot\share\interpreter\linkResolver.cpp, line 804]
Event: 2.045 Thread 0x000002a1f4083550 Exception <a 'java/lang/NoSuchMethodError'{0x000000008542d6d0}: 'long java.lang.invoke.DirectMethodHandle$Holder.invokeInterface(java.lang.Object, java.lang.Object)'> (0x000000008542d6d0) 
thrown [s\open\src\hotspot\share\interpreter\linkResolver.cpp, line 804]
Event: 2.097 Thread 0x000002a1f4083550 Exception <a 'java/lang/NoSuchMethodError'{0x00000000851ecb50}: 'void java.lang.invoke.DirectMethodHandle$Holder.invokeStatic(java.lang.Object, java.lang.Object)'> (0x00000000851ecb50) 
thrown [s\open\src\hotspot\share\interpreter\linkResolver.cpp, line 804]
Event: 2.103 Thread 0x000002a1f4083550 Exception <a 'java/lang/NoSuchMethodError'{0x000000008503f850}: 'java.lang.Object java.lang.invoke.DirectMethodHandle$Holder.invokeVirtual(java.lang.Object, java.lang.Object, java.lang.Object, java.lang.Object, java.lang.Object, java.lang.Object, java.lang.Object, java.lang.Object, java.lang.Object, java.lang.Object, java.lang.Object, java.lang.Object)'> (0x000000008503f850) 
thrown [s\open\src\hotspot\share\interpreter\linkResolver.cpp, line 804]
Event: 2.119 Thread 0x000002a1f4083550 Exception <a 'java/lang/NoSuchMethodError'{0x0000000084fbb0e0}: 'void java.lang.invoke.DirectMethodHandle$Holder.invokeStatic(java.lang.Object, java.lang.Object, java.lang.Object, java.lang.Object)'> (0x0000000084fbb0e0) 
thrown [s\open\src\hotspot\share\interpreter\linkResolver.cpp, line 804]
Event: 2.130 Thread 0x000002a1f4083550 Exception <a 'java/lang/NoSuchMethodError'{0x0000000084e7a760}: 'int java.lang.invoke.DirectMethodHandle$Holder.invokeVirtual(java.lang.Object, java.lang.Object, java.lang.Object)'> (0x0000000084e7a760) 
thrown [s\open\src\hotspot\share\interpreter\linkResolver.cpp, line 804]
Event: 2.204 Thread 0x000002a1f4083550 Exception <a 'java/lang/NoSuchMethodError'{0x0000000084ceb7e8}: 'java.lang.Object java.lang.invoke.DirectMethodHandle$Holder.newInvokeSpecial(java.lang.Object, java.lang.Object, java.lang.Object, java.lang.Object, java.lang.Object, java.lang.Object)'> (0x0000000084ceb7e8) 
thrown [s\open\src\hotspot\share\interpreter\linkResolver.cpp, line 804]
Event: 2.252 Thread 0x000002a1f4083550 Exception <a 'java/lang/NoSuchMethodError'{0x0000000084805338}: 'void java.lang.invoke.DelegatingMethodHandle$Holder.reinvoke_L(java.lang.Object, java.lang.Object, java.lang.Object, java.lang.Object, java.lang.Object, java.lang.Object, java.lang.Object, java.lang.Object, java.lang.Object, java.lang.Object)'> (0x0000000084805338) 
thrown [s\open\src\hotspot\share\interpreter\linkResolver.cpp, line 804]
Event: 2.253 Thread 0x000002a1f4083550 Exception <a 'java/lang/NoSuchMethodError'{0x0000000084816280}: 'java.lang.Object java.lang.invoke.Invokers$Holder.invoker(java.lang.Object, java.lang.Object, java.lang.Object, java.lang.Object, java.lang.Object, java.lang.Object, java.lang.Object, java.lang.Object, java.lang.Object, java.lang.Object)'> (0x0000000084816280) 
thrown [s\open\src\hotspot\share\interpreter\linkResolver.cpp, line 804]
Event: 2.345 Thread 0x000002a1f4083550 Exception <a 'java/lang/NoSuchMethodError'{0x00000000843e6c70}: 'void java.lang.invoke.DirectMethodHandle$Holder.invokeInterface(java.lang.Object, java.lang.Object)'> (0x00000000843e6c70) 
thrown [s\open\src\hotspot\share\interpreter\linkResolver.cpp, line 804]
Event: 2.346 Thread 0x000002a1f4083550 Exception <a 'java/lang/IncompatibleClassChangeError'{0x00000000843ef370}: Found class java.lang.Object, but interface was expected> (0x00000000843ef370) 
thrown [s\open\src\hotspot\share\interpreter\linkResolver.cpp, line 871]
Event: 2.349 Thread 0x000002a1f4083550 Exception <a 'java/lang/NoSuchMethodError'{0x00000000842269a0}: 'java.lang.Object java.lang.invoke.DirectMethodHandle$Holder.newInvokeSpecial(java.lang.Object, java.lang.Object, java.lang.Object, java.lang.Object, java.lang.Object, java.lang.Object, java.lang.Object, java.lang.Object)'> (0x00000000842269a0) 
thrown [s\open\src\hotspot\share\interpreter\linkResolver.cpp, line 804]
Event: 2.369 Thread 0x000002a1f4083550 Exception <a 'java/lang/NoSuchMethodError'{0x0000000084139250}: 'java.lang.Object java.lang.invoke.DirectMethodHandle$Holder.newInvokeSpecial(java.lang.Object, java.lang.Object, int)'> (0x0000000084139250) 
thrown [s\open\src\hotspot\share\interpreter\linkResolver.cpp, line 804]
Event: 2.439 Thread 0x000002a1f4083550 Exception <a 'java/lang/NoSuchMethodError'{0x0000000083edeb40}: 'java.lang.Object java.lang.invoke.DirectMethodHandle$Holder.invokeVirtual(java.lang.Object, java.lang.Object, java.lang.Object, java.lang.Object, java.lang.Object, java.lang.Object, java.lang.Object, java.lang.Object)'> (0x0000000083edeb40) 
thrown [s\open\src\hotspot\share\interpreter\linkResolver.cpp, line 804]

VM Operations (20 events):
Event: 1.446 Executing non-safepoint VM operation: HandshakeAllThreads (Deoptimize)
Event: 1.446 Executing non-safepoint VM operation: HandshakeAllThreads (Deoptimize) done
Event: 1.482 Executing non-safepoint VM operation: HandshakeAllThreads (Deoptimize)
Event: 1.482 Executing non-safepoint VM operation: HandshakeAllThreads (Deoptimize) done
Event: 1.555 Executing non-safepoint VM operation: HandshakeAllThreads (Deoptimize)
Event: 1.555 Executing non-safepoint VM operation: HandshakeAllThreads (Deoptimize) done
Event: 1.614 Executing non-safepoint VM operation: HandshakeAllThreads (Deoptimize)
Event: 1.614 Executing non-safepoint VM operation: HandshakeAllThreads (Deoptimize) done
Event: 1.747 Executing non-safepoint VM operation: HandshakeAllThreads (Deoptimize)
Event: 1.747 Executing non-safepoint VM operation: HandshakeAllThreads (Deoptimize) done
Event: 1.770 Executing non-safepoint VM operation: HandshakeAllThreads (Deoptimize)
Event: 1.770 Executing non-safepoint VM operation: HandshakeAllThreads (Deoptimize) done
Event: 1.810 Executing non-safepoint VM operation: HandshakeAllThreads (Deoptimize)
Event: 1.810 Executing non-safepoint VM operation: HandshakeAllThreads (Deoptimize) done
Event: 1.867 Executing non-safepoint VM operation: HandshakeAllThreads (Deoptimize)
Event: 1.867 Executing non-safepoint VM operation: HandshakeAllThreads (Deoptimize) done
Event: 1.945 Executing safepoint VM operation: G1CollectForAllocation (G1 Evacuation Pause)
Event: 1.953 Executing safepoint VM operation: G1CollectForAllocation (G1 Evacuation Pause) done
Event: 2.230 Executing non-safepoint VM operation: HandshakeAllThreads (Deoptimize)
Event: 2.230 Executing non-safepoint VM operation: HandshakeAllThreads (Deoptimize) done

Memory protections (0 events):
No events

Nmethod flushes (0 events):
No events

Events (20 events):
Event: 0.089 Thread 0x000002a1ed9de420 Thread added: 0x000002a1edb2c700
Event: 0.101 Thread 0x000002a1cfe52130 JVMTI - enter start phase
Event: 0.101 Thread 0x000002a1cfe52130 JVMTI - enter live phase
Event: 0.111 Thread 0x000002a1cfe52130 Thread added: 0x000002a1edc0ec20
Event: 0.145 Thread 0x000002a1cfe52130 Thread added: 0x000002a1edc7ffb0
Event: 0.296 Thread 0x000002a1ed9da800 Thread added: 0x000002a1f203af40
Event: 1.559 Thread 0x000002a1cfe52130 Thread added: 0x000002a1f3f08850
Event: 1.788 Thread 0x000002a1cfe52130 Thread added: 0x000002a1f4209e50
Event: 1.857 Thread 0x000002a1f4209e50 Thread added: 0x000002a1f4222030
Event: 1.859 Thread 0x000002a1cfe52130 Thread added: 0x000002a1f41c5950
Event: 1.911 Thread 0x000002a1f4209e50 Thread added: 0x000002a1f407e730
Event: 1.913 Thread 0x000002a1f407e730 Thread added: 0x000002a1f407c7f0
Event: 1.938 Thread 0x000002a1f407e730 Thread added: 0x000002a1f407c020
Event: 1.945 Thread 0x000002a1f407e730 Thread added: 0x000002a1f4083550
Event: 1.964 Thread 0x000002a1f4083550 Thread added: 0x000002a1f43ec020
Event: 1.985 Thread 0x000002a1f4083550 Thread added: 0x000002a1f43eb080
Event: 1.992 Thread 0x000002a1f4083550 Thread added: 0x000002a1f43efea0
Event: 2.367 Thread 0x000002a1f4083550 Thread added: 0x000002a1f43f1de0
Event: 2.377 Thread 0x000002a1f4083550 Thread added: 0x000002a1f43ee730
Event: 2.448 Thread 0x000002a1f4083550 Thread added: 0x000002a1f56c05e0


Dynamic libraries:
0x00007ff607910000 - 0x00007ff607920000 	C:\Program Files\Java\jdk-26.0.2\bin\java.exe
0x00007ff8263e0000 - 0x00007ff826647000 	C:\windows\SYSTEM32\ntdll.dll
0x00007ff824d80000 - 0x00007ff824e4b000 	C:\windows\System32\KERNEL32.DLL
0x00007ff8235e0000 - 0x00007ff8239e2000 	C:\windows\System32\KERNELBASE.dll
0x00007ff823fa0000 - 0x00007ff8240ec000 	C:\windows\System32\ucrtbase.dll
0x00007ffffbad0000 - 0x00007ffffbae7000 	C:\Program Files\Java\jdk-26.0.2\bin\jli.dll
0x00007ff825350000 - 0x00007ff82551f000 	C:\windows\System32\USER32.dll
0x00007fffef470000 - 0x00007fffef48e000 	C:\Program Files\Java\jdk-26.0.2\bin\VCRUNTIME140.dll
0x00007ff823a80000 - 0x00007ff823aa7000 	C:\windows\System32\win32u.dll
0x00007ff825c10000 - 0x00007ff825c3b000 	C:\windows\System32\GDI32.dll
0x00007ff80a530000 - 0x00007ff80a7c0000 	C:\windows\WinSxS\amd64_microsoft.windows.common-controls_6595b64144ccf1df_6.0.26100.9278_none_3e0d1ba8e3303201\COMCTL32.dll
0x00007ff823e70000 - 0x00007ff823f99000 	C:\windows\System32\gdi32full.dll
0x00007ff823dc0000 - 0x00007ff823e63000 	C:\windows\System32\msvcp_win.dll
0x00007ff8262f0000 - 0x00007ff826399000 	C:\windows\System32\msvcrt.dll
0x00007ff824d40000 - 0x00007ff824d71000 	C:\windows\System32\IMM32.DLL
0x00007ff800110000 - 0x00007ff80011c000 	C:\Program Files\Java\jdk-26.0.2\bin\vcruntime140_1.dll
0x00007fffd8bc0000 - 0x00007fffd8c4d000 	C:\Program Files\Java\jdk-26.0.2\bin\msvcp140.dll
0x00007fff5f9e0000 - 0x00007fff608b1000 	C:\Program Files\Java\jdk-26.0.2\bin\server\jvm.dll
0x00007ff824c70000 - 0x00007ff824d2c000 	C:\windows\System32\ADVAPI32.dll
0x00007ff8257b0000 - 0x00007ff825859000 	C:\windows\System32\sechost.dll
0x00007ff824190000 - 0x00007ff8242a8000 	C:\windows\System32\RPCRT4.dll
0x00007ff824f20000 - 0x00007ff824fa0000 	C:\windows\System32\WS2_32.dll
0x00007ff81d990000 - 0x00007ff81d9c6000 	C:\windows\SYSTEM32\WINMM.dll
0x00007ff823440000 - 0x00007ff82349e000 	C:\windows\SYSTEM32\POWRPROF.dll
0x00007ff811920000 - 0x00007ff81192b000 	C:\windows\SYSTEM32\VERSION.dll
0x00007ff823420000 - 0x00007ff823435000 	C:\windows\SYSTEM32\UMPDC.dll
0x00007ff8222b0000 - 0x00007ff8222cb000 	C:\windows\SYSTEM32\kernel.appcore.dll
0x00007fffffdf0000 - 0x00007fffffdfa000 	C:\Program Files\Java\jdk-26.0.2\bin\jimage.dll
0x00007ff8209f0000 - 0x00007ff820c3c000 	C:\windows\SYSTEM32\DBGHELP.DLL
0x00007ff825880000 - 0x00007ff825c05000 	C:\windows\System32\combase.dll
0x00007ff825650000 - 0x00007ff825729000 	C:\windows\System32\OLEAUT32.dll
0x00007ffff1260000 - 0x00007ffff129b000 	C:\windows\SYSTEM32\dbgcore.DLL
0x00007ff823b70000 - 0x00007ff823c1c000 	C:\windows\System32\bcryptPrimitives.dll
0x00007ffffeeb0000 - 0x00007ffffeec0000 	C:\Program Files\Java\jdk-26.0.2\bin\instrument.dll
0x00007fffeef50000 - 0x00007fffeef6f000 	C:\Program Files\Java\jdk-26.0.2\bin\java.dll
0x00007ff8251b0000 - 0x00007ff82534a000 	C:\windows\System32\ole32.dll
0x00007ff8242f0000 - 0x00007ff824a88000 	C:\windows\System32\SHELL32.dll
0x00007ff821010000 - 0x00007ff8218be000 	C:\windows\SYSTEM32\windows.storage.dll
0x00007ff8261f0000 - 0x00007ff8262eb000 	C:\windows\System32\SHCORE.dll
0x00007ff824e50000 - 0x00007ff824eb6000 	C:\windows\System32\shlwapi.dll
0x00007ff823500000 - 0x00007ff823529000 	C:\windows\SYSTEM32\profapi.dll
0x00007fffe3fd0000 - 0x00007fffe3fe6000 	C:\Program Files\Java\jdk-26.0.2\bin\zip.dll
0x00007fffe0ef0000 - 0x00007fffe0f02000 	C:\Program Files\Java\jdk-26.0.2\bin\net.dll
0x00007ff822870000 - 0x00007ff8228dc000 	C:\windows\system32\mswsock.dll
0x00007fffdfe00000 - 0x00007fffdfe16000 	C:\Program Files\Java\jdk-26.0.2\bin\nio.dll
0x00007ffffecb0000 - 0x00007ffffecc0000 	C:\Program Files\Java\jdk-26.0.2\bin\verify.dll
0x00007ff8009d0000 - 0x00007ff8009f7000 	C:\Users\NGUYEN THUY NGAN\.gradle\native\660c5614fbf4a5f2a75b1949f50a0caf5cd603558e7d8a26e50b933a0cfb79d1\windows-amd64\native-platform.dll
0x00007fffef380000 - 0x00007fffef3f7000 	C:\Users\NGUYEN THUY NGAN\.gradle\native\0.2.8\x86_64-windows-gnu\gradle-fileevents.dll
0x00007ffffe920000 - 0x00007ffffe92a000 	C:\Program Files\Java\jdk-26.0.2\bin\management.dll
0x00007fffeec70000 - 0x00007fffeec7c000 	C:\Program Files\Java\jdk-26.0.2\bin\management_ext.dll
0x00007ff8242b0000 - 0x00007ff8242b8000 	C:\windows\System32\PSAPI.DLL
0x00007ff821c80000 - 0x00007ff821cb3000 	C:\windows\SYSTEM32\IPHLPAPI.DLL
0x00007ff825040000 - 0x00007ff82504a000 	C:\windows\System32\NSI.dll
0x00007fffeec10000 - 0x00007fffeec19000 	C:\Program Files\Java\jdk-26.0.2\bin\extnet.dll
0x00007ff822b80000 - 0x00007ff822b9b000 	C:\windows\SYSTEM32\CRYPTSP.dll
0x00007ff822210000 - 0x00007ff822249000 	C:\windows\system32\rsaenh.dll
0x00007ff822920000 - 0x00007ff822954000 	C:\windows\SYSTEM32\USERENV.dll
0x00007ff8234d0000 - 0x00007ff8234fa000 	C:\windows\SYSTEM32\bcrypt.dll
0x00007ff822b60000 - 0x00007ff822b6c000 	C:\windows\SYSTEM32\CRYPTBASE.dll
0x00007fffeea40000 - 0x00007fffeea4e000 	C:\Program Files\Java\jdk-26.0.2\bin\sunmscapi.dll
0x00007ff823c30000 - 0x00007ff823dae000 	C:\windows\System32\CRYPT32.dll
0x00007ff822da0000 - 0x00007ff822dd0000 	C:\windows\SYSTEM32\ncrypt.dll
0x00007ff822d50000 - 0x00007ff822d8f000 	C:\windows\SYSTEM32\NTASN1.dll
0x00007ffff1250000 - 0x00007ffff1258000 	C:\windows\system32\wshunix.dll

JVMTI agents:
C:\Users\NGUYEN THUY NGAN\.gradle\wrapper\dists\gradle-9.5.0-bin\bvnork1r7n8i6kp5cnkibsc9q\gradle-9.5.0\lib\agents\gradle-instrumentation-agent-9.5.0.jar path:C:\Program Files\Java\jdk-26.0.2\bin\instrument.dll, loaded, initialized, instrumentlib options:none

dbghelp: loaded successfully - version: 4.0.5 - missing functions: none
symbol engine: initialized successfully - sym options: 0x614 - pdb path: .;C:\Program Files\Java\jdk-26.0.2\bin;C:\windows\SYSTEM32;C:\windows\WinSxS\amd64_microsoft.windows.common-controls_6595b64144ccf1df_6.0.26100.9278_none_3e0d1ba8e3303201;C:\Program Files\Java\jdk-26.0.2\bin\server;C:\Users\NGUYEN THUY NGAN\.gradle\native\660c5614fbf4a5f2a75b1949f50a0caf5cd603558e7d8a26e50b933a0cfb79d1\windows-amd64;C:\Users\NGUYEN THUY NGAN\.gradle\native\0.2.8\x86_64-windows-gnu

VM Arguments:
jvm_args: --add-opens=java.base/java.lang=ALL-UNNAMED --add-opens=java.base/java.lang.invoke=ALL-UNNAMED --add-opens=java.base/java.util=ALL-UNNAMED --add-opens=java.prefs/java.util.prefs=ALL-UNNAMED --add-exports=jdk.compiler/com.sun.tools.javac.api=ALL-UNNAMED --add-exports=jdk.compiler/com.sun.tools.javac.util=ALL-UNNAMED --add-opens=java.base/java.nio.charset=ALL-UNNAMED --add-opens=java.base/java.net=ALL-UNNAMED --add-opens=java.base/java.util.concurrent=ALL-UNNAMED --add-opens=java.base/java.util.concurrent.atomic=ALL-UNNAMED --add-opens=java.xml/javax.xml.namespace=ALL-UNNAMED --add-opens=java.base/java.time=ALL-UNNAMED --enable-native-access=ALL-UNNAMED -Xmx2048m -Dfile.encoding=UTF-8 -Duser.country=US -Duser.language=en -Duser.variant -javaagent:C:\Users\NGUYEN THUY NGAN\.gradle\wrapper\dists\gradle-9.5.0-bin\bvnork1r7n8i6kp5cnkibsc9q\gradle-9.5.0\lib\agents\gradle-instrumentation-agent-9.5.0.jar 
java_command: org.gradle.launcher.daemon.bootstrap.GradleDaemon 9.5.0
java_class_path (initial): C:\Users\NGUYEN THUY NGAN\.gradle\wrapper\dists\gradle-9.5.0-bin\bvnork1r7n8i6kp5cnkibsc9q\gradle-9.5.0\lib\gradle-daemon-main-9.5.0.jar
Launcher Type: SUN_STANDARD

[Global flags]
     bool AOTAdapterCaching                        = false                                  {diagnostic} {ergonomic}
     bool AOTInvokeDynamicLinking                  = false                                  {diagnostic} {ergonomic}
     bool AOTRecordTraining                        = false                                  {diagnostic} {ergonomic}
     bool AOTReplayTraining                        = false                                  {diagnostic} {ergonomic}
     bool AOTStubCaching                           = false                                  {diagnostic} {ergonomic}
     intx CICompilerCount                          = 4                                         {product} {ergonomic}
     uint ConcGCThreads                            = 3                                         {product} {ergonomic}
     uint G1ConcRefinementThreads                  = 10                                        {product} {ergonomic}
     uint G1EagerReclaimRemSetThreshold            = 10                                   {experimental} {ergonomic}
   size_t G1HeapRegionSize                         = 1048576                                   {product} {ergonomic}
     uint G1RemSetArrayOfCardsEntries              = 10                                   {experimental} {ergonomic}
     uint G1RemSetHowlMaxNumBuckets                = 8                                    {experimental} {ergonomic}
     uint G1RemSetHowlNumBuckets                   = 4                                    {experimental} {ergonomic}
   size_t InitialHeapSize                          = 8388608                                   {product} {ergonomic}
     bool IntelJccErratumMitigation                = false                             {ARCH diagnostic} {ergonomic}
   size_t MarkStackSize                            = 4194304                                   {product} {ergonomic}
   size_t MarkStackSizeMax                         = 536870912                                 {product} {ergonomic}
   size_t MaxHeapSize                              = 2147483648                                {product} {command line}
   size_t MaxNewSize                               = 1287651328                                {product} {ergonomic}
 uint64_t MaxRAM                                   = 16849256448                               {product} {ergonomic}
   size_t MinHeapDeltaBytes                        = 1048576                                   {product} {ergonomic}
   size_t MinHeapSize                              = 8388608                                   {product} {ergonomic}
   size_t NonNMethodCodeHeapSize                   = 5898240                                {pd product} {ergonomic}
   size_t NonProfiledCodeHeapSize                  = 122945536                              {pd product} {ergonomic}
   size_t ProfiledCodeHeapSize                     = 122945536                              {pd product} {ergonomic}
   size_t ReservedCodeCacheSize                    = 251789312                              {pd product} {ergonomic}
     bool SegmentedCodeCache                       = true                                      {product} {ergonomic}
   size_t SoftMaxHeapSize                          = 2147483648                             {manageable} {ergonomic}
     bool UseCompressedOops                        = true                           {product lp64_product} {ergonomic}
     bool UseCondCardMark                          = true                                      {product} {ergonomic}
     bool UseFastUnorderedTimeStamps               = true                                 {experimental} {ergonomic}
     bool UseG1GC                                  = true                                      {product} {ergonomic}
     bool UseLargePagesIndividualAllocation        = false                                  {pd product} {ergonomic}
      int X86ICacheSync                            = 3                                 {ARCH diagnostic} {ergonomic}

Logging:
Log output configuration:
 #0: stdout all=warning uptime,level,tags foldmultilines=false
 #1: stderr all=off uptime,level,tags foldmultilines=false

Release file:
IMPLEMENTOR="Oracle Corporation" 
JAVA_RUNTIME_VERSION="26.0.2+10-55" 
JAVA_VERSION="26.0.2" 
JAVA_VERSION_DATE="2026-07-21" 
LIBC="default" 
MODULES="java.base java.compiler java.datatransfer java.xml java.prefs java.desktop java.instrument java.logging java.management java.security.sasl java.naming java.rmi java.management.rmi java.net.http java.scripting java.security.jgss java.transaction.xa java.sql java.sql.rowset java.xml.crypto java.se java.smartcardio jdk.accessibility jdk.internal.jvmstat jdk.attach jdk.charsets jdk.internal.opt jdk.zipfs jdk.compiler jdk.crypto.cryptoki jdk.crypto.ec jdk.crypto.mscapi jdk.dynalink jdk.internal.ed jdk.editpad jdk.internal.vm.ci jdk.graal.compiler jdk.graal.compiler.management jdk.hotspot.agent jdk.httpserver jdk.incubator.vector jdk.internal.le jdk.internal.md jdk.jartool jdk.javadoc jdk.jcmd jdk.management jdk.management.agent jdk.jconsole jdk.jdeps jdk.jdwp.agent jdk.jdi jdk.jfr jdk.jlink jdk.jpackage jdk.jshell jdk.jstatd jdk.localedata jdk.management.jfr jdk.naming.dns jdk.naming.rmi jdk.net jdk.nio.mapmode jdk.sctp jdk.security.auth jdk.security.jgss jdk.unsupported jdk.unsupported.desktop jdk.xml.dom" 
OS_ARCH="x86_64" 
OS_NAME="Windows" 
SOURCE=".:git:28b9aeff05f1 open:git:fa67dfdcec4b" 

Environment Variables:
PATH=C:\Program Files\Common Files\Oracle\Java\javapath;C:\windows\system32;C:\windows;C:\windows\System32\Wbem;C:\windows\System32\WindowsPowerShell\v1.0\;C:\windows\System32\OpenSSH\;C:\Program Files\dotnet\;D:\M?NG MÁY TÍNH\Git\cmd;C:\Program Files\Tailscale\;C:\Program Files\nodejs\;C:\Users\NGUYEN THUY NGAN\AppData\Local\Programs\Python\Python312\Scripts\;C:\Users\NGUYEN THUY NGAN\AppData\Local\Programs\Python\Python312\;C:\Users\NGUYEN THUY NGAN\AppData\Local\Programs\Python\Launcher\;C:\Users\NGUYEN THUY NGAN\AppData\Local\Microsoft\WindowsApps;C:\Users\NGUYEN THUY NGAN\AppData\Local\Programs\Microsoft VS Code\bin;C:\Users\NGUYEN THUY NGAN\AppData\Local\Programs\Antigravity\bin;C:\Users\NGUYEN THUY NGAN\AppData\Roaming\npm;C:\Users\NGUYEN THUY NGAN\AppData\Local\Programs\Antigravity IDE\bin;C:\Users\NGUYEN THUY NGAN\OneDrive\Desktop\MOBILE\IntelliJ IDEA 2026.2.1\bin
USERNAME=NGUYEN THUY NGAN
OS=Windows_NT
PROCESSOR_IDENTIFIER=Intel64 Family 6 Model 186 Stepping 3, GenuineIntel
TMP=C:\Users\NGUYEN~1\AppData\Local\Temp
TEMP=C:\Users\NGUYEN~1\AppData\Local\Temp




Compilation memory statistics disabled.

Periodic native trim disabled

---------------  S Y S T E M  ---------------

OS:
 Windows 11 , 64 bit Build 26100 (10.0.26100.9444)
OS uptime: 4 days 5:34 hours
Hyper-V role detected

CPU: total 12 (initial active 12) (hybrid) family 6 model 186 stepping 3 microcode 0x6134, cx8, cmov, fxsr, ht, mmx, 3dnowpref, sse, sse2, sse3, ssse3, sse4.1, sse4.2, popcnt, lzcnt, tsc, tscinvbit, avx, avx2, aes, erms, clmul, bmi1, bmi2, adx, sha, fma, vzeroupper, clflush, clflushopt, clwb, hv, serialize, rdtscp, rdpid, fsrm, gfni, f16c, cet_ibt, cet_ss, hybrid
Processor Information for the first 12 processors :
  Max Mhz: 1700, Current Mhz: 1700, Mhz Limit: 1700

Memory: 4k page, system-wide physical 16068M (2440M free)
TotalPageFile size 22212M (AvailPageFile size 5M)
current process WorkingSet (physical memory assigned to process): 193M, peak: 193M
current process commit charge ("private bytes"): 259M, peak: 275M

vm_info: Java HotSpot(TM) 64-Bit Server VM (26.0.2+10-55) for windows-amd64 JRE (26.0.2+10-55), built on 2026-06-17T09:18:01Z with MS VC++ 17.13 (VS2022)

END.
