#
# There is insufficient memory for the Java Runtime Environment to continue.
# Native memory allocation (malloc) failed to allocate 1048576 bytes. Error detail: AllocateHeap
# Possible reasons:
#   The system is out of physical RAM or swap space
#   This process is running with CompressedOops enabled, and the Java Heap may be blocking the growth of the native heap
# Possible solutions:
#   Reduce memory load on the system
#   Increase physical memory or swap space
#   Check if swap backing store is full
#   Decrease Java heap size (-Xmx/-Xms)
#   Decrease number of Java threads
#   Decrease Java thread stack sizes (-Xss)
#   Set larger code cache with -XX:ReservedCodeCacheSize=
#   JVM is running with Unscaled Compressed Oops mode in which the Java heap is
#     placed in the first 4GB address space. The Java Heap base address is the
#     maximum limit for the native heap growth. Please use -XX:HeapBaseMinAddress
#     to set the Java Heap base and to place the Java Heap above 4GB virtual address.
# This output file may be truncated or incomplete.
#
#  Out of Memory Error (allocation.cpp:44), pid=30132, tid=31148
#
# JRE version:  (21.0.12.1+1) (build )
# Java VM: OpenJDK 64-Bit Server VM (21.0.12.1+1-LTS, mixed mode, sharing, tiered, compressed oops, compressed class ptrs, parallel gc, windows-amd64)
# No core dump will be written. Minidumps are not enabled by default on client versions of Windows
#

---------------  S U M M A R Y ------------

Command Line: --add-modules=ALL-SYSTEM --add-opens=java.base/java.util=ALL-UNNAMED --add-opens=java.base/java.lang=ALL-UNNAMED --add-opens=java.base/sun.nio.fs=ALL-UNNAMED -Declipse.application=org.eclipse.jdt.ls.core.id1 -Dosgi.bundles.defaultStartLevel=4 -Declipse.product=org.eclipse.jdt.ls.core.product -Djava.import.generatesMetadataFilesAtProjectRoot=false -Dm2e.project.cache.size=50 -DDetectVMInstallationsJob.disabled=true -Dfile.encoding=utf8 -XX:+UseParallelGC -XX:GCTimeRatio=4 -XX:AdaptiveSizePolicyWeight=90 -Dsun.zip.disableMemoryMapping=true -Xmx2G -Xms100m -Xlog:disable -javaagent:c:\Users\NGUYEN THUY NGAN\.antigravity-ide\extensions\redhat.java-1.56.0-win32-x64\lombok\lombok-1.18.39-4050.jar -XX:+HeapDumpOnOutOfMemoryError -XX:HeapDumpPath=c:\Users\NGUYEN THUY NGAN\AppData\Roaming\Antigravity IDE\User\workspaceStorage\391c46ba826a0c25757ba3b2896ac83f\redhat.java -Daether.dependencyCollector.impl=bf c:\Users\NGUYEN THUY NGAN\.antigravity-ide\extensions\redhat.java-1.56.0-win32-x64\server\plugins\org.eclipse.equinox.launcher_1.8.0.v20260804-1928.jar -configuration c:\Users\NGUYEN THUY NGAN\AppData\Roaming\Antigravity IDE\User\globalStorage\redhat.java\1.56.0\config_win -data c:\Users\NGUYEN THUY NGAN\AppData\Roaming\Antigravity IDE\User\workspaceStorage\391c46ba826a0c25757ba3b2896ac83f\redhat.java\jdt_ws --stdio

Host: 13th Gen Intel(R) Core(TM) i7-1355U, 12 cores, 15G,  Windows 11 , 64 bit Build 26100 (10.0.26100.9444)
Time: Tue Sep 15 14:50:30 2026 SE Asia Standard Time elapsed time: 0.065955 seconds (0d 0h 0m 0s)

---------------  T H R E A D  ---------------

Current thread (0x000001e45f0aa8d0):  JavaThread "Unknown thread" [_thread_in_vm, id=31148, stack(0x0000006f7bc00000,0x0000006f7bd00000) (1024K)]

Stack: [0x0000006f7bc00000,0x0000006f7bd00000]
Native frames: (J=compiled Java code, j=interpreted, Vv=VM code, C=native code)
V  [jvm.dll+0x6d83e9]
V  [jvm.dll+0x8b5736]
V  [jvm.dll+0x8b7cee]
V  [jvm.dll+0x8b83d3]
V  [jvm.dll+0x284596]
V  [jvm.dll+0xc13c7]
V  [jvm.dll+0x715b0d]
V  [jvm.dll+0x7161cc]
V  [jvm.dll+0x6e6f78]
V  [jvm.dll+0x87fd8c]
V  [jvm.dll+0x3c4f4c]
V  [jvm.dll+0x868a4b]
V  [jvm.dll+0x458071]
V  [jvm.dll+0x459c61]
C  [jli.dll+0x52dc]
C  [ucrtbase.dll+0x2cd30]
C  [KERNEL32.DLL+0x2cd87]
C  [ntdll.dll+0xacaec]


---------------  P R O C E S S  ---------------

Threads class SMR info:
_java_thread_list=0x000001e45f117370, length=1, elements={
0x000001e45f0aa8d0
}

Java Threads: ( => current thread )
=>0x000001e45f0aa8d0 JavaThread "Unknown thread"             [_thread_in_vm, id=31148, stack(0x0000006f7bc00000,0x0000006f7bd00000) (1024K)]
Total: 1

Other Threads:
  0x000001e45ef3ca00 WatcherThread "VM Periodic Task Thread"        [id=30884, stack(0x0000006f7be00000,0x0000006f7bf00000) (1024K)]
  0x000001e45f0c9230 WorkerThread "GC Thread#0"                     [id=5504, stack(0x0000006f7bd00000,0x0000006f7be00000) (1024K)]
Total: 2

Threads with active compile tasks:
Total: 0

VM state: not at safepoint (normal execution)

VM Mutex/Monitor currently owned by a thread: None

Heap address: 0x0000000080000000, size: 2048 MB, Compressed Oops mode: 32-bit

CDS archive(s) mapped at: [0x000001e400000000-0x000001e400ba0000-0x000001e400ba0000), size 12189696, SharedBaseAddress: 0x000001e400000000, ArchiveRelocationMode: 1.
Compressed class space mapped at: 0x000001e401000000-0x000001e441000000, reserved size: 1073741824
Narrow klass base: 0x000001e400000000, Narrow klass shift: 0, Narrow klass range: 0x100000000

GC Precious Log:
 CardTable entry size: 512
 CPUs: 12 total, 12 available
 Memory: 16068M
 Large Page Support: Disabled
 NUMA Support: Disabled
 Compressed Oops: Enabled (32-bit)
 Alignments: Space 512K, Generation 512K, Heap 2M
 Heap Min Capacity: 100M
 Heap Initial Capacity: 100M
 Heap Max Capacity: 2G
 Pre-touch: Disabled
 Parallel Workers: 10

Heap:
 PSYoungGen      total 29696K, used 512K [0x00000000d5580000, 0x00000000d7680000, 0x0000000100000000)
  eden space 25600K, 2% used [0x00000000d5580000,0x00000000d5600020,0x00000000d6e80000)
  from space 4096K, 0% used [0x00000000d7280000,0x00000000d7280000,0x00000000d7680000)
  to   space 4096K, 0% used [0x00000000d6e80000,0x00000000d6e80000,0x00000000d7280000)
 ParOldGen       total 68608K, used 0K [0x0000000080000000, 0x0000000084300000, 0x00000000d5580000)
  object space 68608K, 0% used [0x0000000080000000,0x0000000080000000,0x0000000084300000)
 Metaspace       used 0K, committed 0K, reserved 1048576K
  class space    used 0K, committed 0K, reserved 1048576K

Card table byte_map: [0x000001e45ea50000,0x000001e45ee60000] _byte_map_base: 0x000001e45e650000

Marking Bits: (ParMarkBitMap*) 0x00007fff84a344a0
 Begin Bits: [0x000001e471560000, 0x000001e473560000)
 End Bits:   [0x000001e473560000, 0x000001e475560000)

Polling page: 0x000001e45d120000

Metaspace:

Usage:
  Non-class:      0 bytes used.
      Class:      0 bytes used.
       Both:      0 bytes used.

Virtual space:
  Non-class space:        0 bytes reserved,       0 bytes (  ?%) committed,  0 nodes.
      Class space:        1.00 GB reserved,       0 bytes (  0%) committed,  1 nodes.
             Both:        1.00 GB reserved,       0 bytes (  0%) committed. 

Chunk freelists:
   Non-Class:  0 bytes
       Class:  16.00 MB
        Both:  16.00 MB

MaxMetaspaceSize: unlimited
CompressedClassSpaceSize: 1.00 GB
Initial GC threshold: 21.00 MB
Current GC threshold: 17179869184.00 GB
CDS: on
 - commit_granule_bytes: 65536.
 - commit_granule_words: 8192.
 - virtual_space_node_default_size: 8388608.
 - enlarge_chunks_in_place: 1.
 - use_allocation_guard: 0.


Internal statistics:

num_allocs_failed_limit: 0.
num_arena_births: 0.
num_arena_deaths: 0.
num_vsnodes_births: 1.
num_vsnodes_deaths: 0.
num_space_committed: 0.
num_space_uncommitted: 0.
num_chunks_returned_to_freelist: 0.
num_chunks_taken_from_freelist: 1.
num_chunk_merges: 0.
num_chunk_splits: 1.
num_chunks_enlarged: 0.
num_inconsistent_stats: 0.

CodeHeap 'non-profiled nmethods': size=120000Kb used=0Kb max_used=0Kb free=120000Kb
 bounds [0x000001e469d80000, 0x000001e469ff0000, 0x000001e4712b0000]
CodeHeap 'profiled nmethods': size=120000Kb used=0Kb max_used=0Kb free=120000Kb
 bounds [0x000001e4622b0000, 0x000001e462520000, 0x000001e4697e0000]
CodeHeap 'non-nmethods': size=5760Kb used=194Kb max_used=342Kb free=5565Kb
 bounds [0x000001e4697e0000, 0x000001e469a50000, 0x000001e469d80000]
CodeCache: size=245760Kb, used=194Kb, max_used=342Kb, free=245565Kb
 total_blobs=70, nmethods=0, adapters=48, full_count=0
Compilation: enabled, stopped_count=0, restarted_count=0

Compilation events (0 events):
No events

GC Heap History (0 events):
No events

Dll operation events (2 events):
Event: 0.021 Attempting to load shared library c:\Users\NGUYEN THUY NGAN\.antigravity-ide\extensions\redhat.java-1.56.0-win32-x64\jre\21.0.12.1-win32-x86_64\bin\java.dll
Event: 0.021 Loaded shared library c:\Users\NGUYEN THUY NGAN\.antigravity-ide\extensions\redhat.java-1.56.0-win32-x64\jre\21.0.12.1-win32-x86_64\bin\java.dll

Deoptimization events (0 events):
No events

Classes loaded (0 events):
No events

Classes unloaded (0 events):
No events

Classes redefined (0 events):
No events

Internal exceptions (0 events):
No events

ZGC Phase Switch (0 events):
No events

VM Operations (0 events):
No events

Memory protections (0 events):
No events

Nmethod flushes (0 events):
No events

Events (1 events):
Event: 0.059 Thread 0x000001e45f0aa8d0 Thread added: 0x000001e45f0aa8d0


Dynamic libraries:
0x00007ff6c98f0000 - 0x00007ff6c98fe000 	c:\Users\NGUYEN THUY NGAN\.antigravity-ide\extensions\redhat.java-1.56.0-win32-x64\jre\21.0.12.1-win32-x86_64\bin\java.exe
0x00007ff8263e0000 - 0x00007ff826647000 	C:\windows\SYSTEM32\ntdll.dll
0x00007ff824d80000 - 0x00007ff824e4b000 	C:\windows\System32\KERNEL32.DLL
0x00007ff8235e0000 - 0x00007ff8239e2000 	C:\windows\System32\KERNELBASE.dll
0x00007ff823fa0000 - 0x00007ff8240ec000 	C:\windows\System32\ucrtbase.dll
0x00007ff803db0000 - 0x00007ff803dc8000 	c:\Users\NGUYEN THUY NGAN\.antigravity-ide\extensions\redhat.java-1.56.0-win32-x64\jre\21.0.12.1-win32-x86_64\bin\jli.dll
0x00007ff803af0000 - 0x00007ff803b0e000 	c:\Users\NGUYEN THUY NGAN\.antigravity-ide\extensions\redhat.java-1.56.0-win32-x64\jre\21.0.12.1-win32-x86_64\bin\VCRUNTIME140.dll
0x00007ff825350000 - 0x00007ff82551f000 	C:\windows\System32\USER32.dll
0x00007ff823a80000 - 0x00007ff823aa7000 	C:\windows\System32\win32u.dll
0x00007ff80a530000 - 0x00007ff80a7c0000 	C:\windows\WinSxS\amd64_microsoft.windows.common-controls_6595b64144ccf1df_6.0.26100.9278_none_3e0d1ba8e3303201\COMCTL32.dll
0x00007ff825c10000 - 0x00007ff825c3b000 	C:\windows\System32\GDI32.dll
0x00007ff8262f0000 - 0x00007ff826399000 	C:\windows\System32\msvcrt.dll
0x00007ff823e70000 - 0x00007ff823f99000 	C:\windows\System32\gdi32full.dll
0x00007ff823dc0000 - 0x00007ff823e63000 	C:\windows\System32\msvcp_win.dll
0x00007ff824d40000 - 0x00007ff824d71000 	C:\windows\System32\IMM32.DLL
0x00007ff813e20000 - 0x00007ff813e2c000 	c:\Users\NGUYEN THUY NGAN\.antigravity-ide\extensions\redhat.java-1.56.0-win32-x64\jre\21.0.12.1-win32-x86_64\bin\vcruntime140_1.dll
0x00007fffffe00000 - 0x00007fffffe8d000 	c:\Users\NGUYEN THUY NGAN\.antigravity-ide\extensions\redhat.java-1.56.0-win32-x64\jre\21.0.12.1-win32-x86_64\bin\msvcp140.dll
0x00007fff83d70000 - 0x00007fff84b12000 	c:\Users\NGUYEN THUY NGAN\.antigravity-ide\extensions\redhat.java-1.56.0-win32-x64\jre\21.0.12.1-win32-x86_64\bin\server\jvm.dll
0x00007ff824c70000 - 0x00007ff824d2c000 	C:\windows\System32\ADVAPI32.dll
0x00007ff8257b0000 - 0x00007ff825859000 	C:\windows\System32\sechost.dll
0x00007ff824190000 - 0x00007ff8242a8000 	C:\windows\System32\RPCRT4.dll
0x00007ff824f20000 - 0x00007ff824fa0000 	C:\windows\System32\WS2_32.dll
0x00007ff811920000 - 0x00007ff81192b000 	C:\windows\SYSTEM32\VERSION.dll
0x00007ff81d990000 - 0x00007ff81d9c6000 	C:\windows\SYSTEM32\WINMM.dll
0x00007ff823440000 - 0x00007ff82349e000 	C:\windows\SYSTEM32\POWRPROF.dll
0x00007ff823420000 - 0x00007ff823435000 	C:\windows\SYSTEM32\UMPDC.dll
0x00007ff8222b0000 - 0x00007ff8222cb000 	C:\windows\SYSTEM32\kernel.appcore.dll
0x00007ff813670000 - 0x00007ff81367a000 	c:\Users\NGUYEN THUY NGAN\.antigravity-ide\extensions\redhat.java-1.56.0-win32-x64\jre\21.0.12.1-win32-x86_64\bin\jimage.dll
0x00007ff8209f0000 - 0x00007ff820c3c000 	C:\windows\SYSTEM32\DBGHELP.DLL
0x00007ff825880000 - 0x00007ff825c05000 	C:\windows\System32\combase.dll
0x00007ff825650000 - 0x00007ff825729000 	C:\windows\System32\OLEAUT32.dll
0x00007ffff1260000 - 0x00007ffff129b000 	C:\windows\SYSTEM32\dbgcore.DLL
0x00007ff823b70000 - 0x00007ff823c1c000 	C:\windows\System32\bcryptPrimitives.dll
0x00007ff803dd0000 - 0x00007ff803ddf000 	c:\Users\NGUYEN THUY NGAN\.antigravity-ide\extensions\redhat.java-1.56.0-win32-x64\jre\21.0.12.1-win32-x86_64\bin\instrument.dll
0x00007ff803de0000 - 0x00007ff803e00000 	c:\Users\NGUYEN THUY NGAN\.antigravity-ide\extensions\redhat.java-1.56.0-win32-x64\jre\21.0.12.1-win32-x86_64\bin\java.dll

JVMTI agents:
c:\Users\NGUYEN THUY NGAN\.antigravity-ide\extensions\redhat.java-1.56.0-win32-x64\lombok\lombok-1.18.39-4050.jar path:none, loaded, not initialized, instrumentlib options:none

dbghelp: loaded successfully - version: 4.0.5 - missing functions: none
symbol engine: initialized successfully - sym options: 0x614 - pdb path: .;c:\Users\NGUYEN THUY NGAN\.antigravity-ide\extensions\redhat.java-1.56.0-win32-x64\jre\21.0.12.1-win32-x86_64\bin;C:\windows\SYSTEM32;C:\windows\WinSxS\amd64_microsoft.windows.common-controls_6595b64144ccf1df_6.0.26100.9278_none_3e0d1ba8e3303201;c:\Users\NGUYEN THUY NGAN\.antigravity-ide\extensions\redhat.java-1.56.0-win32-x64\jre\21.0.12.1-win32-x86_64\bin\server

VM Arguments:
jvm_args: --add-modules=ALL-SYSTEM --add-opens=java.base/java.util=ALL-UNNAMED --add-opens=java.base/java.lang=ALL-UNNAMED --add-opens=java.base/sun.nio.fs=ALL-UNNAMED -Declipse.application=org.eclipse.jdt.ls.core.id1 -Dosgi.bundles.defaultStartLevel=4 -Declipse.product=org.eclipse.jdt.ls.core.product -Djava.import.generatesMetadataFilesAtProjectRoot=false -Dm2e.project.cache.size=50 -DDetectVMInstallationsJob.disabled=true -Dfile.encoding=utf8 -XX:+UseParallelGC -XX:GCTimeRatio=4 -XX:AdaptiveSizePolicyWeight=90 -Dsun.zip.disableMemoryMapping=true -Xmx2G -Xms100m -Xlog:disable -javaagent:c:\Users\NGUYEN THUY NGAN\.antigravity-ide\extensions\redhat.java-1.56.0-win32-x64\lombok\lombok-1.18.39-4050.jar -XX:+HeapDumpOnOutOfMemoryError -XX:HeapDumpPath=c:\Users\NGUYEN THUY NGAN\AppData\Roaming\Antigravity IDE\User\workspaceStorage\391c46ba826a0c25757ba3b2896ac83f\redhat.java -Daether.dependencyCollector.impl=bf 
java_command: c:\Users\NGUYEN THUY NGAN\.antigravity-ide\extensions\redhat.java-1.56.0-win32-x64\server\plugins\org.eclipse.equinox.launcher_1.8.0.v20260804-1928.jar -configuration c:\Users\NGUYEN THUY NGAN\AppData\Roaming\Antigravity IDE\User\globalStorage\redhat.java\1.56.0\config_win -data c:\Users\NGUYEN THUY NGAN\AppData\Roaming\Antigravity IDE\User\workspaceStorage\391c46ba826a0c25757ba3b2896ac83f\redhat.java\jdt_ws --stdio
java_class_path (initial): c:\Users\NGUYEN THUY NGAN\.antigravity-ide\extensions\redhat.java-1.56.0-win32-x64\server\plugins\org.eclipse.equinox.launcher_1.8.0.v20260804-1928.jar
Launcher Type: SUN_STANDARD

[Global flags]
    uintx AdaptiveSizePolicyWeight                 = 90                                        {product} {command line}
     intx CICompilerCount                          = 4                                         {product} {ergonomic}
    uintx GCTimeRatio                              = 4                                         {product} {command line}
     bool HeapDumpOnOutOfMemoryError               = true                                   {manageable} {command line}
    ccstr HeapDumpPath                             = c:\Users\NGUYEN THUY NGAN\AppData\Roaming\Antigravity IDE\User\workspaceStorage\391c46ba826a0c25757ba3b2896ac83f\redhat.java         {manageable} {command line}
   size_t InitialHeapSize                          = 104857600                                 {product} {command line}
   size_t MaxHeapSize                              = 2147483648                                {product} {command line}
   size_t MaxNewSize                               = 715653120                                 {product} {ergonomic}
   size_t MinHeapDeltaBytes                        = 524288                                    {product} {ergonomic}
   size_t MinHeapSize                              = 104857600                                 {product} {command line}
   size_t NewSize                                  = 34603008                                  {product} {ergonomic}
    uintx NonNMethodCodeHeapSize                   = 5839372                                {pd product} {ergonomic}
    uintx NonProfiledCodeHeapSize                  = 122909434                              {pd product} {ergonomic}
   size_t OldSize                                  = 70254592                                  {product} {ergonomic}
    uintx ProfiledCodeHeapSize                     = 122909434                              {pd product} {ergonomic}
    uintx ReservedCodeCacheSize                    = 251658240                              {pd product} {ergonomic}
     bool SegmentedCodeCache                       = true                                      {product} {ergonomic}
   size_t SoftMaxHeapSize                          = 2147483648                             {manageable} {ergonomic}
     bool UseCompressedOops                        = true                           {product lp64_product} {ergonomic}
     bool UseLargePagesIndividualAllocation        = false                                  {pd product} {ergonomic}
     bool UseParallelGC                            = true                                      {product} {command line}

Logging:
Log output configuration:
 #0: stdout all=off uptime,level,tags foldmultilines=false
 #1: stderr all=off uptime,level,tags foldmultilines=false

Release file:
<release file has not been read>
Environment Variables:
PATH=C:\Program Files\Common Files\Oracle\Java\javapath;C:\windows\system32;C:\windows;C:\windows\System32\Wbem;C:\windows\System32\WindowsPowerShell\v1.0\;C:\windows\System32\OpenSSH\;C:\Program Files\dotnet\;D:\M?NG MÁY TÍNH\Git\cmd;C:\Program Files\Tailscale\;C:\Program Files\nodejs\;C:\Users\NGUYEN THUY NGAN\AppData\Local\Programs\Python\Python312\Scripts\;C:\Users\NGUYEN THUY NGAN\AppData\Local\Programs\Python\Python312\;C:\Users\NGUYEN THUY NGAN\AppData\Local\Programs\Python\Launcher\;C:\Users\NGUYEN THUY NGAN\AppData\Local\Microsoft\WindowsApps;C:\Users\NGUYEN THUY NGAN\AppData\Local\Programs\Microsoft VS Code\bin;C:\Users\NGUYEN THUY NGAN\AppData\Local\Programs\Antigravity\bin;C:\Users\NGUYEN THUY NGAN\AppData\Roaming\npm;C:\Users\NGUYEN THUY NGAN\AppData\Local\Programs\Antigravity IDE\bin;C:\Users\NGUYEN THUY NGAN\OneDrive\Desktop\MOBILE\IntelliJ IDEA 2026.2.1\bin
USERNAME=NGUYEN THUY NGAN
OS=Windows_NT
PROCESSOR_IDENTIFIER=Intel64 Family 6 Model 186 Stepping 3, GenuineIntel
TMP=C:\Users\NGUYEN~1\AppData\Local\Temp
TEMP=C:\Users\NGUYEN~1\AppData\Local\Temp




Periodic native trim disabled

---------------  S Y S T E M  ---------------

OS:
 Windows 11 , 64 bit Build 26100 (10.0.26100.9444)
OS uptime: 4 days 5:38 hours
Hyper-V role detected

CPU: total 12 (initial active 12) (6 cores per cpu, 2 threads per core) family 6 model 186 stepping 3 microcode 0x6134, cx8, cmov, fxsr, ht, mmx, 3dnowpref, sse, sse2, sse3, ssse3, sse4.1, sse4.2, popcnt, lzcnt, tsc, tscinvbit, avx, avx2, aes, erms, clmul, bmi1, bmi2, adx, sha, fma, vzeroupper, clflush, clflushopt, clwb, hv, serialize, rdtscp, rdpid, fsrm, f16c, cet_ibt, cet_ss
Processor Information for processor 0
  Max Mhz: 1700, Current Mhz: 1700, Mhz Limit: 1700
Processor Information for processor 1
  Max Mhz: 1700, Current Mhz: 1700, Mhz Limit: 1700
Processor Information for processor 2
  Max Mhz: 1700, Current Mhz: 1700, Mhz Limit: 1700
Processor Information for processor 3
  Max Mhz: 1700, Current Mhz: 1700, Mhz Limit: 1700
Processor Information for processor 4
  Max Mhz: 1700, Current Mhz: 1700, Mhz Limit: 1700
Processor Information for processor 5
  Max Mhz: 1700, Current Mhz: 1700, Mhz Limit: 1700
Processor Information for processor 6
  Max Mhz: 1700, Current Mhz: 1700, Mhz Limit: 1700
Processor Information for processor 7
  Max Mhz: 1700, Current Mhz: 1558, Mhz Limit: 1700
Processor Information for processor 8
  Max Mhz: 1700, Current Mhz: 1558, Mhz Limit: 1700
Processor Information for processor 9
  Max Mhz: 1700, Current Mhz: 1700, Mhz Limit: 1700
Processor Information for processor 10
  Max Mhz: 1700, Current Mhz: 1700, Mhz Limit: 1700
Processor Information for processor 11
  Max Mhz: 1700, Current Mhz: 1558, Mhz Limit: 1700

Memory: 4k page, system-wide physical 16068M (2662M free)
TotalPageFile size 22212M (AvailPageFile size 10M)
current process WorkingSet (physical memory assigned to process): 26M, peak: 26M
current process commit charge ("private bytes"): 223M, peak: 224M

vm_info: OpenJDK 64-Bit Server VM (21.0.12.1+1-LTS) for windows-amd64 JRE (21.0.12.1+1-LTS), built on 2026-08-18T00:00:00Z by "admin" with MS VC++ 17.12 (VS2022)

END.
